Component: ARM Compiler 5.06 update 4 (build 422) Tool: armlink [4d35d2]

==============================================================================

Small function inlining results

Inlined function __aeabi_idiv0 from aeabi_idiv0.o at offset 0x154 in aeabi_sdiv.o(.text).
Inlined Instruction: BX       lr
Inlined function __aeabi_idiv0 from aeabi_idiv0.o at offset 0x154 in aeabi_sdiv_div0.o(.text).
Inlined Instruction: BX       lr
Inlined function _fputc$unlocked from fputc.o at offset 0x14 in fputc_locked.o(.text).
Inlined Instruction: BX       lr
Inlined function _platform_pre_stackheap_init from boardinit1.o at offset 0x0 in __rtentry2.o(.ARM.Collect$$rtentry$$00000001).
Inlined Instruction: BX       lr
Inlined function _mutex_initialize from mutex_dummy.o at offset 0x3c in initio_locked.o(.text).
Inlined Instruction: MOVS     r0,#0
Inlined function _mutex_initialize from mutex_dummy.o at offset 0x44 in initio_locked.o(.text).
Inlined Instruction: MOVS     r0,#0
Inlined function _mutex_initialize from mutex_dummy.o at offset 0x4c in initio_locked.o(.text).
Inlined Instruction: MOVS     r0,#0
Inlined function _mutex_initialize from mutex_dummy.o at offset 0x52 in initio_locked.o(.text).
Inlined Instruction: MOVS     r0,#0
Inlined function __Heap_Alloc from heapstubs.o at offset 0xc in malloc.o(.text).
Inlined Instruction: BX       lr
Inlined function __Heap_Free from heapstubs.o at offset 0x10 in free.o(.text).
Inlined Instruction: BX       lr
Inlined function _mutex_initialize from mutex_dummy.o at offset 0x26 in heap2mt.o(i.___Heap_Initialize$realtime$concurrent).
Inlined Instruction: MOVS     r0,#0
Inlined function _fputc$unlocked from fputc.o at offset 0xe in puts_locked.o(.text).
Inlined Instruction: BX       lr
Inlined function _fputc$unlocked from fputc.o at offset 0x22 in puts_locked.o(.text).
Inlined Instruction: BX       lr
Inlined function _mutex_initialize from mutex_dummy.o at offset 0x116 in fopen_locked.o(.text).
Inlined Instruction: MOVS     r0,#0
Inlined function _fp_init from fpinit.o at offset 0x0 in libinit2.o(.ARM.Collect$$libinit$$00000001).
Inlined Instruction: BX       lr
Inlined function _init_user_alloc from init_alloc.o at offset 0x0 in libinit2.o(.ARM.Collect$$libinit$$0000000B).
Inlined Instruction: BX       lr
Inlined function _terminate_user_alloc from init_alloc.o at offset 0x0 in libshutdown2.o(.ARM.Collect$$libshutdown$$0000000B).
Inlined Instruction: BX       lr
Inlined function __rt_heap_expand from heapauxi.o at offset 0xe in init_alloc.o(.text).
Inlined Instruction: BX       lr
Inlined function __rt_heap_escrow from heapauxi.o at offset 0x30 in init_alloc.o(.text).
Inlined Instruction: BX       lr
Inlined function __Heap_DescSize from h1_init.o at offset 0x3a in init_alloc.o(.text).
Inlined Instruction: MOVS     r0,#0x10
Inlined function __rt_heap_expand from heapauxi.o at offset 0x4c in init_alloc.o(.text).
Inlined Instruction: BX       lr
Inlined function _mutex_initialize from mutex_dummy.o at offset 0xc in h1_init_mt.o(.text).
Inlined Instruction: MOVS     r0,#0
Inlined function _fputc$unlocked from fputc.o at offset 0x14 in fputs_locked.o(.text).
Inlined Instruction: BX       lr
Inlined function __ARM_get_argv from no_argv.o at offset 0x2 in argv_veneer.o(.text).
Inlined Instruction: BX       lr
Inlined function _platform_pre_lib_shutdown from boardshut.o at offset 0x0 in rtexit2.o(.ARM.Collect$$rtexit$$00000001).
Inlined Instruction: BX       lr
Inlined function __Heap_Finalize from h1_final.o at offset 0x8 in term_alloc.o(.text).
Inlined Instruction: BX       lr
Inlined total of 26 calls.

==============================================================================

Section Cross References

    main.o(.text) refers to DRVCLK_drvclk_f072.o(i.DrvCLK_GetHclk) for DrvCLK_GetHclk
    main.o(.text) refers to DRVCLK_drvclk_f072.o(i.DrvCLK_GetSrcClkAdc) for DrvCLK_GetSrcClkAdc
    main.o(.text) refers to aeabi_sdiv.o(.text) for __aeabi_uidivmod
    main.o(.text) refers to puts.o(.text) for puts
    main.o(.text) refers to DRVSYS_drvsys.o(i.DrvSYS_UnlockKeyReg) for DrvSYS_UnlockKeyReg
    main.o(.text) refers to adc.o(.text) for init_ADC
    main.o(.text) refers to DRVTIMER_drvtimer.o(i.DrvTimer_WaitMillisecondTmr2) for DrvTimer_WaitMillisecondTmr2
    main.o(.text) refers to sfr.o(.ARM.__AT_0x50000200) for CLK
    main.o(.text) refers to main.o(.conststring) for .conststring
    main.o(.text) refers to sfr.o(.ARM.__AT_0x50000000) for SYS
    main.o(.text) refers to sfr.o(.ARM.__AT_0x50004040) for GPIOB
    adc.o(.text) refers to _printf_percent.o(.ARM.Collect$$_printf_percent$$00000000) for _printf_percent
    adc.o(.text) refers to _printf_x.o(.ARM.Collect$$_printf_percent$$0000000C) for _printf_x
    adc.o(.text) refers to _printf_hex_int.o(.text) for _printf_longlong_hex
    adc.o(.text) refers to noretval__2printf.o(.text) for __2printf
[...]
    h1_extend_mt.o(.text) refers to h1_free_mt.o(.text) for _free_internal
    ftell.o(.text) refers to rt_errno_addr_intlibspace.o(.text) for __aeabi_errno_addr
    __raise.o(.text) refers to defsig.o(CL$$defsig) for __default_signal_handler
    defsig_general.o(.text) refers to sys_wrch.o(.text) for _ttywrch
    defsig_rtmem_outer.o(.text) refers to defsig_rtmem_inner.o(.text) for __rt_SIGRTMEM_inner
    defsig_rtmem_outer.o(.text) refers to defsig_exit.o(.text) for __sig_exit
    defsig_rtmem_formal.o(.text) refers to rt_raise.o(.text) for __rt_raise
    heapauxa.o(.text) refers to heapauxa.o(.data) for .data
    _get_argv_nomalloc.o(.text) refers (Special) to hrguard.o(.text) for __heap_region$guard
    _get_argv_nomalloc.o(.text) refers to defsig_rtmem_outer.o(.text) for __rt_SIGRTMEM
    _get_argv_nomalloc.o(.text) refers to sys_command.o(.text) for _sys_command_string
    sys_wrch.o(.text) refers (Special) to use_no_semi.o(.text) for __I$use$semihosting
    sys_wrch.o(.text) refers (Special) to indicate_semi.o(.text) for __semihosting_library_function
    rt_errno_addr.o(.text) refers to rt_errno_addr.o(.bss) for __aeabi_errno_addr_data
    rt_errno_addr_intlibspace.o(.text) refers to libspace.o(.bss) for __libspace_start
    term_alloc.o(.text) refers (Special) to libshutdown2.o(.ARM.Collect$$libshutdown$$0000000E) for __rt_lib_shutdown_heap_2
    term_alloc.o(.text) refers to rt_heap_descriptor_intlibspace.o(.text) for __rt_heap_descriptor
    defsig_rtmem_inner.o(.text) refers to defsig_general.o(.text) for __default_signal_display
    defsig.o(CL$$defsig) refers to defsig_fpe_inner.o(.text) for __rt_SIGFPE_inner
    defsig.o(CL$$defsig) refers to defsig_rtred_inner.o(.text) for __rt_SIGRTRED_inner
    defsig.o(CL$$defsig) refers to defsig_rtmem_inner.o(.text) for __rt_SIGRTMEM_inner
    libshutdown.o(.ARM.Collect$$libshutdown$$00000000) refers (Special) to libshutdown2.o(.ARM.Collect$$libshutdown$$00000002) for __rt_lib_shutdown_cpp_1
    libshutdown.o(.ARM.Collect$$libshutdown$$00000000) refers (Special) to libshutdown2.o(.ARM.Collect$$libshutdown$$00000007) for __rt_lib_shutdown_fp_trap_1
    libshutdown.o(.ARM.Collect$$libshutdown$$00000000) refers (Special) to libshutdown2.o(.ARM.Collect$$libshutdown$$0000000F) for __rt_lib_shutdown_heap_1
    libshutdown.o(.ARM.Collect$$libshutdown$$00000000) refers (Special) to libshutdown2.o(.ARM.Collect$$libshutdown$$00000010) for __rt_lib_shutdown_return
    libshutdown.o(.ARM.Collect$$libshutdown$$00000000) refers (Special) to libshutdown2.o(.ARM.Collect$$libshutdown$$0000000A) for __rt_lib_shutdown_signal_1
    libshutdown.o(.ARM.Collect$$libshutdown$$00000000) refers (Special) to libshutdown2.o(.ARM.Collect$$libshutdown$$00000004) for __rt_lib_shutdown_stdio_1
    libshutdown.o(.ARM.Collect$$libshutdown$$00000000) refers (Special) to libshutdown2.o(.ARM.Collect$$libshutdown$$0000000C) for __rt_lib_shutdown_user_alloc_1
    defsig_abrt_inner.o(.text) refers to defsig_general.o(.text) for __default_signal_display
    defsig_stak_inner.o(.text) refers to defsig_general.o(.text) for __default_signal_display
    defsig_pvfn_inner.o(.text) refers to defsig_general.o(.text) for __default_signal_display
    defsig_cppl_inner.o(.text) refers to defsig_general.o(.text) for __default_signal_display
    defsig_segv_inner.o(.text) refers to defsig_general.o(.text) for __default_signal_display
    defsig_other.o(.text) refers to defsig_general.o(.text) for __default_signal_display


==============================================================================

Removing Unused input sections from the image.

    Removing core_cm0.o(.emb_text), (32 bytes).
    Removing DRVADC_drvadc.o(i.DrvADC_Close), (36 bytes).
    Removing DRVADC_drvadc.o(i.DrvADC_GetAveCalibrationValue), (12 bytes).
    Removing DRVADC_drvadc.o(i.DrvADC_GetVersion), (8 bytes).
    Removing DRVCLK_drvclk_f072.o(i.DrvCLK_DisableWakeUpInt), (28 bytes).
    Removing DRVCLK_drvclk_f072.o(i.DrvCLK_EnableWakeUpInt), (36 bytes).
    Removing DRVCLK_drvclk_f072.o(i.DrvCLK_GetClkPwm), (44 bytes).
    Removing DRVCLK_drvclk_f072.o(i.DrvCLK_GetClkSrcSPI0), (44 bytes).
    Removing DRVCLK_drvclk_f072.o(i.DrvCLK_GetClkTmrf), (44 bytes).
    Removing DRVCLK_drvclk_f072.o(i.DrvCLK_GetClkWdt), (56 bytes).
    Removing DRVCLK_drvclk_f072.o(i.DrvCLK_GetVersion), (8 bytes).
    Removing DRVSYS_drvsys.o(i.DrvSYS_GetVersion), (8 bytes).
    Removing DRVTIMER_drvtimer.o(i.DrvCLK_GetClkTmr0), (20 bytes).
    Removing DRVTIMER_drvtimer.o(i.DrvCLK_GetClkTmr1), (20 bytes).
    Removing DRVTIMER_drvtimer.o(i.DrvTimer_CloseTmr0), (16 bytes).
    Removing DRVTIMER_drvtimer.o(i.DrvTimer_CloseTmr1), (28 bytes).
    Removing DRVTIMER_drvtimer.o(i.DrvTimer_GetVersion), (8 bytes).
    Removing DRVTIMER_drvtimer.o(i.DrvTimer_OpenTmr0), (40 bytes).
    Removing DRVTIMER_drvtimer.o(i.DrvTimer_OpenTmr1), (48 bytes).
    Removing DRVTIMER_drvtimer.o(i.DrvTimer_WaitMicrosecondTmr0), (56 bytes).
    Removing DRVTIMER_drvtimer.o(i.DrvTimer_WaitMicrosecondTmr1), (60 bytes).
    Removing DRVTIMER_drvtimer.o(i.DrvTimer_WaitMicrosecondTmr2), (56 bytes).
    Removing DRVTIMER_drvtimer.o(i.DrvTimer_WaitMillisecondTmr0), (56 bytes).
    Removing DRVTIMER_drvtimer.o(i.DrvTimer_WaitMillisecondTmr1), (60 bytes).

24 unused section(s) (total 824 bytes) removed from the image.

==============================================================================

Image Symbol Table

    Local Symbols

    Symbol Name                              Value     Ov Type        Size  Object(Section)

    RESET                                    0x00000000   Section      124  startup_n572_keil.o(RESET)
    ../clib/angel/boardlib.s                 0x00000000   Number         0  boardinit1.o ABSOLUTE
    ../clib/angel/boardlib.s                 0x00000000   Number         0  boardshut.o ABSOLUTE
    ../clib/angel/boardlib.s                 0x00000000   Number         0  boardinit3.o ABSOLUTE
    ../clib/angel/boardlib.s                 0x00000000   Number         0  boardinit2.o ABSOLUTE
    ../clib/angel/handlers.s                 0x00000000   Number         0  __scatter_zi.o ABSOLUTE
    ../clib/angel/handlers.s                 0x00000000   Number         0  __scatter_copy.o ABSOLUTE
    ../clib/angel/kernel.s                   0x00000000   Number         0  rtexit.o ABSOLUTE
    ../clib/angel/kernel.s                   0x00000000   Number         0  __rtentry4.o ABSOLUTE
    ../clib/angel/kernel.s                   0x00000000   Number         0  __rtentry2.o ABSOLUTE
    ../clib/angel/kernel.s                   0x00000000   Number         0  rtexit2.o ABSOLUTE
    ../clib/angel/kernel.s                   0x00000000   Number         0  __rtentry.o ABSOLUTE
    ../clib/angel/rt.s                       0x00000000   Number         0  aeabi_idiv0.o ABSOLUTE
    ../clib/angel/rt.s                       0x00000000   Number         0  rt_heap_descriptor_intlibspace.o ABSOLUTE
    ../clib/angel/rt.s                       0x00000000   Number         0  rt_heap_descriptor.o ABSOLUTE
    ../clib/angel/rt.s                       0x00000000   Number         0  rt_raise.o ABSOLUTE
    ../clib/angel/rt.s                       0x00000000   Number         0  rt_errno_addr.o ABSOLUTE
    ../clib/angel/rt.s                       0x00000000   Number         0  rt_div0.o ABSOLUTE
    ../clib/angel/rt.s                       0x00000000   Number         0  rt_errno_addr_intlibspace.o ABSOLUTE
    ../clib/angel/rt.s                       0x00000000   Number         0  aeabi_idiv0_sigfpe.o ABSOLUTE
    ../clib/angel/scatterp.s                 0x00000000   Number         0  __scatter.o ABSOLUTE
    ../clib/angel/startup.s                  0x00000000   Number         0  __main.o ABSOLUTE
    ../clib/angel/sys.s                      0x00000000   Number         0  sys_stackheap_outer.o ABSOLUTE
    ../clib/angel/sys.s                      0x00000000   Number         0  mutex_dummy.o ABSOLUTE
    ../clib/angel/sys.s                      0x00000000   Number         0  tempstk.o ABSOLUTE
    ../clib/angel/sys.s                      0x00000000   Number         0  use_no_semi.o ABSOLUTE
    ../clib/angel/sys.s                      0x00000000   Number         0  libspace.o ABSOLUTE
    ../clib/angel/sys.s                      0x00000000   Number         0  indicate_semi.o ABSOLUTE
    ../clib/angel/sysapp.c                   0x00000000   Number         0  sys_io.o ABSOLUTE
    ../clib/angel/sysapp.c                   0x00000000   Number         0  sys_command.o ABSOLUTE
    ../clib/angel/sysapp.c                   0x00000000   Number         0  sys_exit.o ABSOLUTE
    ../clib/angel/sysapp.c                   0x00000000   Number         0  sys_wrch.o ABSOLUTE
    ../clib/armsys.c                         0x00000000   Number         0  argv_veneer.o ABSOLUTE
    ../clib/armsys.c                         0x00000000   Number         0  _get_argv.o ABSOLUTE
    ../clib/armsys.c                         0x00000000   Number         0  no_argv.o ABSOLUTE
    ../clib/armsys.c                         0x00000000   Number         0  _get_argv_nomalloc.o ABSOLUTE
    ../clib/assert.c                         0x00000000   Number         0  assert_stdio.o ABSOLUTE
    ../clib/division.s                       0x00000000   Number         0  aeabi_sdiv_div0.o ABSOLUTE
    ../clib/division.s                       0x00000000   Number         0  aeabi_sdiv.o ABSOLUTE
    ../clib/heap1.c                          0x00000000   Number         0  h1_extend_mt.o ABSOLUTE
    ../clib/heap1.c                          0x00000000   Number         0  h1_final_mt.o ABSOLUTE
    ../clib/heap1.c                          0x00000000   Number         0  h1_free_mt.o ABSOLUTE
    ../clib/heap1.c                          0x00000000   Number         0  h1_extend.o ABSOLUTE
    ../clib/heap1.c                          0x00000000   Number         0  h1_final.o ABSOLUTE
    ../clib/heap1.c                          0x00000000   Number         0  h1_free.o ABSOLUTE
    ../clib/heap1.c                          0x00000000   Number         0  h1_alloc_mt.o ABSOLUTE
    ../clib/heap1.c                          0x00000000   Number         0  h1_alloc.o ABSOLUTE
    ../clib/heap1.c                          0x00000000   Number         0  h1_init_mt.o ABSOLUTE
    ../clib/heap1.c                          0x00000000   Number         0  h1_init.o ABSOLUTE
    ../clib/heap2.c                          0x00000000   Number         0  heap2.o ABSOLUTE
    ../clib/heap2.c                          0x00000000   Number         0  heap2mt.o ABSOLUTE
    ../clib/heap2.c                          0x00000000   Number         0  fdtree.o ABSOLUTE
    ../clib/heapalloc.c                      0x00000000   Number         0  term_alloc.o ABSOLUTE
    ../clib/heapalloc.c                      0x00000000   Number         0  hguard.o ABSOLUTE
    ../clib/heapalloc.c                      0x00000000   Number         0  heapstubs.o ABSOLUTE
    ../clib/heapalloc.c                      0x00000000   Number         0  maybetermalloc2.o ABSOLUTE
    ../clib/heapalloc.c                      0x00000000   Number         0  init_alloc.o ABSOLUTE
    ../clib/heapalloc.c                      0x00000000   Number         0  malloc.o ABSOLUTE
    ../clib/heapalloc.c                      0x00000000   Number         0  free.o ABSOLUTE
    ../clib/heapalloc.c                      0x00000000   Number         0  maybetermalloc2.o ABSOLUTE
    ../clib/heapalloc.c                      0x00000000   Number         0  maybetermalloc1.o ABSOLUTE
    ../clib/heapalloc.c                      0x00000000   Number         0  maybetermalloc1.o ABSOLUTE
    ../clib/heapalloc.c                      0x00000000   Number         0  hrguard.o ABSOLUTE
    ../clib/heapaux.c                        0x00000000   Number         0  heapauxi.o ABSOLUTE
    ../clib/heapaux.c                        0x00000000   Number         0  heapauxa.o ABSOLUTE
    ../clib/libinit.s                        0x00000000   Number         0  libshutdown2.o ABSOLUTE
    ../clib/libinit.s                        0x00000000   Number         0  libshutdown.o ABSOLUTE
    ../clib/libinit.s                        0x00000000   Number         0  libinit2.o ABSOLUTE
    ../clib/libinit.s                        0x00000000   Number         0  libinit.o ABSOLUTE
    ../clib/memcpset.c                       0x00000000   Number         0  rt_memclr.o ABSOLUTE
    ../clib/memcpset.c                       0x00000000   Number         0  rt_memcpy.o ABSOLUTE
    ../clib/memcpset.c                       0x00000000   Number         0  rt_memcpy.o ABSOLUTE
    ../clib/printf.c                         0x00000000   Number         0  _printf_char_file_locked.o ABSOLUTE
    ../clib/printf.c                         0x00000000   Number         0  __printf_nopercent.o ABSOLUTE
    ../clib/printf.c                         0x00000000   Number         0  _printf_hex_int.o ABSOLUTE
    ../clib/printf.c                         0x00000000   Number         0  __2printf.o ABSOLUTE
    ../clib/printf.c                         0x00000000   Number         0  noretval__2printf.o ABSOLUTE
    ../clib/printf.c                         0x00000000   Number         0  __printf.o ABSOLUTE
    ../clib/printf.c                         0x00000000   Number         0  _printf_hex_ll.o ABSOLUTE
    ../clib/printf.c                         0x00000000   Number         0  _printf_char_common.o ABSOLUTE
    ../clib/printf.c                         0x00000000   Number         0  _printf_hex_int_ll.o ABSOLUTE
    ../clib/printf.c                         0x00000000   Number         0  _printf_hex_ptr.o ABSOLUTE
    ../clib/printf.c                         0x00000000   Number         0  _printf_hex_int_ptr.o ABSOLUTE
    ../clib/printf.c                         0x00000000   Number         0  _printf_hex_ll_ptr.o ABSOLUTE
    ../clib/printf.c                         0x00000000   Number         0  _printf_hex_int_ll_ptr.o ABSOLUTE
    ../clib/printf.c                         0x00000000   Number         0  __printf_flags.o ABSOLUTE
    ../clib/printf.c                         0x00000000   Number         0  __printf_ss.o ABSOLUTE
    ../clib/printf.c                         0x00000000   Number         0  __printf_flags_ss.o ABSOLUTE
    ../clib/printf.c                         0x00000000   Number         0  __printf_wp.o ABSOLUTE
    ../clib/printf.c                         0x00000000   Number         0  __printf_flags_wp.o ABSOLUTE
    ../clib/printf.c                         0x00000000   Number         0  __printf_ss_wp.o ABSOLUTE
    ../clib/printf.c                         0x00000000   Number         0  __printf_flags_ss_wp.o ABSOLUTE
    ../clib/printf.c                         0x00000000   Number         0  _printf_intcommon.o ABSOLUTE
    ../clib/printf.c                         0x00000000   Number         0  _printf_char_file.o ABSOLUTE
    ../clib/printf_percent.s                 0x00000000   Number         0  _printf_percent_end.o ABSOLUTE
    ../clib/printf_percent.s                 0x00000000   Number         0  _printf_x.o ABSOLUTE
    ../clib/printf_percent.s                 0x00000000   Number         0  _printf_percent.o ABSOLUTE
    ../clib/signal.c                         0x00000000   Number         0  __raise.o ABSOLUTE
    ../clib/signal.c                         0x00000000   Number         0  defsig_general.o ABSOLUTE
    ../clib/signal.c                         0x00000000   Number         0  defsig_rtred_inner.o ABSOLUTE
    ../clib/signal.c                         0x00000000   Number         0  defsig_exit.o ABSOLUTE
    ../clib/signal.c                         0x00000000   Number         0  defsig_rtmem_inner.o ABSOLUTE
    ../clib/signal.c                         0x00000000   Number         0  defsig_fpe_inner.o ABSOLUTE
    ../clib/signal.c                         0x00000000   Number         0  defsig_fpe_formal.o ABSOLUTE
    ../clib/signal.c                         0x00000000   Number         0  defsig_rtmem_outer.o ABSOLUTE
    ../clib/signal.c                         0x00000000   Number         0  defsig_rtred_outer.o ABSOLUTE
    ../clib/signal.c                         0x00000000   Number         0  defsig_other.o ABSOLUTE
    ../clib/signal.c                         0x00000000   Number         0  defsig_segv_inner.o ABSOLUTE
    ../clib/signal.c                         0x00000000   Number         0  defsig_cppl_inner.o ABSOLUTE
    ../clib/signal.c                         0x00000000   Number         0  defsig_pvfn_inner.o ABSOLUTE
    ../clib/signal.c                         0x00000000   Number         0  defsig_stak_inner.o ABSOLUTE
    ../clib/signal.c                         0x00000000   Number         0  defsig_abrt_inner.o ABSOLUTE
    ../clib/signal.c                         0x00000000   Number         0  defsig_rtmem_formal.o ABSOLUTE
    ../clib/signal.c                         0x00000000   Number         0  defsig_fpe_outer.o ABSOLUTE
    ../clib/signal.c                         0x00000000   Number         0  defsig_rtred_formal.o ABSOLUTE
    ../clib/signal.s                         0x00000000   Number         0  defsig.o ABSOLUTE
    ../clib/stdio.c                          0x00000000   Number         0  ferror_locked.o ABSOLUTE
    ../clib/stdio.c                          0x00000000   Number         0  initio_locked.o ABSOLUTE
    ../clib/stdio.c                          0x00000000   Number         0  fflush_locked.o ABSOLUTE
    ../clib/stdio.c                          0x00000000   Number         0  puts.o ABSOLUTE
    ../clib/stdio.c                          0x00000000   Number         0  fseek.o ABSOLUTE
    ../clib/stdio.c                          0x00000000   Number         0  fputs_locked.o ABSOLUTE
    ../clib/stdio.c                          0x00000000   Number         0  fflush.o ABSOLUTE
    ../clib/stdio.c                          0x00000000   Number         0  ftell.o ABSOLUTE
    ../clib/stdio.c                          0x00000000   Number         0  fputs.o ABSOLUTE
    ../clib/stdio.c                          0x00000000   Number         0  stdio_streams.o ABSOLUTE
    ../clib/stdio.c                          0x00000000   Number         0  fputc.o ABSOLUTE
    ../clib/stdio.c                          0x00000000   Number         0  fputc_locked.o ABSOLUTE
    ../clib/stdio.c                          0x00000000   Number         0  fwritefast_locked.o ABSOLUTE
    ../clib/stdio.c                          0x00000000   Number         0  fopen_locked.o ABSOLUTE
    ../clib/stdio.c                          0x00000000   Number         0  setvbuf_locked.o ABSOLUTE
    ../clib/stdio.c                          0x00000000   Number         0  puts_locked.o ABSOLUTE
    ../clib/stdio.c                          0x00000000   Number         0  fclose.o ABSOLUTE
    ../clib/stdio.c                          0x00000000   Number         0  fopen.o ABSOLUTE
    ../clib/stdio.c                          0x00000000   Number         0  streamlock.o ABSOLUTE
    ../clib/stdio.c                          0x00000000   Number         0  ferror.o ABSOLUTE
    ../clib/stdio.c                          0x00000000   Number         0  fwritefast.o ABSOLUTE
    ../clib/stdio.c                          0x00000000   Number         0  flsbuf.o ABSOLUTE
    ../clib/stdio.c                          0x00000000   Number         0  stdio.o ABSOLUTE
    ../clib/stdio.c                          0x00000000   Number         0  initio.o ABSOLUTE
    ../clib/stdio.c                          0x00000000   Number         0  setvbuf.o ABSOLUTE
    ../clib/stdlib.c                         0x00000000   Number         0  exit.o ABSOLUTE
    ../clib/string.c                         0x00000000   Number         0  strlen.o ABSOLUTE
    ../clib/wchar.c                          0x00000000   Number         0  flsbuf_fwide.o ABSOLUTE
    ../fplib/cfplib/fpinit.c                 0x00000000   Number         0  fpinit.o ABSOLUTE
    ..\Nuvoton\CMSIS\CM0\core_cm0.c          0x00000000   Number         0  core_cm0.o ABSOLUTE
    ..\Nuvoton\CMSIS\CM0\startup\arm\startup_N572_Keil.s 0x00000000   Number         0  startup_n572_keil.o ABSOLUTE
    ..\Nuvoton\HW\Include\SFR.c              0x00000000   Number         0  sfr.o ABSOLUTE
    ..\\Nuvoton\\CMSIS\\CM0\\core_cm0.c      0x00000000   Number         0  core_cm0.o ABSOLUTE
    Adc.c                                    0x00000000   Number         0  adc.o ABSOLUTE
    DrvADC.c                                 0x00000000   Number         0  DRVADC_drvadc.o ABSOLUTE
    DrvCLK_F072.c                            0x00000000   Number         0  DRVCLK_drvclk_f072.o ABSOLUTE
    DrvSYS.c                                 0x00000000   Number         0  DRVSYS_drvsys.o ABSOLUTE
    DrvTimer.c                               0x00000000   Number         0  DRVTIMER_drvtimer.o ABSOLUTE
    Main.c                                   0x00000000   Number         0  main.o ABSOLUTE
    !!!main                                  0x0000007c   Section        8  __main.o(!!!main)
    !!!scatter                               0x00000084   Section       60  __scatter.o(!!!scatter)
    !!handler_copy                           0x000000c0   Section       26  __scatter_copy.o(!!handler_copy)
    !!handler_zi                             0x000000dc   Section       28  __scatter_zi.o(!!handler_zi)
    .ARM.Collect$$_printf_percent$$00000000  0x000000f8   Section        2  _printf_percent.o(.ARM.Collect$$_printf_percent$$00000000)
    .ARM.Collect$$_printf_percent$$0000000C  0x000000fa   Section       10  _printf_x.o(.ARM.Collect$$_printf_percent$$0000000C)
    .ARM.Collect$$_printf_percent$$00000017  0x00000104   Section        4  _printf_percent_end.o(.ARM.Collect$$_printf_percent$$00000017)
    .ARM.Collect$$libinit$$00000000          0x00000108   Section        2  libinit.o(.ARM.Collect$$libinit$$00000000)
    .ARM.Collect$$libinit$$00000002          0x0000010a   Section        0  libinit2.o(.ARM.Collect$$libinit$$00000002)
    .ARM.Collect$$libinit$$00000004          0x0000010a   Section        0  libinit2.o(.ARM.Collect$$libinit$$00000004)
    .ARM.Collect$$libinit$$00000005          0x0000010a   Section        8  libinit2.o(.ARM.Collect$$libinit$$00000005)
    .ARM.Collect$$libinit$$0000000A          0x00000112   Section        0  libinit2.o(.ARM.Collect$$libinit$$0000000A)
    .ARM.Collect$$libinit$$0000000C          0x00000112   Section        0  libinit2.o(.ARM.Collect$$libinit$$0000000C)
    .ARM.Collect$$libinit$$0000000E          0x00000112   Section        0  libinit2.o(.ARM.Collect$$libinit$$0000000E)
    .ARM.Collect$$libinit$$00000011          0x00000112   Section        0  libinit2.o(.ARM.Collect$$libinit$$00000011)
    .ARM.Collect$$libinit$$00000013          0x00000112   Section        0  libinit2.o(.ARM.Collect$$libinit$$00000013)
    .ARM.Collect$$libinit$$00000015          0x00000112   Section        0  libinit2.o(.ARM.Collect$$libinit$$00000015)
    .ARM.Collect$$libinit$$00000017          0x00000112   Section        0  libinit2.o(.ARM.Collect$$libinit$$00000017)
    .ARM.Collect$$libinit$$00000019          0x00000112   Section        0  libinit2.o(.ARM.Collect$$libinit$$00000019)
    .ARM.Collect$$libinit$$0000001B          0x00000112   Section        0  libinit2.o(.ARM.Collect$$libinit$$0000001B)
    .ARM.Collect$$libinit$$0000001D          0x00000112   Section        0  libinit2.o(.ARM.Collect$$libinit$$0000001D)
    .ARM.Collect$$libinit$$0000001F          0x00000112   Section        0  libinit2.o(.ARM.Collect$$libinit$$0000001F)
    .ARM.Collect$$libinit$$00000021          0x00000112   Section        0  libinit2.o(.ARM.Collect$$libinit$$00000021)
    .ARM.Collect$$libinit$$00000023          0x00000112   Section        0  libinit2.o(.ARM.Collect$$libinit$$00000023)
    .ARM.Collect$$libinit$$00000024          0x00000112   Section        4  libinit2.o(.ARM.Collect$$libinit$$00000024)
    .ARM.Collect$$libinit$$00000025          0x00000116   Section        0  libinit2.o(.ARM.Collect$$libinit$$00000025)
    .ARM.Collect$$libinit$$0000002C          0x00000116   Section        0  libinit2.o(.ARM.Collect$$libinit$$0000002C)
    .ARM.Collect$$libinit$$0000002E          0x00000116   Section        0  libinit2.o(.ARM.Collect$$libinit$$0000002E)
    .ARM.Collect$$libinit$$00000030          0x00000116   Section        0  libinit2.o(.ARM.Collect$$libinit$$00000030)
    .ARM.Collect$$libinit$$00000032          0x00000116   Section        0  libinit2.o(.ARM.Collect$$libinit$$00000032)
    .ARM.Collect$$libinit$$00000033          0x00000116   Section        2  libinit2.o(.ARM.Collect$$libinit$$00000033)
    .ARM.Collect$$libshutdown$$00000000      0x00000118   Section        2  libshutdown.o(.ARM.Collect$$libshutdown$$00000000)
    .ARM.Collect$$libshutdown$$00000002      0x0000011a   Section        0  libshutdown2.o(.ARM.Collect$$libshutdown$$00000002)
    .ARM.Collect$$libshutdown$$00000003      0x0000011a   Section        4  libshutdown2.o(.ARM.Collect$$libshutdown$$00000003)
    .ARM.Collect$$libshutdown$$00000004      0x0000011e   Section        0  libshutdown2.o(.ARM.Collect$$libshutdown$$00000004)
    .ARM.Collect$$libshutdown$$00000007      0x0000011e   Section        0  libshutdown2.o(.ARM.Collect$$libshutdown$$00000007)
    .ARM.Collect$$libshutdown$$0000000A      0x0000011e   Section        0  libshutdown2.o(.ARM.Collect$$libshutdown$$0000000A)
    .ARM.Collect$$libshutdown$$0000000C      0x0000011e   Section        0  libshutdown2.o(.ARM.Collect$$libshutdown$$0000000C)
    .ARM.Collect$$libshutdown$$0000000F      0x0000011e   Section        0  libshutdown2.o(.ARM.Collect$$libshutdown$$0000000F)
    .ARM.Collect$$libshutdown$$00000010      0x0000011e   Section        2  libshutdown2.o(.ARM.Collect$$libshutdown$$00000010)
    .ARM.Collect$$rtentry$$00000000          0x00000120   Section        0  __rtentry.o(.ARM.Collect$$rtentry$$00000000)
    .ARM.Collect$$rtentry$$00000002          0x00000120   Section        0  __rtentry2.o(.ARM.Collect$$rtentry$$00000002)
    .ARM.Collect$$rtentry$$00000004          0x00000120   Section        6  __rtentry4.o(.ARM.Collect$$rtentry$$00000004)
    .ARM.Collect$$rtentry$$00000009          0x00000126   Section        0  __rtentry2.o(.ARM.Collect$$rtentry$$00000009)
    .ARM.Collect$$rtentry$$0000000A          0x00000126   Section        4  __rtentry2.o(.ARM.Collect$$rtentry$$0000000A)
    .ARM.Collect$$rtentry$$0000000C          0x0000012a   Section        0  __rtentry2.o(.ARM.Collect$$rtentry$$0000000C)
    .ARM.Collect$$rtentry$$0000000D          0x0000012a   Section        8  __rtentry2.o(.ARM.Collect$$rtentry$$0000000D)
    .ARM.Collect$$rtexit$$00000000           0x00000132   Section        2  rtexit.o(.ARM.Collect$$rtexit$$00000000)
    .ARM.Collect$$rtexit$$00000002           0x00000134   Section        0  rtexit2.o(.ARM.Collect$$rtexit$$00000002)
    .ARM.Collect$$rtexit$$00000003           0x00000134   Section        4  rtexit2.o(.ARM.Collect$$rtexit$$00000003)
    .ARM.Collect$$rtexit$$00000004           0x00000138   Section        6  rtexit2.o(.ARM.Collect$$rtexit$$00000004)
    .emb_text                                0x00000140   Section        0  maybetermalloc1.o(.emb_text)
    .text                                    0x00000140   Section        0  main.o(.text)
    DrvGPIO_SetOutputBit                     0x0000025b   Thumb Code     8  main.o(.text)
    DrvGPIO_ClearOutputBit                   0x00000263   Thumb Code     8  main.o(.text)
    SysClkConfigRC                           0x0000026b   Thumb Code   116  main.o(.text)
    .text                                    0x00000334   Section        0  adc.o(.text)
    DrvADC_SetRegulatorRC                    0x00000335   Thumb Code    42  adc.o(.text)
    SkipAdcUnstableInput                     0x0000035f   Thumb Code    36  adc.o(.text)
    DrvADC_ClearAdcIntFlag                   0x00000519   Thumb Code    18  adc.o(.text)
    DrvADC_StartConvert                      0x0000052b   Thumb Code    18  adc.o(.text)
    DrvADC_StopConvert                       0x0000053d   Thumb Code    16  adc.o(.text)
    .text                                    0x0000056c   Section       48  startup_n572_keil.o(.text)
    .text                                    0x0000059c   Section        0  noretval__2printf.o(.text)
    .text                                    0x000005b8   Section        0  __printf.o(.text)
    .text                                    0x00000624   Section        0  _printf_hex_int.o(.text)
    .text                                    0x0000067c   Section        0  puts.o(.text)
    .text                                    0x000006a8   Section      346  aeabi_sdiv.o(.text)
    .text                                    0x00000802   Section        0  heapauxi.o(.text)
    .text                                    0x00000808   Section        0  _printf_intcommon.o(.text)
    .text                                    0x000008b8   Section        0  _printf_char_file.o(.text)
    .text                                    0x000008e0   Section        0  _printf_char_common.o(.text)
    _printf_input_char                       0x000008e1   Thumb Code    10  _printf_char_common.o(.text)
    .text                                    0x00000910   Section        0  ferror.o(.text)
    .text                                    0x00000918   Section        0  flsbuf.o(.text)
    .text                                    0x00000b08   Section        0  initio.o(.text)
    .text                                    0x00000c44   Section        0  sys_io.o(.text)
    .text                                    0x00000caa   Section       62  sys_stackheap_outer.o(.text)
    .text                                    0x00000ce8   Section        0  h1_alloc.o(.text)
    .text                                    0x00000d4a   Section        0  h1_free.o(.text)
    .text                                    0x00000d98   Section        0  setvbuf.o(.text)
    .text                                    0x00000de4   Section        0  stdio.o(.text)
    .text                                    0x00000ed4   Section        0  fopen.o(.text)
    _freopen_locked                          0x00000ed5   Thumb Code     0  fopen.o(.text)
    .text                                    0x00000fbc   Section        0  fclose.o(.text)
    .text                                    0x00001008   Section        0  exit.o(.text)
    .text                                    0x00001018   Section        0  defsig_rtred_outer.o(.text)
    .text                                    0x00001024   Section        0  rt_memclr.o(.text)
    .text                                    0x00001064   Section        8  libspace.o(.text)
    .text                                    0x0000106c   Section        2  use_no_semi.o(.text)
    .text                                    0x0000106e   Section        0  indicate_semi.o(.text)
    .text                                    0x00001070   Section        8  rt_heap_descriptor_intlibspace.o(.text)
    .text                                    0x00001078   Section        0  hguard.o(.text)
    .text                                    0x0000107c   Section        0  init_alloc.o(.text)
    .text                                    0x00001104   Section        0  h1_init.o(.text)
    .text                                    0x00001114   Section        0  fseek.o(.text)
    .text                                    0x00001208   Section        0  defsig_exit.o(.text)
    .text                                    0x00001214   Section        0  defsig_rtred_inner.o(.text)
    .text                                    0x00001248   Section        0  strlen.o(.text)
    .text                                    0x0000128c   Section        0  sys_exit.o(.text)
    .text                                    0x00001298   Section        0  h1_extend.o(.text)
    .text                                    0x000012cc   Section        0  ftell.o(.text)
    .text                                    0x0000130e   Section        0  defsig_general.o(.text)
    .text                                    0x00001342   Section        0  defsig_rtmem_outer.o(.text)
    .text                                    0x0000134e   Section        0  sys_wrch.o(.text)
    .text                                    0x0000135c   Section        8  rt_errno_addr_intlibspace.o(.text)
    .text                                    0x00001364   Section        0  defsig_rtmem_inner.o(.text)
    i.DrvADC_AnalysisAdcCalibration          0x000013b4   Section        0  DRVADC_drvadc.o(i.DrvADC_AnalysisAdcCalibration)
    i.DrvADC_ClearAdcIntFlag                 0x000014a8   Section        0  DRVADC_drvadc.o(i.DrvADC_ClearAdcIntFlag)
    DrvADC_ClearAdcIntFlag                   0x000014a9   Thumb Code    14  DRVADC_drvadc.o(i.DrvADC_ClearAdcIntFlag)
    i.DrvADC_GetConversionDataSigned         0x000014bc   Section        0  DRVADC_drvadc.o(i.DrvADC_GetConversionDataSigned)
    DrvADC_GetConversionDataSigned           0x000014bd   Thumb Code    10  DRVADC_drvadc.o(i.DrvADC_GetConversionDataSigned)
    i.DrvADC_Open                            0x000014cc   Section        0  DRVADC_drvadc.o(i.DrvADC_Open)
    i.DrvCLK_DisableApbDeviceClock           0x000014ec   Section        0  DRVTIMER_drvtimer.o(i.DrvCLK_DisableApbDeviceClock)
    DrvCLK_DisableApbDeviceClock             0x000014ed   Thumb Code    10  DRVTIMER_drvtimer.o(i.DrvCLK_DisableApbDeviceClock)
    i.DrvCLK_EnableApbDeviceClock            0x000014fc   Section        0  DRVTIMER_drvtimer.o(i.DrvCLK_EnableApbDeviceClock)
    DrvCLK_EnableApbDeviceClock              0x000014fd   Thumb Code    10  DRVTIMER_drvtimer.o(i.DrvCLK_EnableApbDeviceClock)
    i.DrvCLK_GetClkTmr2                      0x0000150c   Section        0  DRVTIMER_drvtimer.o(i.DrvCLK_GetClkTmr2)
    DrvCLK_GetClkTmr2                        0x0000150d   Thumb Code    16  DRVTIMER_drvtimer.o(i.DrvCLK_GetClkTmr2)
    i.DrvCLK_GetHclk                         0x00001520   Section        0  DRVCLK_drvclk_f072.o(i.DrvCLK_GetHclk)
    i.DrvCLK_GetPLLOutput                    0x00001560   Section        0  DRVCLK_drvclk_f072.o(i.DrvCLK_GetPLLOutput)
    i.DrvCLK_GetSrcClkAdc                    0x00001580   Section        0  DRVCLK_drvclk_f072.o(i.DrvCLK_GetSrcClkAdc)
    i.DrvCLK_GetTimerClk                     0x000015a8   Section        0  DRVCLK_drvclk_f072.o(i.DrvCLK_GetTimerClk)
    i.DrvSYS_ResetIP                         0x000015d0   Section        0  DRVTIMER_drvtimer.o(i.DrvSYS_ResetIP)
    DrvSYS_ResetIP                           0x000015d1   Thumb Code    10  DRVTIMER_drvtimer.o(i.DrvSYS_ResetIP)
    i.DrvSYS_UnlockKeyReg                    0x000015e0   Section        0  DRVSYS_drvsys.o(i.DrvSYS_UnlockKeyReg)
    i.DrvTimer_CloseTmr2                     0x000015f4   Section        0  DRVTIMER_drvtimer.o(i.DrvTimer_CloseTmr2)
    DrvTimer_CloseTmr2                       0x000015f5   Thumb Code    16  DRVTIMER_drvtimer.o(i.DrvTimer_CloseTmr2)
    i.DrvTimer_OpenTmr2                      0x00001604   Section        0  DRVTIMER_drvtimer.o(i.DrvTimer_OpenTmr2)
    DrvTimer_OpenTmr2                        0x00001605   Thumb Code    34  DRVTIMER_drvtimer.o(i.DrvTimer_OpenTmr2)
    i.DrvTimer_WaitMillisecondTmr2           0x0000162c   Section        0  DRVTIMER_drvtimer.o(i.DrvTimer_WaitMillisecondTmr2)
    i.fputc                                  0x00001664   Section        0  fputc.o(i.fputc)
    .constdata                               0x00001682   Section       40  _printf_hex_int.o(.constdata)
    uc_hextab                                0x00001682   Data          20  _printf_hex_int.o(.constdata)
    lc_hextab                                0x00001696   Data          20  _printf_hex_int.o(.constdata)
    .constdata                               0x000016aa   Section        4  sys_io.o(.constdata)
    .constdata                               0x000016ae   Section        4  sys_io.o(.constdata)
    .constdata                               0x000016b2   Section        4  sys_io.o(.constdata)
    .conststring                             0x000016b8   Section       68  main.o(.conststring)
    STACK                                    0x20000000   Section      768  startup_n572_keil.o(STACK)
    Stack_Mem                                0x20000000   Data         768  startup_n572_keil.o(STACK)
    .data                                    0x20000300   Section        2  adc.o(.data)
    __initial_sp                             0x20000300   Data           0  startup_n572_keil.o(STACK)
    adcSampleMicrophone                      0x20000300   Data           2  adc.o(.data)
    .data                                    0x20000302   Section        2  DRVADC_drvadc.o(.data)
    .data                                    0x20000304   Section        4  stdio_streams.o(.data)
    .data                                    0x20000308   Section        4  stdio_streams.o(.data)
    .data                                    0x2000030c   Section        4  stdio_streams.o(.data)
    .bss                                     0x20000310   Section       84  stdio_streams.o(.bss)
    .bss                                     0x20000364   Section       84  stdio_streams.o(.bss)
    .bss                                     0x200003b8   Section       84  stdio_streams.o(.bss)
    .bss                                     0x2000040c   Section       96  libspace.o(.bss)
    HEAP                                     0x20000470   Section      256  startup_n572_keil.o(HEAP)
    Heap_Mem                                 0x20000470   Data         256  startup_n572_keil.o(HEAP)
    .ARM.__AT_0x40004000                     0x40004000   Section        4  sfr.o(.ARM.__AT_0x40004000)
    .ARM.__AT_0x40008000                     0x40008000   Section        4  sfr.o(.ARM.__AT_0x40008000)
    .ARM.__AT_0x40010000                     0x40010000   Section       16  sfr.o(.ARM.__AT_0x40010000)
    .ARM.__AT_0x40010020                     0x40010020   Section       16  sfr.o(.ARM.__AT_0x40010020)
    .ARM.__AT_0x40010030                     0x40010030   Section        4  sfr.o(.ARM.__AT_0x40010030)
    .ARM.__AT_0x40010034                     0x40010034   Section        4  sfr.o(.ARM.__AT_0x40010034)
    .ARM.__AT_0x40010040                     0x40010040   Section       16  sfr.o(.ARM.__AT_0x40010040)
    .ARM.__AT_0x40030000                     0x40030000   Section       52  sfr.o(.ARM.__AT_0x40030000)
    .ARM.__AT_0x40034000                     0x40034000   Section       52  sfr.o(.ARM.__AT_0x40034000)
    .ARM.__AT_0x40040000                     0x40040000   Section      128  sfr.o(.ARM.__AT_0x40040000)
    .ARM.__AT_0x400E0000                     0x400e0000   Section       68  sfr.o(.ARM.__AT_0x400E0000)
    .ARM.__AT_0x50000000                     0x50000000   Section      308  sfr.o(.ARM.__AT_0x50000000)
    .ARM.__AT_0x50000200                     0x50000200   Section       36  sfr.o(.ARM.__AT_0x50000200)
    .ARM.__AT_0x50000300                     0x50000300   Section      136  sfr.o(.ARM.__AT_0x50000300)
    .ARM.__AT_0x50004000                     0x50004000   Section       36  sfr.o(.ARM.__AT_0x50004000)
    .ARM.__AT_0x50004040                     0x50004040   Section       36  sfr.o(.ARM.__AT_0x50004040)
    .ARM.__AT_0x50008000                     0x50008000   Section       48  sfr.o(.ARM.__AT_0x50008000)
    .ARM.__AT_0x5000C000                     0x5000c000   Section       20  sfr.o(.ARM.__AT_0x5000C000)

    Global Symbols

    Symbol Name                              Value     Ov Type        Size  Object(Section)

    BuildAttributes$$THM_ISAv3M$S$PE$A:L22$X:L11$S22$IEEE1$IW$USESV6$~STKCKD$USESV7$~SHL$OTIME$ROPI$EBA8$UX$STANDARDLIB$REQ8$PRES8$EABIv2 0x00000000   Number         0  anon$$obj.o ABSOLUTE
    __ARM_use_no_argv                        0x00000000   Number         0  main.o ABSOLUTE
    __Vectors                                0x00000000   Data           4  startup_n572_keil.o(RESET)
    __ARM_exceptions_init                     - Undefined Weak Reference
    __alloca_initialize                       - Undefined Weak Reference
    __arm_preinit_                            - Undefined Weak Reference
    __cpp_initialize__aeabi_                  - Undefined Weak Reference
    __cxa_finalize                            - Undefined Weak Reference
    __rt_locale                               - Undefined Weak Reference
    __sigvec_lookup                           - Undefined Weak Reference
    __user_heap_extent                        - Undefined Weak Reference
    _atexit_init                              - Undefined Weak Reference
    _call_atexit_fns                          - Undefined Weak Reference
    _clock_init                               - Undefined Weak Reference
    _fp_trap_init                             - Undefined Weak Reference
    _fp_trap_shutdown                         - Undefined Weak Reference
    _get_lc_collate                           - Undefined Weak Reference
    _get_lc_ctype                             - Undefined Weak Reference
    _get_lc_monetary                          - Undefined Weak Reference
    _get_lc_numeric                           - Undefined Weak Reference
    _get_lc_time                              - Undefined Weak Reference
    _getenv_init                              - Undefined Weak Reference
    _handle_redirection                       - Undefined Weak Reference
    _mutex_acquire                            - Undefined Weak Reference
    _mutex_free                               - Undefined Weak Reference
    _mutex_release                            - Undefined Weak Reference
    _printf_post_padding                      - Undefined Weak Reference
    _printf_pre_padding                       - Undefined Weak Reference
    _printf_truncate_unsigned                 - Undefined Weak Reference
    _rand_init                                - Undefined Weak Reference
    _signal_finish                            - Undefined Weak Reference
    _signal_init                              - Undefined Weak Reference
    __main                                   0x0000007d   Thumb Code     8  __main.o(!!!main)
    __scatterload                            0x00000085   Thumb Code     0  __scatter.o(!!!scatter)
    __scatterload_rt2                        0x00000085   Thumb Code    52  __scatter.o(!!!scatter)
    __scatterload_rt2_thumb_only             0x00000085   Thumb Code     0  __scatter.o(!!!scatter)
    __scatterload_null                       0x00000095   Thumb Code     0  __scatter.o(!!!scatter)
    __scatterload_copy                       0x000000c1   Thumb Code    26  __scatter_copy.o(!!handler_copy)
    __scatterload_zeroinit                   0x000000dd   Thumb Code    28  __scatter_zi.o(!!handler_zi)
    _printf_percent                          0x000000f9   Thumb Code     0  _printf_percent.o(.ARM.Collect$$_printf_percent$$00000000)
    _printf_x                                0x000000fb   Thumb Code     0  _printf_x.o(.ARM.Collect$$_printf_percent$$0000000C)
    _printf_percent_end                      0x00000105   Thumb Code     0  _printf_percent_end.o(.ARM.Collect$$_printf_percent$$00000017)
    __rt_lib_init                            0x00000109   Thumb Code     0  libinit.o(.ARM.Collect$$libinit$$00000000)
    __rt_lib_init_fp_1                       0x0000010b   Thumb Code     0  libinit2.o(.ARM.Collect$$libinit$$00000002)
    __rt_lib_init_heap_2                     0x0000010b   Thumb Code     0  libinit2.o(.ARM.Collect$$libinit$$00000005)
    __rt_lib_init_preinit_1                  0x0000010b   Thumb Code     0  libinit2.o(.ARM.Collect$$libinit$$00000004)
    __rt_lib_init_atexit_1                   0x00000113   Thumb Code     0  libinit2.o(.ARM.Collect$$libinit$$0000001B)
    __rt_lib_init_clock_1                    0x00000113   Thumb Code     0  libinit2.o(.ARM.Collect$$libinit$$00000021)
    __rt_lib_init_fp_trap_1                  0x00000113   Thumb Code     0  libinit2.o(.ARM.Collect$$libinit$$0000001F)
    __rt_lib_init_getenv_1                   0x00000113   Thumb Code     0  libinit2.o(.ARM.Collect$$libinit$$00000023)
    __rt_lib_init_heap_1                     0x00000113   Thumb Code     0  libinit2.o(.ARM.Collect$$libinit$$0000000A)
    __rt_lib_init_lc_collate_1               0x00000113   Thumb Code     0  libinit2.o(.ARM.Collect$$libinit$$00000011)
    __rt_lib_init_lc_ctype_1                 0x00000113   Thumb Code     0  libinit2.o(.ARM.Collect$$libinit$$00000013)
    __rt_lib_init_lc_monetary_1              0x00000113   Thumb Code     0  libinit2.o(.ARM.Collect$$libinit$$00000015)
    __rt_lib_init_lc_numeric_1               0x00000113   Thumb Code     0  libinit2.o(.ARM.Collect$$libinit$$00000017)
    __rt_lib_init_lc_time_1                  0x00000113   Thumb Code     0  libinit2.o(.ARM.Collect$$libinit$$00000019)
    __rt_lib_init_rand_1                     0x00000113   Thumb Code     0  libinit2.o(.ARM.Collect$$libinit$$0000000E)
    __rt_lib_init_signal_1                   0x00000113   Thumb Code     0  libinit2.o(.ARM.Collect$$libinit$$0000001D)
    __rt_lib_init_stdio_2                    0x00000113   Thumb Code     0  libinit2.o(.ARM.Collect$$libinit$$00000024)
    __rt_lib_init_user_alloc_1               0x00000113   Thumb Code     0  libinit2.o(.ARM.Collect$$libinit$$0000000C)
    __rt_lib_init_alloca_1                   0x00000117   Thumb Code     0  libinit2.o(.ARM.Collect$$libinit$$0000002E)
    __rt_lib_init_argv_1                     0x00000117   Thumb Code     0  libinit2.o(.ARM.Collect$$libinit$$0000002C)
    __rt_lib_init_cpp_1                      0x00000117   Thumb Code     0  libinit2.o(.ARM.Collect$$libinit$$00000032)
    __rt_lib_init_exceptions_1               0x00000117   Thumb Code     0  libinit2.o(.ARM.Collect$$libinit$$00000030)
    __rt_lib_init_return                     0x00000117   Thumb Code     0  libinit2.o(.ARM.Collect$$libinit$$00000033)
    __rt_lib_init_stdio_1                    0x00000117   Thumb Code     0  libinit2.o(.ARM.Collect$$libinit$$00000025)
    __rt_lib_shutdown                        0x00000119   Thumb Code     0  libshutdown.o(.ARM.Collect$$libshutdown$$00000000)
    __rt_lib_shutdown_cpp_1                  0x0000011b   Thumb Code     0  libshutdown2.o(.ARM.Collect$$libshutdown$$00000002)
    __rt_lib_shutdown_stdio_2                0x0000011b   Thumb Code     0  libshutdown2.o(.ARM.Collect$$libshutdown$$00000003)
    __rt_lib_shutdown_fp_trap_1              0x0000011f   Thumb Code     0  libshutdown2.o(.ARM.Collect$$libshutdown$$00000007)
    __rt_lib_shutdown_heap_1                 0x0000011f   Thumb Code     0  libshutdown2.o(.ARM.Collect$$libshutdown$$0000000F)
    __rt_lib_shutdown_return                 0x0000011f   Thumb Code     0  libshutdown2.o(.ARM.Collect$$libshutdown$$00000010)
    __rt_lib_shutdown_signal_1               0x0000011f   Thumb Code     0  libshutdown2.o(.ARM.Collect$$libshutdown$$0000000A)
    __rt_lib_shutdown_stdio_1                0x0000011f   Thumb Code     0  libshutdown2.o(.ARM.Collect$$libshutdown$$00000004)
    __rt_lib_shutdown_user_alloc_1           0x0000011f   Thumb Code     0  libshutdown2.o(.ARM.Collect$$libshutdown$$0000000C)
    __rt_entry                               0x00000121   Thumb Code     0  __rtentry.o(.ARM.Collect$$rtentry$$00000000)
    __rt_entry_presh_1                       0x00000121   Thumb Code     0  __rtentry2.o(.ARM.Collect$$rtentry$$00000002)
    __rt_entry_sh                            0x00000121   Thumb Code     0  __rtentry4.o(.ARM.Collect$$rtentry$$00000004)
    __rt_entry_li                            0x00000127   Thumb Code     0  __rtentry2.o(.ARM.Collect$$rtentry$$0000000A)
    __rt_entry_postsh_1                      0x00000127   Thumb Code     0  __rtentry2.o(.ARM.Collect$$rtentry$$00000009)
    __rt_entry_main                          0x0000012b   Thumb Code     0  __rtentry2.o(.ARM.Collect$$rtentry$$0000000D)
    __rt_entry_postli_1                      0x0000012b   Thumb Code     0  __rtentry2.o(.ARM.Collect$$rtentry$$0000000C)
    __rt_exit                                0x00000133   Thumb Code     0  rtexit.o(.ARM.Collect$$rtexit$$00000000)
    __rt_exit_ls                             0x00000135   Thumb Code     0  rtexit2.o(.ARM.Collect$$rtexit$$00000003)
    __rt_exit_prels_1                        0x00000135   Thumb Code     0  rtexit2.o(.ARM.Collect$$rtexit$$00000002)
    __rt_exit_exit                           0x00000139   Thumb Code     0  rtexit2.o(.ARM.Collect$$rtexit$$00000004)
    _maybe_terminate_alloc                   0x00000141   Thumb Code     0  maybetermalloc1.o(.emb_text)
    adcClockInit                             0x00000141   Thumb Code   110  main.o(.text)
    clkInit                                  0x000001af   Thumb Code    66  main.o(.text)
    gpioInit                                 0x000001f1   Thumb Code    26  main.o(.text)
    main                                     0x0000020b   Thumb Code    80  main.o(.text)
    ADC_IRQHandler                           0x00000383   Thumb Code    66  adc.o(.text)
    init_ADC                                 0x000003c5   Thumb Code   272  adc.o(.text)
    start_ADC                                0x000004d5   Thumb Code    56  adc.o(.text)
    adcGetMicrophone                         0x0000050d   Thumb Code    12  adc.o(.text)
    Reset_Handler                            0x0000056d   Thumb Code     4  startup_n572_keil.o(.text)
    NMI_Handler                              0x00000571   Thumb Code     2  startup_n572_keil.o(.text)
    HardFault_Handler                        0x00000573   Thumb Code     2  startup_n572_keil.o(.text)
    SVC_Handler                              0x00000575   Thumb Code     2  startup_n572_keil.o(.text)
    PendSV_Handler                           0x00000577   Thumb Code     2  startup_n572_keil.o(.text)
    SysTick_Handler                          0x00000579   Thumb Code     2  startup_n572_keil.o(.text)
    APU_IRQHandler                           0x0000057b   Thumb Code     0  startup_n572_keil.o(.text)
    EXINT_IRQHandler                         0x0000057b   Thumb Code     0  startup_n572_keil.o(.text)
    GPAB_IRQHandler                          0x0000057b   Thumb Code     0  startup_n572_keil.o(.text)
    PWM0_IRQHandler                          0x0000057b   Thumb Code     0  startup_n572_keil.o(.text)
    PWRWU_IRQHandler                         0x0000057b   Thumb Code     0  startup_n572_keil.o(.text)
    RTC_IRQHandler                           0x0000057b   Thumb Code     0  startup_n572_keil.o(.text)
    SPI0_IRQHandler                          0x0000057b   Thumb Code     0  startup_n572_keil.o(.text)
    SPI1_IRQHandler                          0x0000057b   Thumb Code     0  startup_n572_keil.o(.text)
    TMR0_IRQHandler                          0x0000057b   Thumb Code     0  startup_n572_keil.o(.text)
    TMR1_IRQHandler                          0x0000057b   Thumb Code     0  startup_n572_keil.o(.text)
    TMR2_IRQHandler                          0x0000057b   Thumb Code     0  startup_n572_keil.o(.text)
    TMRF_IRQHandler                          0x0000057b   Thumb Code     0  startup_n572_keil.o(.text)
    USB_IRQHandler                           0x0000057b   Thumb Code     0  startup_n572_keil.o(.text)
    WDT_IRQHandler                           0x0000057b   Thumb Code     0  startup_n572_keil.o(.text)
    __user_initial_stackheap                 0x0000057d   Thumb Code     0  startup_n572_keil.o(.text)
    __2printf                                0x0000059d   Thumb Code    22  noretval__2printf.o(.text)
    __printf                                 0x000005b9   Thumb Code   108  __printf.o(.text)
    _printf_int_hex                          0x00000625   Thumb Code    84  _printf_hex_int.o(.text)
    _printf_longlong_hex                     0x00000625   Thumb Code     0  _printf_hex_int.o(.text)
    puts                                     0x0000067d   Thumb Code    38  puts.o(.text)
    __aeabi_uidiv                            0x000006a9   Thumb Code     0  aeabi_sdiv.o(.text)
    __aeabi_uidivmod                         0x000006a9   Thumb Code    20  aeabi_sdiv.o(.text)
    __aeabi_idiv                             0x000006bd   Thumb Code     0  aeabi_sdiv.o(.text)
    __aeabi_idivmod                          0x000006bd   Thumb Code   326  aeabi_sdiv.o(.text)
    __use_two_region_memory                  0x00000803   Thumb Code     2  heapauxi.o(.text)
    __rt_heap_escrow                         0x00000805   Thumb Code     2  heapauxi.o(.text)
    __rt_heap_expand                         0x00000807   Thumb Code     2  heapauxi.o(.text)
    _printf_int_common                       0x00000809   Thumb Code   176  _printf_intcommon.o(.text)
    _printf_char_file                        0x000008b9   Thumb Code    34  _printf_char_file.o(.text)
    _printf_char_common                      0x000008eb   Thumb Code    32  _printf_char_common.o(.text)
    ferror                                   0x00000911   Thumb Code     8  ferror.o(.text)
    __flsbuf                                 0x00000919   Thumb Code   486  flsbuf.o(.text)
    __flsbuf_byte                            0x00000919   Thumb Code     0  flsbuf.o(.text)
    __flsbuf_wide                            0x00000919   Thumb Code     0  flsbuf.o(.text)
    _initio                                  0x00000b09   Thumb Code   216  initio.o(.text)
    _terminateio                             0x00000be1   Thumb Code    56  initio.o(.text)
    _sys_open                                0x00000c45   Thumb Code    20  sys_io.o(.text)
    _sys_close                               0x00000c59   Thumb Code    12  sys_io.o(.text)
    _sys_write                               0x00000c65   Thumb Code    16  sys_io.o(.text)
    _sys_read                                0x00000c75   Thumb Code    14  sys_io.o(.text)
    _sys_istty                               0x00000c83   Thumb Code    12  sys_io.o(.text)
    _sys_seek                                0x00000c8f   Thumb Code    14  sys_io.o(.text)
    _sys_ensure                              0x00000c9d   Thumb Code     2  sys_io.o(.text)
    _sys_flen                                0x00000c9f   Thumb Code    12  sys_io.o(.text)
    __user_setup_stackheap                   0x00000cab   Thumb Code    62  sys_stackheap_outer.o(.text)
    malloc                                   0x00000ce9   Thumb Code    98  h1_alloc.o(.text)
    free                                     0x00000d4b   Thumb Code    76  h1_free.o(.text)
    setvbuf                                  0x00000d99   Thumb Code    72  setvbuf.o(.text)
    _seterr                                  0x00000de5   Thumb Code    20  stdio.o(.text)
    _writebuf                                0x00000df9   Thumb Code    76  stdio.o(.text)
    _fflush                                  0x00000e45   Thumb Code    76  stdio.o(.text)
    _deferredlazyseek                        0x00000e91   Thumb Code    60  stdio.o(.text)
    freopen                                  0x00000ed5   Thumb Code   148  fopen.o(.text)
    fopen                                    0x00000f69   Thumb Code    76  fopen.o(.text)
    _fclose_internal                         0x00000fbd   Thumb Code    72  fclose.o(.text)
    fclose                                   0x00000fbd   Thumb Code     0  fclose.o(.text)
    exit                                     0x00001009   Thumb Code    16  exit.o(.text)
    __rt_SIGRTRED                            0x00001019   Thumb Code    12  defsig_rtred_outer.o(.text)
    _memset_w                                0x00001025   Thumb Code    26  rt_memclr.o(.text)
    _memset                                  0x0000103f   Thumb Code    30  rt_memclr.o(.text)
    __aeabi_memclr                           0x0000105d   Thumb Code     4  rt_memclr.o(.text)
    __rt_memclr                              0x0000105d   Thumb Code     0  rt_memclr.o(.text)
    __aeabi_memclr4                          0x00001061   Thumb Code     0  rt_memclr.o(.text)
    __aeabi_memclr8                          0x00001061   Thumb Code     0  rt_memclr.o(.text)
    __rt_memclr_w                            0x00001061   Thumb Code     4  rt_memclr.o(.text)
    __user_libspace                          0x00001065   Thumb Code     8  libspace.o(.text)
    __user_perproc_libspace                  0x00001065   Thumb Code     0  libspace.o(.text)
    __user_perthread_libspace                0x00001065   Thumb Code     0  libspace.o(.text)
    __I$use$semihosting                      0x0000106d   Thumb Code     0  use_no_semi.o(.text)
    __use_no_semihosting_swi                 0x0000106d   Thumb Code     2  use_no_semi.o(.text)
    __semihosting_library_function           0x0000106f   Thumb Code     0  indicate_semi.o(.text)
    __rt_heap_descriptor                     0x00001071   Thumb Code     8  rt_heap_descriptor_intlibspace.o(.text)
    __use_no_heap                            0x00001079   Thumb Code     2  hguard.o(.text)
    __heap$guard                             0x0000107b   Thumb Code     2  hguard.o(.text)
    _terminate_user_alloc                    0x0000107d   Thumb Code     2  init_alloc.o(.text)
    _init_user_alloc                         0x0000107f   Thumb Code     2  init_alloc.o(.text)
    __Heap_Full                              0x00001081   Thumb Code    32  init_alloc.o(.text)
    __Heap_Broken                            0x000010a1   Thumb Code    10  init_alloc.o(.text)
    _init_alloc                              0x000010ab   Thumb Code    90  init_alloc.o(.text)
    __Heap_Initialize                        0x00001105   Thumb Code    10  h1_init.o(.text)
    __Heap_DescSize                          0x0000110f   Thumb Code     4  h1_init.o(.text)
    _fseek                                   0x00001115   Thumb Code   240  fseek.o(.text)
    fseek                                    0x00001115   Thumb Code     0  fseek.o(.text)
    __sig_exit                               0x00001209   Thumb Code    12  defsig_exit.o(.text)
    __rt_SIGRTRED_inner                      0x00001215   Thumb Code    14  defsig_rtred_inner.o(.text)
    strlen                                   0x00001249   Thumb Code    62  strlen.o(.text)
    _sys_exit                                0x0000128d   Thumb Code     8  sys_exit.o(.text)
    __Heap_ProvideMemory                     0x00001299   Thumb Code    52  h1_extend.o(.text)
    _ftell_internal                          0x000012cd   Thumb Code    66  ftell.o(.text)
    ftell                                    0x000012cd   Thumb Code     0  ftell.o(.text)
    __default_signal_display                 0x0000130f   Thumb Code    52  defsig_general.o(.text)
    __rt_SIGRTMEM                            0x00001343   Thumb Code    12  defsig_rtmem_outer.o(.text)
    _ttywrch                                 0x0000134f   Thumb Code    12  sys_wrch.o(.text)
    __aeabi_errno_addr                       0x0000135d   Thumb Code     8  rt_errno_addr_intlibspace.o(.text)
    __errno$intlibspace                      0x0000135d   Thumb Code     0  rt_errno_addr_intlibspace.o(.text)
    __rt_errno_addr$intlibspace              0x0000135d   Thumb Code     0  rt_errno_addr_intlibspace.o(.text)
    __rt_SIGRTMEM_inner                      0x00001365   Thumb Code    22  defsig_rtmem_inner.o(.text)
    DrvADC_AnalysisAdcCalibration            0x000013b5   Thumb Code   228  DRVADC_drvadc.o(i.DrvADC_AnalysisAdcCalibration)
    DrvADC_Open                              0x000014cd   Thumb Code    22  DRVADC_drvadc.o(i.DrvADC_Open)
    DrvCLK_GetHclk                           0x00001521   Thumb Code    52  DRVCLK_drvclk_f072.o(i.DrvCLK_GetHclk)
    DrvCLK_GetPLLOutput                      0x00001561   Thumb Code    18  DRVCLK_drvclk_f072.o(i.DrvCLK_GetPLLOutput)
    DrvCLK_GetSrcClkAdc                      0x00001581   Thumb Code    32  DRVCLK_drvclk_f072.o(i.DrvCLK_GetSrcClkAdc)
    DrvCLK_GetTimerClk                       0x000015a9   Thumb Code    34  DRVCLK_drvclk_f072.o(i.DrvCLK_GetTimerClk)
    DrvSYS_UnlockKeyReg                      0x000015e1   Thumb Code    16  DRVSYS_drvsys.o(i.DrvSYS_UnlockKeyReg)
    DrvTimer_WaitMillisecondTmr2             0x0000162d   Thumb Code    52  DRVTIMER_drvtimer.o(i.DrvTimer_WaitMillisecondTmr2)
    fputc                                    0x00001665   Thumb Code    30  fputc.o(i.fputc)
    __stdin_name                             0x000016aa   Data           4  sys_io.o(.constdata)
    __stdout_name                            0x000016ae   Data           4  sys_io.o(.constdata)
    __stderr_name                            0x000016b2   Data           4  sys_io.o(.constdata)
    Region$$Table$$Base                      0x000016fc   Number         0  anon$$obj.o(Region$$Table)
    Region$$Table$$Limit                     0x0000172c   Number         0  anon$$obj.o(Region$$Table)
    g_i16AveCalibrationValue                 0x20000302   Data           2  DRVADC_drvadc.o(.data)
    __aeabi_stdin                            0x20000304   Data           4  stdio_streams.o(.data)
    __aeabi_stdout                           0x20000308   Data           4  stdio_streams.o(.data)
    __aeabi_stderr                           0x2000030c   Data           4  stdio_streams.o(.data)
    __stdin                                  0x20000310   Data          84  stdio_streams.o(.bss)
    __stdout                                 0x20000364   Data          84  stdio_streams.o(.bss)
    __stderr                                 0x200003b8   Data          84  stdio_streams.o(.bss)
    __libspace_start                         0x2000040c   Data          96  libspace.o(.bss)
    __temporary_stack_top$libspace           0x2000046c   Data           0  libspace.o(.bss)
    WDT                                      0x40004000   Data           4  sfr.o(.ARM.__AT_0x40004000)
    RTC                                      0x40008000   Data           4  sfr.o(.ARM.__AT_0x40008000)
    TMR0                                     0x40010000   Data          16  sfr.o(.ARM.__AT_0x40010000)
    TMR1                                     0x40010020   Data          16  sfr.o(.ARM.__AT_0x40010020)
    TMRF                                     0x40010030   Data           4  sfr.o(.ARM.__AT_0x40010030)
    TMRIR                                    0x40010034   Data           4  sfr.o(.ARM.__AT_0x40010034)
    TMR2                                     0x40010040   Data          16  sfr.o(.ARM.__AT_0x40010040)
    SPI0                                     0x40030000   Data          52  sfr.o(.ARM.__AT_0x40030000)
    SPI1                                     0x40034000   Data          52  sfr.o(.ARM.__AT_0x40034000)
    PWM                                      0x40040000   Data         128  sfr.o(.ARM.__AT_0x40040000)
    ADC                                      0x400e0000   Data          68  sfr.o(.ARM.__AT_0x400E0000)
    SYS                                      0x50000000   Data         308  sfr.o(.ARM.__AT_0x50000000)
    CLK                                      0x50000200   Data          36  sfr.o(.ARM.__AT_0x50000200)
    SYSINT                                   0x50000300   Data         136  sfr.o(.ARM.__AT_0x50000300)
    GPIOA                                    0x50004000   Data          36  sfr.o(.ARM.__AT_0x50004000)
    GPIOB                                    0x50004040   Data          36  sfr.o(.ARM.__AT_0x50004040)
    APU                                      0x50008000   Data          48  sfr.o(.ARM.__AT_0x50008000)
    FMC                                      0x5000c000   Data          20  sfr.o(.ARM.__AT_0x5000C000)



==============================================================================

Memory Map of the image

  Image Entry point : 0x0000056d

  Load Region _ROM (Base: 0x00000000, Size: 0x0000173c, Max: 0x00012000, ABSOLUTE)

    Execution Region _RESET (Base: 0x00000000, Size: 0x0000007c, Max: 0xffffffff, ABSOLUTE)

    Base Addr    Size         Type   Attr      Idx    E Section Name        Object

    0x00000000   0x0000007c   Data   RO          231    RESET               startup_n572_keil.o


    Execution Region _CODE (Base: 0x0000007c, Size: 0x000016b0, Max: 0xffffffff, ABSOLUTE)

    Base Addr    Size         Type   Attr      Idx    E Section Name        Object

    0x0000007c   0x00000008   Code   RO          856  * !!!main             c_p.l(__main.o)
    0x00000084   0x0000003c   Code   RO         1221    !!!scatter          c_p.l(__scatter.o)
    0x000000c0   0x0000001a   Code   RO         1223    !!handler_copy      c_p.l(__scatter_copy.o)
    0x000000da   0x00000002   PAD
    0x000000dc   0x0000001c   Code   RO         1225    !!handler_zi        c_p.l(__scatter_zi.o)
    0x000000f8   0x00000002   Code   RO          847    .ARM.Collect$$_printf_percent$$00000000  c_p.l(_printf_percent.o)
    0x000000fa   0x0000000a   Code   RO          846    .ARM.Collect$$_printf_percent$$0000000C  c_p.l(_printf_x.o)
    0x00000104   0x00000004   Code   RO          867    .ARM.Collect$$_printf_percent$$00000017  c_p.l(_printf_percent_end.o)
    0x00000108   0x00000002   Code   RO         1025    .ARM.Collect$$libinit$$00000000  c_p.l(libinit.o)
    0x0000010a   0x00000000   Code   RO         1027    .ARM.Collect$$libinit$$00000002  c_p.l(libinit2.o)
    0x0000010a   0x00000000   Code   RO         1029    .ARM.Collect$$libinit$$00000004  c_p.l(libinit2.o)
    0x0000010a   0x00000008   Code   RO         1030    .ARM.Collect$$libinit$$00000005  c_p.l(libinit2.o)
    0x00000112   0x00000000   Code   RO         1032    .ARM.Collect$$libinit$$0000000A  c_p.l(libinit2.o)
    0x00000112   0x00000000   Code   RO         1034    .ARM.Collect$$libinit$$0000000C  c_p.l(libinit2.o)
    0x00000112   0x00000000   Code   RO         1036    .ARM.Collect$$libinit$$0000000E  c_p.l(libinit2.o)
    0x00000112   0x00000000   Code   RO         1039    .ARM.Collect$$libinit$$00000011  c_p.l(libinit2.o)
    0x00000112   0x00000000   Code   RO         1041    .ARM.Collect$$libinit$$00000013  c_p.l(libinit2.o)
    0x00000112   0x00000000   Code   RO         1043    .ARM.Collect$$libinit$$00000015  c_p.l(libinit2.o)
    0x00000112   0x00000000   Code   RO         1045    .ARM.Collect$$libinit$$00000017  c_p.l(libinit2.o)
    0x00000112   0x00000000   Code   RO         1047    .ARM.Collect$$libinit$$00000019  c_p.l(libinit2.o)
    0x00000112   0x00000000   Code   RO         1049    .ARM.Collect$$libinit$$0000001B  c_p.l(libinit2.o)
    0x00000112   0x00000000   Code   RO         1051    .ARM.Collect$$libinit$$0000001D  c_p.l(libinit2.o)
    0x00000112   0x00000000   Code   RO         1053    .ARM.Collect$$libinit$$0000001F  c_p.l(libinit2.o)
    0x00000112   0x00000000   Code   RO         1055    .ARM.Collect$$libinit$$00000021  c_p.l(libinit2.o)
    0x00000112   0x00000000   Code   RO         1057    .ARM.Collect$$libinit$$00000023  c_p.l(libinit2.o)
    0x00000112   0x00000004   Code   RO         1058    .ARM.Collect$$libinit$$00000024  c_p.l(libinit2.o)
    0x00000116   0x00000000   Code   RO         1059    .ARM.Collect$$libinit$$00000025  c_p.l(libinit2.o)
    0x00000116   0x00000000   Code   RO         1063    .ARM.Collect$$libinit$$0000002C  c_p.l(libinit2.o)
    0x00000116   0x00000000   Code   RO         1065    .ARM.Collect$$libinit$$0000002E  c_p.l(libinit2.o)
    0x00000116   0x00000000   Code   RO         1067    .ARM.Collect$$libinit$$00000030  c_p.l(libinit2.o)
    0x00000116   0x00000000   Code   RO         1069    .ARM.Collect$$libinit$$00000032  c_p.l(libinit2.o)
    0x00000116   0x00000002   Code   RO         1070    .ARM.Collect$$libinit$$00000033  c_p.l(libinit2.o)
    0x00000118   0x00000002   Code   RO         1202    .ARM.Collect$$libshutdown$$00000000  c_p.l(libshutdown.o)
    0x0000011a   0x00000000   Code   RO         1072    .ARM.Collect$$libshutdown$$00000002  c_p.l(libshutdown2.o)
    0x0000011a   0x00000004   Code   RO         1073    .ARM.Collect$$libshutdown$$00000003  c_p.l(libshutdown2.o)
    0x0000011e   0x00000000   Code   RO         1074    .ARM.Collect$$libshutdown$$00000004  c_p.l(libshutdown2.o)
    0x0000011e   0x00000000   Code   RO         1077    .ARM.Collect$$libshutdown$$00000007  c_p.l(libshutdown2.o)
    0x0000011e   0x00000000   Code   RO         1080    .ARM.Collect$$libshutdown$$0000000A  c_p.l(libshutdown2.o)
    0x0000011e   0x00000000   Code   RO         1082    .ARM.Collect$$libshutdown$$0000000C  c_p.l(libshutdown2.o)
    0x0000011e   0x00000000   Code   RO         1085    .ARM.Collect$$libshutdown$$0000000F  c_p.l(libshutdown2.o)
    0x0000011e   0x00000002   Code   RO         1086    .ARM.Collect$$libshutdown$$00000010  c_p.l(libshutdown2.o)
    0x00000120   0x00000000   Code   RO          858    .ARM.Collect$$rtentry$$00000000  c_p.l(__rtentry.o)
    0x00000120   0x00000000   Code   RO          881    .ARM.Collect$$rtentry$$00000002  c_p.l(__rtentry2.o)
    0x00000120   0x00000006   Code   RO          893    .ARM.Collect$$rtentry$$00000004  c_p.l(__rtentry4.o)
    0x00000126   0x00000000   Code   RO          883    .ARM.Collect$$rtentry$$00000009  c_p.l(__rtentry2.o)
    0x00000126   0x00000004   Code   RO          884    .ARM.Collect$$rtentry$$0000000A  c_p.l(__rtentry2.o)
    0x0000012a   0x00000000   Code   RO          886    .ARM.Collect$$rtentry$$0000000C  c_p.l(__rtentry2.o)
    0x0000012a   0x00000008   Code   RO          887    .ARM.Collect$$rtentry$$0000000D  c_p.l(__rtentry2.o)
    0x00000132   0x00000002   Code   RO         1094    .ARM.Collect$$rtexit$$00000000  c_p.l(rtexit.o)
    0x00000134   0x00000000   Code   RO         1156    .ARM.Collect$$rtexit$$00000002  c_p.l(rtexit2.o)
    0x00000134   0x00000004   Code   RO         1157    .ARM.Collect$$rtexit$$00000003  c_p.l(rtexit2.o)
    0x00000138   0x00000006   Code   RO         1158    .ARM.Collect$$rtexit$$00000004  c_p.l(rtexit2.o)
    0x0000013e   0x00000002   PAD
    0x00000140   0x00000000   Code   RO         1164    .emb_text           c_p.l(maybetermalloc1.o)
    0x00000140   0x000001f4   Code   RO           77    .text               main.o
    0x00000334   0x00000238   Code   RO          191    .text               adc.o
    0x0000056c   0x00000030   Code   RO          232  * .text               startup_n572_keil.o
    0x0000059c   0x0000001c   Code   RO          801    .text               c_p.l(noretval__2printf.o)
    0x000005b8   0x0000006c   Code   RO          803    .text               c_p.l(__printf.o)
    0x00000624   0x00000058   Code   RO          808    .text               c_p.l(_printf_hex_int.o)
    0x0000067c   0x0000002c   Code   RO          848    .text               c_p.l(puts.o)
    0x000006a8   0x0000015a   Code   RO          850    .text               c_p.l(aeabi_sdiv.o)
    0x00000802   0x00000006   Code   RO          854    .text               c_p.l(heapauxi.o)
    0x00000808   0x000000b0   Code   RO          863    .text               c_p.l(_printf_intcommon.o)
    0x000008b8   0x00000028   Code   RO          865    .text               c_p.l(_printf_char_file.o)
    0x000008e0   0x00000030   Code   RO          897    .text               c_p.l(_printf_char_common.o)
    0x00000910   0x00000008   Code   RO          899    .text               c_p.l(ferror.o)
    0x00000918   0x000001f0   Code   RO          901    .text               c_p.l(flsbuf.o)
    0x00000b08   0x0000013c   Code   RO          903    .text               c_p.l(initio.o)
    0x00000c44   0x00000066   Code   RO          911    .text               c_p.l(sys_io.o)
    0x00000caa   0x0000003e   Code   RO          918    .text               c_p.l(sys_stackheap_outer.o)
    0x00000ce8   0x00000062   Code   RO          925    .text               c_p.l(h1_alloc.o)
    0x00000d4a   0x0000004c   Code   RO          927    .text               c_p.l(h1_free.o)
    0x00000d96   0x00000002   PAD
    0x00000d98   0x0000004c   Code   RO          987    .text               c_p.l(setvbuf.o)
    0x00000de4   0x000000f0   Code   RO          989    .text               c_p.l(stdio.o)
    0x00000ed4   0x000000e8   Code   RO          994    .text               c_p.l(fopen.o)
    0x00000fbc   0x0000004c   Code   RO          996    .text               c_p.l(fclose.o)
    0x00001008   0x00000010   Code   RO         1006    .text               c_p.l(exit.o)
    0x00001018   0x0000000c   Code   RO         1012    .text               c_p.l(defsig_rtred_outer.o)
    0x00001024   0x00000040   Code   RO         1018    .text               c_p.l(rt_memclr.o)
    0x00001064   0x00000008   Code   RO         1087    .text               c_p.l(libspace.o)
    0x0000106c   0x00000002   Code   RO         1090    .text               c_p.l(use_no_semi.o)
    0x0000106e   0x00000000   Code   RO         1092    .text               c_p.l(indicate_semi.o)
    0x0000106e   0x00000002   PAD
    0x00001070   0x00000008   Code   RO         1101    .text               c_p.l(rt_heap_descriptor_intlibspace.o)
    0x00001078   0x00000004   Code   RO         1103    .text               c_p.l(hguard.o)
    0x0000107c   0x00000088   Code   RO         1105    .text               c_p.l(init_alloc.o)
    0x00001104   0x0000000e   Code   RO         1109    .text               c_p.l(h1_init.o)
    0x00001112   0x00000002   PAD
    0x00001114   0x000000f4   Code   RO         1127    .text               c_p.l(fseek.o)
    0x00001208   0x0000000c   Code   RO         1133    .text               c_p.l(defsig_exit.o)
    0x00001214   0x00000034   Code   RO         1137    .text               c_p.l(defsig_rtred_inner.o)
    0x00001248   0x00000044   Code   RO         1139    .text               c_p.l(strlen.o)
    0x0000128c   0x0000000c   Code   RO         1153    .text               c_p.l(sys_exit.o)
    0x00001298   0x00000034   Code   RO         1166    .text               c_p.l(h1_extend.o)
    0x000012cc   0x00000042   Code   RO         1170    .text               c_p.l(ftell.o)
    0x0000130e   0x00000034   Code   RO         1174    .text               c_p.l(defsig_general.o)
    0x00001342   0x0000000c   Code   RO         1176    .text               c_p.l(defsig_rtmem_outer.o)
    0x0000134e   0x0000000c   Code   RO         1187    .text               c_p.l(sys_wrch.o)
    0x0000135a   0x00000002   PAD
    0x0000135c   0x00000008   Code   RO         1192    .text               c_p.l(rt_errno_addr_intlibspace.o)
    0x00001364   0x00000050   Code   RO         1196    .text               c_p.l(defsig_rtmem_inner.o)
    0x000013b4   0x000000f4   Code   RO          247    i.DrvADC_AnalysisAdcCalibration  Driver_F072_keil.lib(DRVADC_drvadc.o)
    0x000014a8   0x00000014   Code   RO          248    i.DrvADC_ClearAdcIntFlag  Driver_F072_keil.lib(DRVADC_drvadc.o)
    0x000014bc   0x00000010   Code   RO          251    i.DrvADC_GetConversionDataSigned  Driver_F072_keil.lib(DRVADC_drvadc.o)
    0x000014cc   0x00000020   Code   RO          253    i.DrvADC_Open       Driver_F072_keil.lib(DRVADC_drvadc.o)
    0x000014ec   0x00000010   Code   RO          615    i.DrvCLK_DisableApbDeviceClock  Driver_F072_keil.lib(DRVTIMER_drvtimer.o)
    0x000014fc   0x00000010   Code   RO          616    i.DrvCLK_EnableApbDeviceClock  Driver_F072_keil.lib(DRVTIMER_drvtimer.o)
    0x0000150c   0x00000014   Code   RO          619    i.DrvCLK_GetClkTmr2  Driver_F072_keil.lib(DRVTIMER_drvtimer.o)
    0x00001520   0x00000040   Code   RO          387    i.DrvCLK_GetHclk    Driver_F072_keil.lib(DRVCLK_drvclk_f072.o)
    0x00001560   0x00000020   Code   RO          388    i.DrvCLK_GetPLLOutput  Driver_F072_keil.lib(DRVCLK_drvclk_f072.o)
    0x00001580   0x00000028   Code   RO          389    i.DrvCLK_GetSrcClkAdc  Driver_F072_keil.lib(DRVCLK_drvclk_f072.o)
    0x000015a8   0x00000028   Code   RO          390    i.DrvCLK_GetTimerClk  Driver_F072_keil.lib(DRVCLK_drvclk_f072.o)
    0x000015d0   0x00000010   Code   RO          620    i.DrvSYS_ResetIP    Driver_F072_keil.lib(DRVTIMER_drvtimer.o)
    0x000015e0   0x00000014   Code   RO          524    i.DrvSYS_UnlockKeyReg  Driver_F072_keil.lib(DRVSYS_drvsys.o)
    0x000015f4   0x00000010   Code   RO          623    i.DrvTimer_CloseTmr2  Driver_F072_keil.lib(DRVTIMER_drvtimer.o)
    0x00001604   0x00000028   Code   RO          627    i.DrvTimer_OpenTmr2  Driver_F072_keil.lib(DRVTIMER_drvtimer.o)
    0x0000162c   0x00000038   Code   RO          633    i.DrvTimer_WaitMillisecondTmr2  Driver_F072_keil.lib(DRVTIMER_drvtimer.o)
    0x00001664   0x0000001e   Code   RO          869    i.fputc             c_p.l(fputc.o)
    0x00001682   0x00000028   Data   RO          809    .constdata          c_p.l(_printf_hex_int.o)
    0x000016aa   0x00000004   Data   RO          912    .constdata          c_p.l(sys_io.o)
    0x000016ae   0x00000004   Data   RO          913    .constdata          c_p.l(sys_io.o)
    0x000016b2   0x00000004   Data   RO          914    .constdata          c_p.l(sys_io.o)
    0x000016b6   0x00000002   PAD
    0x000016b8   0x00000044   Data   RO           78    .conststring        main.o
    0x000016fc   0x00000030   Data   RO         1219    Region$$Table       anon$$obj.o


    Execution Region _STACK (Base: 0x20000000, Size: 0x00000300, Max: 0x00000400, ABSOLUTE, UNINIT)

    Base Addr    Size         Type   Attr      Idx    E Section Name        Object

    0x20000000   0x00000300   Zero   RW          229    STACK               startup_n572_keil.o


    Execution Region _SRAM (Base: 0x20000300, Size: 0x0000016c, Max: 0x00001c00, ABSOLUTE)

    Base Addr    Size         Type   Attr      Idx    E Section Name        Object

    0x20000300   0x00000002   Data   RW          192    .data               adc.o
    0x20000302   0x00000002   Data   RW          254    .data               Driver_F072_keil.lib(DRVADC_drvadc.o)
    0x20000304   0x00000004   Data   RW          875    .data               c_p.l(stdio_streams.o)
    0x20000308   0x00000004   Data   RW          876    .data               c_p.l(stdio_streams.o)
    0x2000030c   0x00000004   Data   RW          877    .data               c_p.l(stdio_streams.o)
    0x20000310   0x00000054   Zero   RW          872    .bss                c_p.l(stdio_streams.o)
    0x20000364   0x00000054   Zero   RW          873    .bss                c_p.l(stdio_streams.o)
    0x200003b8   0x00000054   Zero   RW          874    .bss                c_p.l(stdio_streams.o)
    0x2000040c   0x00000060   Zero   RW         1088    .bss                c_p.l(libspace.o)


    Execution Region _HEAP (Base: 0x2000046c, Size: 0x00000104, Max: 0xffffffff, ABSOLUTE)

    Base Addr    Size         Type   Attr      Idx    E Section Name        Object

    0x2000046c   0x00000004   PAD
    0x20000470   0x00000100   Zero   RW          230    HEAP                startup_n572_keil.o



  Load Region LR$$.ARM.__AT_0x40004000 (Base: 0x40004000, Size: 0x00000000, Max: 0x00000004, ABSOLUTE)

    Execution Region ER$$.ARM.__AT_0x40004000 (Base: 0x40004000, Size: 0x00000004, Max: 0x00000004, ABSOLUTE, UNINIT)

    Base Addr    Size         Type   Attr      Idx    E Section Name        Object

    0x40004000   0x00000004   Zero   RW            1    .ARM.__AT_0x40004000  sfr.o



  Load Region LR$$.ARM.__AT_0x40008000 (Base: 0x40008000, Size: 0x00000000, Max: 0x00000004, ABSOLUTE)

    Execution Region ER$$.ARM.__AT_0x40008000 (Base: 0x40008000, Size: 0x00000004, Max: 0x00000004, ABSOLUTE, UNINIT)

    Base Addr    Size         Type   Attr      Idx    E Section Name        Object

    0x40008000   0x00000004   Zero   RW            2    .ARM.__AT_0x40008000  sfr.o



  Load Region LR$$.ARM.__AT_0x40010000 (Base: 0x40010000, Size: 0x00000000, Max: 0x00000010, ABSOLUTE)

    Execution Region ER$$.ARM.__AT_0x40010000 (Base: 0x40010000, Size: 0x00000010, Max: 0x00000010, ABSOLUTE, UNINIT)

    Base Addr    Size         Type   Attr      Idx    E Section Name        Object

    0x40010000   0x00000010   Zero   RW            3    .ARM.__AT_0x40010000  sfr.o



  Load Region LR$$.ARM.__AT_0x40010020 (Base: 0x40010020, Size: 0x00000000, Max: 0x00000010, ABSOLUTE)

    Execution Region ER$$.ARM.__AT_0x40010020 (Base: 0x40010020, Size: 0x00000010, Max: 0x00000010, ABSOLUTE, UNINIT)

    Base Addr    Size         Type   Attr      Idx    E Section Name        Object

    0x40010020   0x00000010   Zero   RW            4    .ARM.__AT_0x40010020  sfr.o



  Load Region LR$$.ARM.__AT_0x40010030 (Base: 0x40010030, Size: 0x00000000, Max: 0x00000004, ABSOLUTE)

    Execution Region ER$$.ARM.__AT_0x40010030 (Base: 0x40010030, Size: 0x00000004, Max: 0x00000004, ABSOLUTE, UNINIT)

    Base Addr    Size         Type   Attr      Idx    E Section Name        Object

    0x40010030   0x00000004   Zero   RW            5    .ARM.__AT_0x40010030  sfr.o



  Load Region LR$$.ARM.__AT_0x40010034 (Base: 0x40010034, Size: 0x00000000, Max: 0x00000004, ABSOLUTE)

    Execution Region ER$$.ARM.__AT_0x40010034 (Base: 0x40010034, Size: 0x00000004, Max: 0x00000004, ABSOLUTE, UNINIT)

    Base Addr    Size         Type   Attr      Idx    E Section Name        Object

    0x40010034   0x00000004   Zero   RW            6    .ARM.__AT_0x40010034  sfr.o



  Load Region LR$$.ARM.__AT_0x40010040 (Base: 0x40010040, Size: 0x00000000, Max: 0x00000010, ABSOLUTE)

    Execution Region ER$$.ARM.__AT_0x40010040 (Base: 0x40010040, Size: 0x00000010, Max: 0x00000010, ABSOLUTE, UNINIT)

    Base Addr    Size         Type   Attr      Idx    E Section Name        Object

    0x40010040   0x00000010   Zero   RW            7    .ARM.__AT_0x40010040  sfr.o



  Load Region LR$$.ARM.__AT_0x40030000 (Base: 0x40030000, Size: 0x00000000, Max: 0x00000034, ABSOLUTE)

    Execution Region ER$$.ARM.__AT_0x40030000 (Base: 0x40030000, Size: 0x00000034, Max: 0x00000034, ABSOLUTE, UNINIT)

    Base Addr    Size         Type   Attr      Idx    E Section Name        Object

    0x40030000   0x00000034   Zero   RW            8    .ARM.__AT_0x40030000  sfr.o



  Load Region LR$$.ARM.__AT_0x40034000 (Base: 0x40034000, Size: 0x00000000, Max: 0x00000034, ABSOLUTE)

    Execution Region ER$$.ARM.__AT_0x40034000 (Base: 0x40034000, Size: 0x00000034, Max: 0x00000034, ABSOLUTE, UNINIT)

    Base Addr    Size         Type   Attr      Idx    E Section Name        Object

    0x40034000   0x00000034   Zero   RW            9    .ARM.__AT_0x40034000  sfr.o



  Load Region LR$$.ARM.__AT_0x40040000 (Base: 0x40040000, Size: 0x00000000, Max: 0x00000080, ABSOLUTE)

    Execution Region ER$$.ARM.__AT_0x40040000 (Base: 0x40040000, Size: 0x00000080, Max: 0x00000080, ABSOLUTE, UNINIT)

    Base Addr    Size         Type   Attr      Idx    E Section Name        Object

    0x40040000   0x00000080   Zero   RW           10    .ARM.__AT_0x40040000  sfr.o



  Load Region LR$$.ARM.__AT_0x400E0000 (Base: 0x400e0000, Size: 0x00000000, Max: 0x00000044, ABSOLUTE)

    Execution Region ER$$.ARM.__AT_0x400E0000 (Base: 0x400e0000, Size: 0x00000044, Max: 0x00000044, ABSOLUTE, UNINIT)

    Base Addr    Size         Type   Attr      Idx    E Section Name        Object

    0x400e0000   0x00000044   Zero   RW           11    .ARM.__AT_0x400E0000  sfr.o



  Load Region LR$$.ARM.__AT_0x50000000 (Base: 0x50000000, Size: 0x00000000, Max: 0x00000134, ABSOLUTE)

    Execution Region ER$$.ARM.__AT_0x50000000 (Base: 0x50000000, Size: 0x00000134, Max: 0x00000134, ABSOLUTE, UNINIT)

    Base Addr    Size         Type   Attr      Idx    E Section Name        Object

    0x50000000   0x00000134   Zero   RW           12    .ARM.__AT_0x50000000  sfr.o



  Load Region LR$$.ARM.__AT_0x50000200 (Base: 0x50000200, Size: 0x00000000, Max: 0x00000024, ABSOLUTE)

    Execution Region ER$$.ARM.__AT_0x50000200 (Base: 0x50000200, Size: 0x00000024, Max: 0x00000024, ABSOLUTE, UNINIT)

    Base Addr    Size         Type   Attr      Idx    E Section Name        Object

    0x50000200   0x00000024   Zero   RW           13    .ARM.__AT_0x50000200  sfr.o



  Load Region LR$$.ARM.__AT_0x50000300 (Base: 0x50000300, Size: 0x00000000, Max: 0x00000088, ABSOLUTE)

    Execution Region ER$$.ARM.__AT_0x50000300 (Base: 0x50000300, Size: 0x00000088, Max: 0x00000088, ABSOLUTE, UNINIT)

    Base Addr    Size         Type   Attr      Idx    E Section Name        Object

    0x50000300   0x00000088   Zero   RW           14    .ARM.__AT_0x50000300  sfr.o



  Load Region LR$$.ARM.__AT_0x50004000 (Base: 0x50004000, Size: 0x00000000, Max: 0x00000024, ABSOLUTE)

    Execution Region ER$$.ARM.__AT_0x50004000 (Base: 0x50004000, Size: 0x00000024, Max: 0x00000024, ABSOLUTE, UNINIT)

    Base Addr    Size         Type   Attr      Idx    E Section Name        Object

    0x50004000   0x00000024   Zero   RW           15    .ARM.__AT_0x50004000  sfr.o



  Load Region LR$$.ARM.__AT_0x50004040 (Base: 0x50004040, Size: 0x00000000, Max: 0x00000024, ABSOLUTE)

    Execution Region ER$$.ARM.__AT_0x50004040 (Base: 0x50004040, Size: 0x00000024, Max: 0x00000024, ABSOLUTE, UNINIT)

    Base Addr    Size         Type   Attr      Idx    E Section Name        Object

    0x50004040   0x00000024   Zero   RW           16    .ARM.__AT_0x50004040  sfr.o



  Load Region LR$$.ARM.__AT_0x50008000 (Base: 0x50008000, Size: 0x00000000, Max: 0x00000030, ABSOLUTE)

    Execution Region ER$$.ARM.__AT_0x50008000 (Base: 0x50008000, Size: 0x00000030, Max: 0x00000030, ABSOLUTE, UNINIT)

    Base Addr    Size         Type   Attr      Idx    E Section Name        Object

    0x50008000   0x00000030   Zero   RW           17    .ARM.__AT_0x50008000  sfr.o



  Load Region LR$$.ARM.__AT_0x5000C000 (Base: 0x5000c000, Size: 0x00000000, Max: 0x00000014, ABSOLUTE)

    Execution Region ER$$.ARM.__AT_0x5000C000 (Base: 0x5000c000, Size: 0x00000014, Max: 0x00000014, ABSOLUTE, UNINIT)

    Base Addr    Size         Type   Attr      Idx    E Section Name        Object

    0x5000c000   0x00000014   Zero   RW           18    .ARM.__AT_0x5000C000  sfr.o


==============================================================================

Image component sizes


      Code (inc. data)   RO Data    RW Data    ZI Data      Debug   Object Name

       568         32          0          2          0       9897   adc.o
       500         86         68          0          0      27813   main.o
         0          0          0          0        984      30945   sfr.o
        48         22        124          0       1024        724   startup_n572_keil.o

    ----------------------------------------------------------------------
      1116        140        240          2       2008      69379   Object Totals
         0          0         48          0          0          0   (incl. Generated)
         0          0          0          0          0          0   (incl. Padding)

    ----------------------------------------------------------------------

      Code (inc. data)   RO Data    RW Data    ZI Data      Debug   Library Member Name

       312         38          0          2          0      16897   DRVADC_drvadc.o
       176         40          0          0          0       4514   DRVCLK_drvclk_f072.o
        20          4          0          0          0        386   DRVSYS_drvsys.o
       180         32          0          0          0      16643   DRVTIMER_drvtimer.o
         8          0          0          0          0         68   __main.o
       108          0          0          0          0         76   __printf.o
         0          0          0          0          0          0   __rtentry.o
        12          0          0          0          0          0   __rtentry2.o
         6          0          0          0          0          0   __rtentry4.o
        60          8          0          0          0          0   __scatter.o
        26          0          0          0          0          0   __scatter_copy.o
        28          0          0          0          0          0   __scatter_zi.o
        48          6          0          0          0         88   _printf_char_common.o
        40          6          0          0          0         72   _printf_char_file.o
        88          4         40          0          0         72   _printf_hex_int.o
       176          0          0          0          0         84   _printf_intcommon.o
         2          0          0          0          0          0   _printf_percent.o
         4          0          0          0          0          0   _printf_percent_end.o
        10          0          0          0          0          0   _printf_x.o
       346          0          0          0          0         92   aeabi_sdiv.o
        12          0          0          0          0         68   defsig_exit.o
        52          0          0          0          0         72   defsig_general.o
        80         58          0          0          0         68   defsig_rtmem_inner.o
        12          0          0          0          0         68   defsig_rtmem_outer.o
        52         38          0          0          0         68   defsig_rtred_inner.o
        12          0          0          0          0         68   defsig_rtred_outer.o
        16          0          0          0          0         68   exit.o
        76          4          0          0          0         76   fclose.o
         8          0          0          0          0         60   ferror.o
       496         10          0          0          0         76   flsbuf.o
       232          8          0          0          0        108   fopen.o
        30          0          0          0          0         68   fputc.o
       244          4          0          0          0         76   fseek.o
        66          0          0          0          0         68   ftell.o
        98          0          0          0          0         72   h1_alloc.o
        52          0          0          0          0         68   h1_extend.o
        76          0          0          0          0         72   h1_free.o
        14          0          0          0          0         76   h1_init.o
         6          0          0          0          0        136   heapauxi.o
         4          0          0          0          0        120   hguard.o
         0          0          0          0          0          0   indicate_semi.o
       136          0          0          0          0        160   init_alloc.o
       316         44          0          0          0         96   initio.o
         2          0          0          0          0          0   libinit.o
        14          0          0          0          0          0   libinit2.o
         2          0          0          0          0          0   libshutdown.o
         6          0          0          0          0          0   libshutdown2.o
         8          4          0          0         96         68   libspace.o
         0          0          0          0          0          0   maybetermalloc1.o
        28          6          0          0          0         84   noretval__2printf.o
        44          6          0          0          0         68   puts.o
         8          4          0          0          0         68   rt_errno_addr_intlibspace.o
         8          4          0          0          0         68   rt_heap_descriptor_intlibspace.o
        64          0          0          0          0        108   rt_memclr.o
         2          0          0          0          0          0   rtexit.o
        10          0          0          0          0          0   rtexit2.o
        76          4          0          0          0         72   setvbuf.o
       240          8          0          0          0        144   stdio.o
         0          0          0         12        252          0   stdio_streams.o
        68          6          0          0          0         72   strlen.o
        12          4          0          0          0         60   sys_exit.o
       102          0         12          0          0        232   sys_io.o
        62          0          0          0          0         80   sys_stackheap_outer.o
        12          0          0          0          0         68   sys_wrch.o
         2          0          0          0          0         68   use_no_semi.o

    ----------------------------------------------------------------------
      4522        350         54         14        352      42064   Library Totals
        12          0          2          0          4          0   (incl. Padding)

    ----------------------------------------------------------------------

      Code (inc. data)   RO Data    RW Data    ZI Data      Debug   Library Name

       688        114          0          2          0      38440   Driver_F072_keil.lib
      3822        236         52         12        348       3624   c_p.l

    ----------------------------------------------------------------------
      4522        350         54         14        352      42064   Library Totals

    ----------------------------------------------------------------------

==============================================================================


      Code (inc. data)   RO Data    RW Data    ZI Data      Debug   

      5638        490        294         16       2360     108951   Grand Totals
      5638        490        294         16       2360     108951   ELF Image Totals
      5638        490        294         16          0          0   ROM Totals

==============================================================================

    Total RO  Size (Code + RO Data)                 5932 (   5.79kB)
    Total RW  Size (RW Data + ZI Data)              2376 (   2.32kB)
    Total ROM Size (Code + RO Data + RW Data)       5948 (   5.81kB)

==============================================================================

