Component: ARM Compiler 5.06 update 4 (build 422) Tool: armlink [4d35d2]

==============================================================================

Small function inlining results

Inlined function __aeabi_idiv0 from aeabi_idiv0.o at offset 0x154 in aeabi_sdiv.o(.text).
Inlined Instruction: BX       lr
Inlined function __aeabi_idiv0 from aeabi_idiv0.o at offset 0x154 in aeabi_sdiv_div0.o(.text).
Inlined Instruction: BX       lr
Inlined function _platform_pre_stackheap_init from boardinit1.o at offset 0x0 in __rtentry2.o(.ARM.Collect$$rtentry$$00000001).
Inlined Instruction: BX       lr
Inlined function _fp_init from fpinit.o at offset 0x0 in libinit2.o(.ARM.Collect$$libinit$$00000001).
Inlined Instruction: BX       lr
Inlined function _platform_pre_lib_shutdown from boardshut.o at offset 0x0 in rtexit2.o(.ARM.Collect$$rtexit$$00000001).
Inlined Instruction: BX       lr
Inlined function __ARM_get_argv from no_argv.o at offset 0x2 in argv_veneer.o(.text).
Inlined Instruction: BX       lr
Inlined total of 6 calls.

==============================================================================

Section Cross References

    main.o(.text) refers to DRVCLK_drvclk_f072.o(i.DrvCLK_GetHclk) for DrvCLK_GetHclk
    main.o(.text) refers to DRVCLK_drvclk_f072.o(i.DrvCLK_GetSrcClkAdc) for DrvCLK_GetSrcClkAdc
    main.o(.text) refers to aeabi_sdiv.o(.text) for __aeabi_uidivmod
    main.o(.text) refers to DRVSYS_drvsys.o(i.DrvSYS_UnlockKeyReg) for DrvSYS_UnlockKeyReg
    main.o(.text) refers to adc.o(.text) for init_ADC
    main.o(.text) refers to spi.o(.text) for spiSlave_Init
    main.o(.text) refers to DRVTIMER_drvtimer.o(i.DrvTimer_WaitMillisecondTmr2) for DrvTimer_WaitMillisecondTmr2
    main.o(.text) refers to sfr.o(.ARM.__AT_0x50000200) for CLK
    main.o(.text) refers to sfr.o(.ARM.__AT_0x50000000) for SYS
    main.o(.text) refers to sfr.o(.ARM.__AT_0x50004040) for GPIOB
    adc.o(.text) refers to DRVADC_drvadc.o(i.DrvADC_Open) for DrvADC_Open
    adc.o(.text) refers to DRVTIMER_drvtimer.o(i.DrvTimer_WaitMillisecondTmr2) for DrvTimer_WaitMillisecondTmr2
    adc.o(.text) refers to DRVADC_drvadc.o(i.DrvADC_AnalysisAdcCalibration) for DrvADC_AnalysisAdcCalibration
    adc.o(.text) refers to sfr.o(.ARM.__AT_0x400E0000) for ADC
    adc.o(.text) refers to adc.o(.data) for adcSampleMicrophone
    spi.o(.text) refers to DRVCLK_drvclk_f072.o(i.DrvCLK_GetHclk) for DrvCLK_GetHclk
    spi.o(.text) refers to aeabi_sdiv.o(.text) for __aeabi_uidivmod
    spi.o(.text) refers to DRVSPI_drvspi_f072.o(i.DrvSPI_Open) for DrvSPI_Open
    spi.o(.text) refers to DRVSPI_drvspi_f072.o(i.DrvSPI_EnableInt) for DrvSPI_EnableInt
    spi.o(.text) refers to DRVSPI_drvspi_f072.o(i.DrvSPI_Close) for DrvSPI_Close
    spi.o(.text) refers to sfr.o(.ARM.__AT_0x50004040) for GPIOB
    startup_n572_keil.o(STACK) refers (Special) to heapauxi.o(.text) for __use_two_region_memory
    startup_n572_keil.o(HEAP) refers (Special) to heapauxi.o(.text) for __use_two_region_memory
    startup_n572_keil.o(RESET) refers (Special) to heapauxi.o(.text) for __use_two_region_memory
    startup_n572_keil.o(RESET) refers to startup_n572_keil.o(STACK) for __initial_sp
    startup_n572_keil.o(RESET) refers to startup_n572_keil.o(.text) for Reset_Handler
    startup_n572_keil.o(RESET) refers to adc.o(.text) for ADC_IRQHandler
    startup_n572_keil.o(RESET) refers to spi.o(.text) for SPI1_IRQHandler
    startup_n572_keil.o(.text) refers (Special) to heapauxi.o(.text) for __use_two_region_memory
    startup_n572_keil.o(.text) refers to __main.o(!!!main) for __main
    startup_n572_keil.o(.text) refers to startup_n572_keil.o(HEAP) for Heap_Mem
    startup_n572_keil.o(.text) refers to startup_n572_keil.o(STACK) for Stack_Mem
    DRVADC_drvadc.o(i.DrvADC_AnalysisAdcCalibration) refers to DRVADC_drvadc.o(i.DrvADC_ClearAdcIntFlag) for DrvADC_ClearAdcIntFlag
    DRVADC_drvadc.o(i.DrvADC_AnalysisAdcCalibration) refers to DRVADC_drvadc.o(i.DrvADC_GetConversionDataSigned) for DrvADC_GetConversionDataSigned
    DRVADC_drvadc.o(i.DrvADC_AnalysisAdcCalibration) refers to sfr.o(.ARM.__AT_0x400E0000) for ADC
    DRVADC_drvadc.o(i.DrvADC_AnalysisAdcCalibration) refers to DRVADC_drvadc.o(.data) for .data
    DRVADC_drvadc.o(i.DrvADC_ClearAdcIntFlag) refers to sfr.o(.ARM.__AT_0x400E0000) for ADC
    DRVADC_drvadc.o(i.DrvADC_Close) refers to DRVADC_drvadc.o(i.DrvADC_ClearAdcIntFlag) for DrvADC_ClearAdcIntFlag
    DRVADC_drvadc.o(i.DrvADC_Close) refers to sfr.o(.ARM.__AT_0x400E0000) for ADC
    DRVADC_drvadc.o(i.DrvADC_Close) refers to sfr.o(.ARM.__AT_0x50000200) for CLK
    DRVADC_drvadc.o(i.DrvADC_GetAveCalibrationValue) refers to DRVADC_drvadc.o(.data) for .data
    DRVADC_drvadc.o(i.DrvADC_GetConversionDataSigned) refers to sfr.o(.ARM.__AT_0x400E0000) for ADC
    DRVADC_drvadc.o(i.DrvADC_Open) refers to sfr.o(.ARM.__AT_0x50000200) for CLK
    DRVADC_drvadc.o(i.DrvADC_Open) refers to sfr.o(.ARM.__AT_0x50000000) for SYS
    DRVCLK_drvclk_f072.o(i.DrvCLK_DisableWakeUpInt) refers to sfr.o(.ARM.__AT_0x50000200) for CLK
    DRVCLK_drvclk_f072.o(i.DrvCLK_EnableWakeUpInt) refers to sfr.o(.ARM.__AT_0x50000200) for CLK
    DRVCLK_drvclk_f072.o(i.DrvCLK_GetClkPwm) refers to DRVCLK_drvclk_f072.o(i.DrvCLK_GetHclk) for DrvCLK_GetHclk
    DRVCLK_drvclk_f072.o(i.DrvCLK_GetClkPwm) refers to sfr.o(.ARM.__AT_0x50000200) for CLK
    DRVCLK_drvclk_f072.o(i.DrvCLK_GetClkSrcSPI0) refers to DRVCLK_drvclk_f072.o(i.DrvCLK_GetHclk) for DrvCLK_GetHclk
    DRVCLK_drvclk_f072.o(i.DrvCLK_GetClkSrcSPI0) refers to DRVCLK_drvclk_f072.o(i.DrvCLK_GetPLLOutput) for DrvCLK_GetPLLOutput
    DRVCLK_drvclk_f072.o(i.DrvCLK_GetClkSrcSPI0) refers to sfr.o(.ARM.__AT_0x50000200) for CLK
    DRVCLK_drvclk_f072.o(i.DrvCLK_GetClkTmrf) refers to sfr.o(.ARM.__AT_0x50000200) for CLK
    DRVCLK_drvclk_f072.o(i.DrvCLK_GetClkWdt) refers to DRVCLK_drvclk_f072.o(i.DrvCLK_GetHclk) for DrvCLK_GetHclk
    DRVCLK_drvclk_f072.o(i.DrvCLK_GetClkWdt) refers to sfr.o(.ARM.__AT_0x50000200) for CLK
    DRVCLK_drvclk_f072.o(i.DrvCLK_GetHclk) refers to aeabi_sdiv.o(.text) for __aeabi_uidivmod
    DRVCLK_drvclk_f072.o(i.DrvCLK_GetHclk) refers to DRVCLK_drvclk_f072.o(i.DrvCLK_GetPLLOutput) for DrvCLK_GetPLLOutput
    DRVCLK_drvclk_f072.o(i.DrvCLK_GetHclk) refers to sfr.o(.ARM.__AT_0x50000200) for CLK
    DRVCLK_drvclk_f072.o(i.DrvCLK_GetPLLOutput) refers to sfr.o(.ARM.__AT_0x50000200) for CLK
    DRVCLK_drvclk_f072.o(i.DrvCLK_GetSrcClkAdc) refers to DRVCLK_drvclk_f072.o(i.DrvCLK_GetHclk) for DrvCLK_GetHclk
    DRVCLK_drvclk_f072.o(i.DrvCLK_GetSrcClkAdc) refers to DRVCLK_drvclk_f072.o(i.DrvCLK_GetPLLOutput) for DrvCLK_GetPLLOutput
    DRVCLK_drvclk_f072.o(i.DrvCLK_GetSrcClkAdc) refers to sfr.o(.ARM.__AT_0x50000200) for CLK
    DRVCLK_drvclk_f072.o(i.DrvCLK_GetTimerClk) refers to DRVCLK_drvclk_f072.o(i.DrvCLK_GetHclk) for DrvCLK_GetHclk
    DRVSPI_drvspi_f072.o(i.DrvSPI_Close) refers to DRVSPI_drvspi_f072.o(i.NVIC_DisableIRQ) for NVIC_DisableIRQ
    DRVSPI_drvspi_f072.o(i.DrvSPI_Close) refers to sfr.o(.ARM.__AT_0x50000200) for CLK
    DRVSPI_drvspi_f072.o(i.DrvSPI_DisableInt) refers to DRVSPI_drvspi_f072.o(i.NVIC_DisableIRQ) for NVIC_DisableIRQ
    DRVSPI_drvspi_f072.o(i.DrvSPI_Open) refers to DRVCLK_drvclk_f072.o(i.DrvCLK_GetHclk) for DrvCLK_GetHclk
    DRVSPI_drvspi_f072.o(i.DrvSPI_Open) refers to aeabi_sdiv.o(.text) for __aeabi_uidivmod
    DRVSPI_drvspi_f072.o(i.DrvSPI_Open) refers to sfr.o(.ARM.__AT_0x50000200) for CLK
    DRVSPI_drvspi_f072.o(i.DrvSPI_Open) refers to sfr.o(.ARM.__AT_0x50000000) for SYS
    DRVSYS_drvsys.o(i.DrvSYS_UnlockKeyReg) refers to sfr.o(.ARM.__AT_0x50000000) for SYS
    DRVTIMER_drvtimer.o(i.DrvCLK_DisableApbDeviceClock) refers to sfr.o(.ARM.__AT_0x50000200) for CLK
    DRVTIMER_drvtimer.o(i.DrvCLK_EnableApbDeviceClock) refers to sfr.o(.ARM.__AT_0x50000200) for CLK
    DRVTIMER_drvtimer.o(i.DrvCLK_GetClkTmr0) refers to DRVCLK_drvclk_f072.o(i.DrvCLK_GetTimerClk) for DrvCLK_GetTimerClk
    DRVTIMER_drvtimer.o(i.DrvCLK_GetClkTmr0) refers to sfr.o(.ARM.__AT_0x50000200) for CLK
    DRVTIMER_drvtimer.o(i.DrvCLK_GetClkTmr1) refers to DRVCLK_drvclk_f072.o(i.DrvCLK_GetTimerClk) for DrvCLK_GetTimerClk
    DRVTIMER_drvtimer.o(i.DrvCLK_GetClkTmr1) refers to sfr.o(.ARM.__AT_0x50000200) for CLK
    DRVTIMER_drvtimer.o(i.DrvCLK_GetClkTmr2) refers to DRVCLK_drvclk_f072.o(i.DrvCLK_GetTimerClk) for DrvCLK_GetTimerClk
    DRVTIMER_drvtimer.o(i.DrvCLK_GetClkTmr2) refers to sfr.o(.ARM.__AT_0x50000200) for CLK
    DRVTIMER_drvtimer.o(i.DrvSYS_ResetIP) refers to sfr.o(.ARM.__AT_0x50000000) for SYS
    DRVTIMER_drvtimer.o(i.DrvTimer_CloseTmr0) refers to DRVTIMER_drvtimer.o(i.DrvSYS_ResetIP) for DrvSYS_ResetIP
    DRVTIMER_drvtimer.o(i.DrvTimer_CloseTmr0) refers to DRVTIMER_drvtimer.o(i.DrvCLK_DisableApbDeviceClock) for DrvCLK_DisableApbDeviceClock
    DRVTIMER_drvtimer.o(i.DrvTimer_CloseTmr1) refers to DRVTIMER_drvtimer.o(i.DrvSYS_ResetIP) for DrvSYS_ResetIP
    DRVTIMER_drvtimer.o(i.DrvTimer_CloseTmr1) refers to DRVTIMER_drvtimer.o(i.DrvCLK_DisableApbDeviceClock) for DrvCLK_DisableApbDeviceClock
    DRVTIMER_drvtimer.o(i.DrvTimer_CloseTmr1) refers to sfr.o(.ARM.__AT_0x40010034) for TMRIR
    DRVTIMER_drvtimer.o(i.DrvTimer_CloseTmr2) refers to DRVTIMER_drvtimer.o(i.DrvSYS_ResetIP) for DrvSYS_ResetIP
    DRVTIMER_drvtimer.o(i.DrvTimer_CloseTmr2) refers to DRVTIMER_drvtimer.o(i.DrvCLK_DisableApbDeviceClock) for DrvCLK_DisableApbDeviceClock
    DRVTIMER_drvtimer.o(i.DrvTimer_OpenTmr0) refers to DRVTIMER_drvtimer.o(i.DrvCLK_EnableApbDeviceClock) for DrvCLK_EnableApbDeviceClock
    DRVTIMER_drvtimer.o(i.DrvTimer_OpenTmr0) refers to DRVTIMER_drvtimer.o(i.DrvSYS_ResetIP) for DrvSYS_ResetIP
    DRVTIMER_drvtimer.o(i.DrvTimer_OpenTmr0) refers to sfr.o(.ARM.__AT_0x40010000) for TMR0
    DRVTIMER_drvtimer.o(i.DrvTimer_OpenTmr1) refers to DRVTIMER_drvtimer.o(i.DrvCLK_EnableApbDeviceClock) for DrvCLK_EnableApbDeviceClock
    DRVTIMER_drvtimer.o(i.DrvTimer_OpenTmr1) refers to DRVTIMER_drvtimer.o(i.DrvSYS_ResetIP) for DrvSYS_ResetIP
    DRVTIMER_drvtimer.o(i.DrvTimer_OpenTmr1) refers to sfr.o(.ARM.__AT_0x40010034) for TMRIR
    DRVTIMER_drvtimer.o(i.DrvTimer_OpenTmr1) refers to sfr.o(.ARM.__AT_0x40010020) for TMR1
    DRVTIMER_drvtimer.o(i.DrvTimer_OpenTmr2) refers to DRVTIMER_drvtimer.o(i.DrvCLK_EnableApbDeviceClock) for DrvCLK_EnableApbDeviceClock
    DRVTIMER_drvtimer.o(i.DrvTimer_OpenTmr2) refers to DRVTIMER_drvtimer.o(i.DrvSYS_ResetIP) for DrvSYS_ResetIP
    DRVTIMER_drvtimer.o(i.DrvTimer_OpenTmr2) refers to sfr.o(.ARM.__AT_0x40010040) for TMR2
    DRVTIMER_drvtimer.o(i.DrvTimer_WaitMicrosecondTmr0) refers to DRVTIMER_drvtimer.o(i.DrvCLK_GetClkTmr0) for DrvCLK_GetClkTmr0
    DRVTIMER_drvtimer.o(i.DrvTimer_WaitMicrosecondTmr0) refers to aeabi_sdiv.o(.text) for __aeabi_uidivmod
    DRVTIMER_drvtimer.o(i.DrvTimer_WaitMicrosecondTmr0) refers to DRVTIMER_drvtimer.o(i.DrvTimer_OpenTmr0) for DrvTimer_OpenTmr0
    DRVTIMER_drvtimer.o(i.DrvTimer_WaitMicrosecondTmr0) refers to DRVTIMER_drvtimer.o(i.DrvTimer_CloseTmr0) for DrvTimer_CloseTmr0
    DRVTIMER_drvtimer.o(i.DrvTimer_WaitMicrosecondTmr0) refers to sfr.o(.ARM.__AT_0x40010000) for TMR0
    DRVTIMER_drvtimer.o(i.DrvTimer_WaitMicrosecondTmr1) refers to DRVTIMER_drvtimer.o(i.DrvCLK_GetClkTmr1) for DrvCLK_GetClkTmr1
    DRVTIMER_drvtimer.o(i.DrvTimer_WaitMicrosecondTmr1) refers to aeabi_sdiv.o(.text) for __aeabi_uidivmod
    DRVTIMER_drvtimer.o(i.DrvTimer_WaitMicrosecondTmr1) refers to DRVTIMER_drvtimer.o(i.DrvTimer_OpenTmr1) for DrvTimer_OpenTmr1
    DRVTIMER_drvtimer.o(i.DrvTimer_WaitMicrosecondTmr1) refers to DRVTIMER_drvtimer.o(i.DrvTimer_CloseTmr1) for DrvTimer_CloseTmr1
    DRVTIMER_drvtimer.o(i.DrvTimer_WaitMicrosecondTmr1) refers to sfr.o(.ARM.__AT_0x40010020) for TMR1
    DRVTIMER_drvtimer.o(i.DrvTimer_WaitMicrosecondTmr2) refers to DRVTIMER_drvtimer.o(i.DrvCLK_GetClkTmr2) for DrvCLK_GetClkTmr2
    DRVTIMER_drvtimer.o(i.DrvTimer_WaitMicrosecondTmr2) refers to aeabi_sdiv.o(.text) for __aeabi_uidivmod
    DRVTIMER_drvtimer.o(i.DrvTimer_WaitMicrosecondTmr2) refers to DRVTIMER_drvtimer.o(i.DrvTimer_OpenTmr2) for DrvTimer_OpenTmr2
    DRVTIMER_drvtimer.o(i.DrvTimer_WaitMicrosecondTmr2) refers to DRVTIMER_drvtimer.o(i.DrvTimer_CloseTmr2) for DrvTimer_CloseTmr2
    DRVTIMER_drvtimer.o(i.DrvTimer_WaitMicrosecondTmr2) refers to sfr.o(.ARM.__AT_0x40010040) for TMR2
    DRVTIMER_drvtimer.o(i.DrvTimer_WaitMillisecondTmr0) refers to DRVTIMER_drvtimer.o(i.DrvCLK_GetClkTmr0) for DrvCLK_GetClkTmr0
    DRVTIMER_drvtimer.o(i.DrvTimer_WaitMillisecondTmr0) refers to aeabi_sdiv.o(.text) for __aeabi_uidivmod
    DRVTIMER_drvtimer.o(i.DrvTimer_WaitMillisecondTmr0) refers to DRVTIMER_drvtimer.o(i.DrvTimer_OpenTmr0) for DrvTimer_OpenTmr0
    DRVTIMER_drvtimer.o(i.DrvTimer_WaitMillisecondTmr0) refers to DRVTIMER_drvtimer.o(i.DrvTimer_CloseTmr0) for DrvTimer_CloseTmr0
    DRVTIMER_drvtimer.o(i.DrvTimer_WaitMillisecondTmr0) refers to sfr.o(.ARM.__AT_0x40010000) for TMR0
    DRVTIMER_drvtimer.o(i.DrvTimer_WaitMillisecondTmr1) refers to DRVTIMER_drvtimer.o(i.DrvCLK_GetClkTmr1) for DrvCLK_GetClkTmr1
    DRVTIMER_drvtimer.o(i.DrvTimer_WaitMillisecondTmr1) refers to aeabi_sdiv.o(.text) for __aeabi_uidivmod
    DRVTIMER_drvtimer.o(i.DrvTimer_WaitMillisecondTmr1) refers to DRVTIMER_drvtimer.o(i.DrvTimer_OpenTmr1) for DrvTimer_OpenTmr1
    DRVTIMER_drvtimer.o(i.DrvTimer_WaitMillisecondTmr1) refers to DRVTIMER_drvtimer.o(i.DrvTimer_CloseTmr1) for DrvTimer_CloseTmr1
    DRVTIMER_drvtimer.o(i.DrvTimer_WaitMillisecondTmr1) refers to sfr.o(.ARM.__AT_0x40010020) for TMR1
    DRVTIMER_drvtimer.o(i.DrvTimer_WaitMillisecondTmr2) refers to DRVTIMER_drvtimer.o(i.DrvCLK_GetClkTmr2) for DrvCLK_GetClkTmr2
    DRVTIMER_drvtimer.o(i.DrvTimer_WaitMillisecondTmr2) refers to aeabi_sdiv.o(.text) for __aeabi_uidivmod
    DRVTIMER_drvtimer.o(i.DrvTimer_WaitMillisecondTmr2) refers to DRVTIMER_drvtimer.o(i.DrvTimer_OpenTmr2) for DrvTimer_OpenTmr2
    DRVTIMER_drvtimer.o(i.DrvTimer_WaitMillisecondTmr2) refers to DRVTIMER_drvtimer.o(i.DrvTimer_CloseTmr2) for DrvTimer_CloseTmr2
    DRVTIMER_drvtimer.o(i.DrvTimer_WaitMillisecondTmr2) refers to sfr.o(.ARM.__AT_0x40010040) for TMR2
    __main.o(!!!main) refers to __rtentry.o(.ARM.Collect$$rtentry$$00000000) for __rt_entry
    __rtentry.o(.ARM.Collect$$rtentry$$00000000) refers (Special) to __rtentry2.o(.ARM.Collect$$rtentry$$0000000A) for __rt_entry_li
    __rtentry.o(.ARM.Collect$$rtentry$$00000000) refers (Special) to __rtentry2.o(.ARM.Collect$$rtentry$$0000000D) for __rt_entry_main
    __rtentry.o(.ARM.Collect$$rtentry$$00000000) refers (Special) to __rtentry2.o(.ARM.Collect$$rtentry$$0000000C) for __rt_entry_postli_1
    __rtentry.o(.ARM.Collect$$rtentry$$00000000) refers (Special) to __rtentry2.o(.ARM.Collect$$rtentry$$00000009) for __rt_entry_postsh_1
    __rtentry.o(.ARM.Collect$$rtentry$$00000000) refers (Special) to __rtentry2.o(.ARM.Collect$$rtentry$$00000002) for __rt_entry_presh_1
    __rtentry.o(.ARM.Collect$$rtentry$$00000000) refers (Special) to __rtentry4.o(.ARM.Collect$$rtentry$$00000004) for __rt_entry_sh
    aeabi_idiv0_sigfpe.o(.text) refers to rt_div0.o(.text) for __rt_div0
    __rtentry2.o(.ARM.Collect$$rtentry$$00000008) refers to boardinit2.o(.text) for _platform_post_stackheap_init
    __rtentry2.o(.ARM.Collect$$rtentry$$0000000A) refers to libinit.o(.ARM.Collect$$libinit$$00000000) for __rt_lib_init
    __rtentry2.o(.ARM.Collect$$rtentry$$0000000B) refers to boardinit3.o(.text) for _platform_post_lib_init
    __rtentry2.o(.ARM.Collect$$rtentry$$0000000D) refers to main.o(.text) for main
    __rtentry2.o(.ARM.Collect$$rtentry$$0000000D) refers to exit.o(.text) for exit
    __rtentry2.o(.ARM.exidx) refers to __rtentry2.o(.ARM.Collect$$rtentry$$00000001) for .ARM.Collect$$rtentry$$00000001
    __rtentry2.o(.ARM.exidx) refers to __rtentry2.o(.ARM.Collect$$rtentry$$00000008) for .ARM.Collect$$rtentry$$00000008
    __rtentry2.o(.ARM.exidx) refers to __rtentry2.o(.ARM.Collect$$rtentry$$0000000A) for .ARM.Collect$$rtentry$$0000000A
    __rtentry2.o(.ARM.exidx) refers to __rtentry2.o(.ARM.Collect$$rtentry$$0000000B) for .ARM.Collect$$rtentry$$0000000B
    __rtentry2.o(.ARM.exidx) refers to __rtentry2.o(.ARM.Collect$$rtentry$$0000000D) for .ARM.Collect$$rtentry$$0000000D
    __rtentry4.o(.ARM.Collect$$rtentry$$00000004) refers to sys_stackheap_outer.o(.text) for __user_setup_stackheap
    __rtentry4.o(.ARM.exidx) refers to __rtentry4.o(.ARM.Collect$$rtentry$$00000004) for .ARM.Collect$$rtentry$$00000004
    rt_div0.o(.text) refers to defsig_fpe_outer.o(.text) for __rt_SIGFPE
    sys_stackheap_outer.o(.text) refers to libspace.o(.text) for __user_perproc_libspace
    sys_stackheap_outer.o(.text) refers to startup_n572_keil.o(.text) for __user_initial_stackheap
    sys_stackheap_outer.o(__vectab_stack_and_reset_area) refers to tempstk.o(.text) for __temporary_stack_top
    sys_stackheap_outer.o(__vectab_stack_and_reset_area) refers to __main.o(!!!main) for __main
    exit.o(.text) refers to rtexit.o(.ARM.Collect$$rtexit$$00000000) for __rt_exit
    defsig_fpe_outer.o(.text) refers to defsig_fpe_inner.o(.text) for __rt_SIGFPE_inner
    defsig_fpe_outer.o(.text) refers to defsig_exit.o(.text) for __sig_exit
    defsig_fpe_formal.o(.text) refers to rt_raise.o(.text) for __rt_raise
    libinit.o(.ARM.Collect$$libinit$$00000000) refers (Special) to libinit2.o(.ARM.Collect$$libinit$$0000002E) for __rt_lib_init_alloca_1
    libinit.o(.ARM.Collect$$libinit$$00000000) refers (Special) to libinit2.o(.ARM.Collect$$libinit$$0000002C) for __rt_lib_init_argv_1
    libinit.o(.ARM.Collect$$libinit$$00000000) refers (Special) to libinit2.o(.ARM.Collect$$libinit$$0000001B) for __rt_lib_init_atexit_1
    libinit.o(.ARM.Collect$$libinit$$00000000) refers (Special) to libinit2.o(.ARM.Collect$$libinit$$00000021) for __rt_lib_init_clock_1
    libinit.o(.ARM.Collect$$libinit$$00000000) refers (Special) to libinit2.o(.ARM.Collect$$libinit$$00000032) for __rt_lib_init_cpp_1
    libinit.o(.ARM.Collect$$libinit$$00000000) refers (Special) to libinit2.o(.ARM.Collect$$libinit$$00000030) for __rt_lib_init_exceptions_1
    libinit.o(.ARM.Collect$$libinit$$00000000) refers (Special) to libinit2.o(.ARM.Collect$$libinit$$00000002) for __rt_lib_init_fp_1
    libinit.o(.ARM.Collect$$libinit$$00000000) refers (Special) to libinit2.o(.ARM.Collect$$libinit$$0000001F) for __rt_lib_init_fp_trap_1
    libinit.o(.ARM.Collect$$libinit$$00000000) refers (Special) to libinit2.o(.ARM.Collect$$libinit$$00000023) for __rt_lib_init_getenv_1
    libinit.o(.ARM.Collect$$libinit$$00000000) refers (Special) to libinit2.o(.ARM.Collect$$libinit$$0000000A) for __rt_lib_init_heap_1
    libinit.o(.ARM.Collect$$libinit$$00000000) refers (Special) to libinit2.o(.ARM.Collect$$libinit$$00000011) for __rt_lib_init_lc_collate_1
    libinit.o(.ARM.Collect$$libinit$$00000000) refers (Special) to libinit2.o(.ARM.Collect$$libinit$$00000013) for __rt_lib_init_lc_ctype_1
    libinit.o(.ARM.Collect$$libinit$$00000000) refers (Special) to libinit2.o(.ARM.Collect$$libinit$$00000015) for __rt_lib_init_lc_monetary_1
    libinit.o(.ARM.Collect$$libinit$$00000000) refers (Special) to libinit2.o(.ARM.Collect$$libinit$$00000017) for __rt_lib_init_lc_numeric_1
    libinit.o(.ARM.Collect$$libinit$$00000000) refers (Special) to libinit2.o(.ARM.Collect$$libinit$$00000019) for __rt_lib_init_lc_time_1
    libinit.o(.ARM.Collect$$libinit$$00000000) refers (Special) to libinit2.o(.ARM.Collect$$libinit$$00000004) for __rt_lib_init_preinit_1
    libinit.o(.ARM.Collect$$libinit$$00000000) refers (Special) to libinit2.o(.ARM.Collect$$libinit$$0000000E) for __rt_lib_init_rand_1
    libinit.o(.ARM.Collect$$libinit$$00000000) refers (Special) to libinit2.o(.ARM.Collect$$libinit$$00000033) for __rt_lib_init_return
    libinit.o(.ARM.Collect$$libinit$$00000000) refers (Special) to libinit2.o(.ARM.Collect$$libinit$$0000001D) for __rt_lib_init_signal_1
    libinit.o(.ARM.Collect$$libinit$$00000000) refers (Special) to libinit2.o(.ARM.Collect$$libinit$$00000025) for __rt_lib_init_stdio_1
    libinit.o(.ARM.Collect$$libinit$$00000000) refers (Special) to libinit2.o(.ARM.Collect$$libinit$$0000000C) for __rt_lib_init_user_alloc_1
    libspace.o(.text) refers to libspace.o(.bss) for __libspace_start
    rtexit.o(.ARM.Collect$$rtexit$$00000000) refers (Special) to rtexit2.o(.ARM.Collect$$rtexit$$00000004) for __rt_exit_exit
    rtexit.o(.ARM.Collect$$rtexit$$00000000) refers (Special) to rtexit2.o(.ARM.Collect$$rtexit$$00000003) for __rt_exit_ls
    rtexit.o(.ARM.Collect$$rtexit$$00000000) refers (Special) to rtexit2.o(.ARM.Collect$$rtexit$$00000002) for __rt_exit_prels_1
    rtexit.o(.ARM.exidx) refers (Special) to rtexit2.o(.ARM.Collect$$rtexit$$00000004) for __rt_exit_exit
    rtexit.o(.ARM.exidx) refers (Special) to rtexit2.o(.ARM.Collect$$rtexit$$00000003) for __rt_exit_ls
    rtexit.o(.ARM.exidx) refers (Special) to rtexit2.o(.ARM.Collect$$rtexit$$00000002) for __rt_exit_prels_1
    rtexit.o(.ARM.exidx) refers to rtexit.o(.ARM.Collect$$rtexit$$00000000) for .ARM.Collect$$rtexit$$00000000
    rt_raise.o(.text) refers to __raise.o(.text) for __raise
    rt_raise.o(.text) refers to sys_exit.o(.text) for _sys_exit
    defsig_exit.o(.text) refers to sys_exit.o(.text) for _sys_exit
    defsig_fpe_inner.o(.text) refers to defsig_general.o(.text) for __default_signal_display
    libinit2.o(.ARM.Collect$$libinit$$00000010) refers to libinit2.o(.ARM.Collect$$libinit$$0000000F) for .ARM.Collect$$libinit$$0000000F
    libinit2.o(.ARM.Collect$$libinit$$00000012) refers to libinit2.o(.ARM.Collect$$libinit$$0000000F) for .ARM.Collect$$libinit$$0000000F
    libinit2.o(.ARM.Collect$$libinit$$00000014) refers to libinit2.o(.ARM.Collect$$libinit$$0000000F) for .ARM.Collect$$libinit$$0000000F
    libinit2.o(.ARM.Collect$$libinit$$00000016) refers to libinit2.o(.ARM.Collect$$libinit$$0000000F) for .ARM.Collect$$libinit$$0000000F
    libinit2.o(.ARM.Collect$$libinit$$00000018) refers to libinit2.o(.ARM.Collect$$libinit$$0000000F) for .ARM.Collect$$libinit$$0000000F
    libinit2.o(.ARM.Collect$$libinit$$00000026) refers to argv_veneer.o(.text) for __ARM_argv_veneer
    libinit2.o(.ARM.Collect$$libinit$$00000027) refers to argv_veneer.o(.text) for __ARM_argv_veneer
    sys_exit.o(.text) refers (Special) to use_no_semi.o(.text) for __I$use$semihosting
    sys_exit.o(.text) refers (Special) to indicate_semi.o(.text) for __semihosting_library_function
    rtexit2.o(.ARM.Collect$$rtexit$$00000003) refers to libshutdown.o(.ARM.Collect$$libshutdown$$00000000) for __rt_lib_shutdown
    rtexit2.o(.ARM.Collect$$rtexit$$00000004) refers to sys_exit.o(.text) for _sys_exit
    rtexit2.o(.ARM.exidx) refers to rtexit2.o(.ARM.Collect$$rtexit$$00000001) for .ARM.Collect$$rtexit$$00000001
    rtexit2.o(.ARM.exidx) refers to rtexit2.o(.ARM.Collect$$rtexit$$00000003) for .ARM.Collect$$rtexit$$00000003
    rtexit2.o(.ARM.exidx) refers to rtexit2.o(.ARM.Collect$$rtexit$$00000004) for .ARM.Collect$$rtexit$$00000004
    __raise.o(.text) refers to defsig.o(CL$$defsig) for __default_signal_handler
    defsig_general.o(.text) refers to sys_wrch.o(.text) for _ttywrch
    sys_wrch.o(.text) refers (Special) to use_no_semi.o(.text) for __I$use$semihosting
    sys_wrch.o(.text) refers (Special) to indicate_semi.o(.text) for __semihosting_library_function
    defsig.o(CL$$defsig) refers to defsig_fpe_inner.o(.text) for __rt_SIGFPE_inner
    defsig.o(CL$$defsig) refers to defsig_rtmem_inner.o(.text) for __rt_SIGRTMEM_inner
    _get_argv_nomalloc.o(.text) refers (Special) to hrguard.o(.text) for __heap_region$guard
    _get_argv_nomalloc.o(.text) refers to defsig_rtmem_outer.o(.text) for __rt_SIGRTMEM
    _get_argv_nomalloc.o(.text) refers to sys_command.o(.text) for _sys_command_string
    libshutdown.o(.ARM.Collect$$libshutdown$$00000000) refers (Special) to libshutdown2.o(.ARM.Collect$$libshutdown$$00000002) for __rt_lib_shutdown_cpp_1
    libshutdown.o(.ARM.Collect$$libshutdown$$00000000) refers (Special) to libshutdown2.o(.ARM.Collect$$libshutdown$$00000007) for __rt_lib_shutdown_fp_trap_1
    libshutdown.o(.ARM.Collect$$libshutdown$$00000000) refers (Special) to libshutdown2.o(.ARM.Collect$$libshutdown$$0000000F) for __rt_lib_shutdown_heap_1
    libshutdown.o(.ARM.Collect$$libshutdown$$00000000) refers (Special) to libshutdown2.o(.ARM.Collect$$libshutdown$$00000010) for __rt_lib_shutdown_return
    libshutdown.o(.ARM.Collect$$libshutdown$$00000000) refers (Special) to libshutdown2.o(.ARM.Collect$$libshutdown$$0000000A) for __rt_lib_shutdown_signal_1
    libshutdown.o(.ARM.Collect$$libshutdown$$00000000) refers (Special) to libshutdown2.o(.ARM.Collect$$libshutdown$$00000004) for __rt_lib_shutdown_stdio_1
    libshutdown.o(.ARM.Collect$$libshutdown$$00000000) refers (Special) to libshutdown2.o(.ARM.Collect$$libshutdown$$0000000C) for __rt_lib_shutdown_user_alloc_1
    sys_command.o(.text) refers (Special) to use_no_semi.o(.text) for __I$use$semihosting
    sys_command.o(.text) refers (Special) to indicate_semi.o(.text) for __semihosting_library_function
    defsig_abrt_inner.o(.text) refers to defsig_general.o(.text) for __default_signal_display
    defsig_rtred_inner.o(.text) refers to defsig_general.o(.text) for __default_signal_display
    defsig_rtmem_inner.o(.text) refers to defsig_general.o(.text) for __default_signal_display
    defsig_rtmem_outer.o(.text) refers to defsig_rtmem_inner.o(.text) for __rt_SIGRTMEM_inner
    defsig_rtmem_outer.o(.text) refers to defsig_exit.o(.text) for __sig_exit
    defsig_rtmem_formal.o(.text) refers to rt_raise.o(.text) for __rt_raise
    defsig_stak_inner.o(.text) refers to defsig_general.o(.text) for __default_signal_display
    defsig_pvfn_inner.o(.text) refers to defsig_general.o(.text) for __default_signal_display
    defsig_cppl_inner.o(.text) refers to defsig_general.o(.text) for __default_signal_display
    defsig_segv_inner.o(.text) refers to defsig_general.o(.text) for __default_signal_display
    defsig_other.o(.text) refers to defsig_general.o(.text) for __default_signal_display


==============================================================================

Removing Unused input sections from the image.

    Removing spi.o(.data), (32 bytes).
    Removing core_cm0.o(.emb_text), (32 bytes).
    Removing DRVADC_drvadc.o(i.DrvADC_Close), (36 bytes).
    Removing DRVADC_drvadc.o(i.DrvADC_GetAveCalibrationValue), (12 bytes).
    Removing DRVADC_drvadc.o(i.DrvADC_GetVersion), (8 bytes).
    Removing DRVCLK_drvclk_f072.o(i.DrvCLK_DisableWakeUpInt), (28 bytes).
    Removing DRVCLK_drvclk_f072.o(i.DrvCLK_EnableWakeUpInt), (36 bytes).
    Removing DRVCLK_drvclk_f072.o(i.DrvCLK_GetClkPwm), (44 bytes).
    Removing DRVCLK_drvclk_f072.o(i.DrvCLK_GetClkSrcSPI0), (44 bytes).
    Removing DRVCLK_drvclk_f072.o(i.DrvCLK_GetClkTmrf), (44 bytes).
    Removing DRVCLK_drvclk_f072.o(i.DrvCLK_GetClkWdt), (56 bytes).
    Removing DRVCLK_drvclk_f072.o(i.DrvCLK_GetVersion), (8 bytes).
    Removing DRVSPI_drvspi_f072.o(i.DrvSPI_DisableInt), (36 bytes).
    Removing DRVSPI_drvspi_f072.o(i.DrvSPI_GetVersion), (6 bytes).
    Removing DRVSYS_drvsys.o(i.DrvSYS_GetVersion), (8 bytes).
    Removing DRVTIMER_drvtimer.o(i.DrvCLK_GetClkTmr0), (20 bytes).
    Removing DRVTIMER_drvtimer.o(i.DrvCLK_GetClkTmr1), (20 bytes).
    Removing DRVTIMER_drvtimer.o(i.DrvTimer_CloseTmr0), (16 bytes).
    Removing DRVTIMER_drvtimer.o(i.DrvTimer_CloseTmr1), (28 bytes).
    Removing DRVTIMER_drvtimer.o(i.DrvTimer_GetVersion), (8 bytes).
    Removing DRVTIMER_drvtimer.o(i.DrvTimer_OpenTmr0), (40 bytes).
    Removing DRVTIMER_drvtimer.o(i.DrvTimer_OpenTmr1), (48 bytes).
    Removing DRVTIMER_drvtimer.o(i.DrvTimer_WaitMicrosecondTmr0), (56 bytes).
    Removing DRVTIMER_drvtimer.o(i.DrvTimer_WaitMicrosecondTmr1), (60 bytes).
    Removing DRVTIMER_drvtimer.o(i.DrvTimer_WaitMicrosecondTmr2), (56 bytes).
    Removing DRVTIMER_drvtimer.o(i.DrvTimer_WaitMillisecondTmr0), (56 bytes).
    Removing DRVTIMER_drvtimer.o(i.DrvTimer_WaitMillisecondTmr1), (60 bytes).

27 unused section(s) (total 898 bytes) removed from the image.

==============================================================================

Image Symbol Table

    Local Symbols

    Symbol Name                              Value     Ov Type        Size  Object(Section)

    RESET                                    0x00000000   Section      124  startup_n572_keil.o(RESET)
    ../clib/angel/boardlib.s                 0x00000000   Number         0  boardinit3.o ABSOLUTE
    ../clib/angel/boardlib.s                 0x00000000   Number         0  boardinit2.o ABSOLUTE
    ../clib/angel/boardlib.s                 0x00000000   Number         0  boardinit1.o ABSOLUTE
    ../clib/angel/boardlib.s                 0x00000000   Number         0  boardshut.o ABSOLUTE
    ../clib/angel/handlers.s                 0x00000000   Number         0  __scatter_zi.o ABSOLUTE
    ../clib/angel/handlers.s                 0x00000000   Number         0  __scatter_copy.o ABSOLUTE
    ../clib/angel/kernel.s                   0x00000000   Number         0  __rtentry4.o ABSOLUTE
    ../clib/angel/kernel.s                   0x00000000   Number         0  rtexit.o ABSOLUTE
    ../clib/angel/kernel.s                   0x00000000   Number         0  __rtentry2.o ABSOLUTE
    ../clib/angel/kernel.s                   0x00000000   Number         0  rtexit2.o ABSOLUTE
    ../clib/angel/kernel.s                   0x00000000   Number         0  __rtentry.o ABSOLUTE
    ../clib/angel/rt.s                       0x00000000   Number         0  aeabi_idiv0.o ABSOLUTE
    ../clib/angel/rt.s                       0x00000000   Number         0  aeabi_idiv0_sigfpe.o ABSOLUTE
    ../clib/angel/rt.s                       0x00000000   Number         0  rt_raise.o ABSOLUTE
    ../clib/angel/rt.s                       0x00000000   Number         0  rt_div0.o ABSOLUTE
    ../clib/angel/scatterp.s                 0x00000000   Number         0  __scatter.o ABSOLUTE
    ../clib/angel/startup.s                  0x00000000   Number         0  __main.o ABSOLUTE
    ../clib/angel/sys.s                      0x00000000   Number         0  sys_stackheap_outer.o ABSOLUTE
    ../clib/angel/sys.s                      0x00000000   Number         0  tempstk.o ABSOLUTE
    ../clib/angel/sys.s                      0x00000000   Number         0  libspace.o ABSOLUTE
    ../clib/angel/sys.s                      0x00000000   Number         0  use_no_semi.o ABSOLUTE
    ../clib/angel/sys.s                      0x00000000   Number         0  indicate_semi.o ABSOLUTE
    ../clib/angel/sysapp.c                   0x00000000   Number         0  sys_command.o ABSOLUTE
    ../clib/angel/sysapp.c                   0x00000000   Number         0  sys_exit.o ABSOLUTE
    ../clib/angel/sysapp.c                   0x00000000   Number         0  sys_wrch.o ABSOLUTE
    ../clib/armsys.c                         0x00000000   Number         0  argv_veneer.o ABSOLUTE
    ../clib/armsys.c                         0x00000000   Number         0  no_argv.o ABSOLUTE
    ../clib/armsys.c                         0x00000000   Number         0  _get_argv_nomalloc.o ABSOLUTE
    ../clib/division.s                       0x00000000   Number         0  aeabi_sdiv.o ABSOLUTE
    ../clib/division.s                       0x00000000   Number         0  aeabi_sdiv_div0.o ABSOLUTE
    ../clib/heapalloc.c                      0x00000000   Number         0  hrguard.o ABSOLUTE
    ../clib/heapaux.c                        0x00000000   Number         0  heapauxi.o ABSOLUTE
    ../clib/libinit.s                        0x00000000   Number         0  libinit2.o ABSOLUTE
    ../clib/libinit.s                        0x00000000   Number         0  libshutdown2.o ABSOLUTE
    ../clib/libinit.s                        0x00000000   Number         0  libshutdown.o ABSOLUTE
    ../clib/libinit.s                        0x00000000   Number         0  libinit.o ABSOLUTE
    ../clib/signal.c                         0x00000000   Number         0  defsig_cppl_inner.o ABSOLUTE
    ../clib/signal.c                         0x00000000   Number         0  defsig_fpe_inner.o ABSOLUTE
    ../clib/signal.c                         0x00000000   Number         0  defsig_exit.o ABSOLUTE
    ../clib/signal.c                         0x00000000   Number         0  defsig_fpe_formal.o ABSOLUTE
    ../clib/signal.c                         0x00000000   Number         0  defsig_fpe_outer.o ABSOLUTE
    ../clib/signal.c                         0x00000000   Number         0  __raise.o ABSOLUTE
    ../clib/signal.c                         0x00000000   Number         0  defsig_segv_inner.o ABSOLUTE
    ../clib/signal.c                         0x00000000   Number         0  defsig_other.o ABSOLUTE
    ../clib/signal.c                         0x00000000   Number         0  defsig_pvfn_inner.o ABSOLUTE
    ../clib/signal.c                         0x00000000   Number         0  defsig_stak_inner.o ABSOLUTE
    ../clib/signal.c                         0x00000000   Number         0  defsig_rtmem_formal.o ABSOLUTE
    ../clib/signal.c                         0x00000000   Number         0  defsig_rtmem_outer.o ABSOLUTE
    ../clib/signal.c                         0x00000000   Number         0  defsig_rtmem_inner.o ABSOLUTE
    ../clib/signal.c                         0x00000000   Number         0  defsig_rtred_inner.o ABSOLUTE
    ../clib/signal.c                         0x00000000   Number         0  defsig_abrt_inner.o ABSOLUTE
    ../clib/signal.c                         0x00000000   Number         0  defsig_general.o ABSOLUTE
    ../clib/signal.s                         0x00000000   Number         0  defsig.o ABSOLUTE
    ../clib/stdlib.c                         0x00000000   Number         0  exit.o ABSOLUTE
    ../fplib/cfplib/fpinit.c                 0x00000000   Number         0  fpinit.o ABSOLUTE
    ..\Nuvoton\CMSIS\CM0\core_cm0.c          0x00000000   Number         0  core_cm0.o ABSOLUTE
    ..\Nuvoton\CMSIS\CM0\startup\arm\startup_N572_Keil.s 0x00000000   Number         0  startup_n572_keil.o ABSOLUTE
    ..\Nuvoton\HW\Include\SFR.c              0x00000000   Number         0  sfr.o ABSOLUTE
    ..\\Nuvoton\\CMSIS\\CM0\\core_cm0.c      0x00000000   Number         0  core_cm0.o ABSOLUTE
    Adc.c                                    0x00000000   Number         0  adc.o ABSOLUTE
    DrvADC.c                                 0x00000000   Number         0  DRVADC_drvadc.o ABSOLUTE
    DrvCLK_F072.c                            0x00000000   Number         0  DRVCLK_drvclk_f072.o ABSOLUTE
    DrvSPI_F072.c                            0x00000000   Number         0  DRVSPI_drvspi_f072.o ABSOLUTE
    DrvSYS.c                                 0x00000000   Number         0  DRVSYS_drvsys.o ABSOLUTE
    DrvTimer.c                               0x00000000   Number         0  DRVTIMER_drvtimer.o ABSOLUTE
    Main.c                                   0x00000000   Number         0  main.o ABSOLUTE
    Spi.c                                    0x00000000   Number         0  spi.o ABSOLUTE
    !!!main                                  0x0000007c   Section        8  __main.o(!!!main)
    !!!scatter                               0x00000084   Section       60  __scatter.o(!!!scatter)
    !!handler_copy                           0x000000c0   Section       26  __scatter_copy.o(!!handler_copy)
    !!handler_zi                             0x000000dc   Section       28  __scatter_zi.o(!!handler_zi)
    .ARM.Collect$$libinit$$00000000          0x000000f8   Section        2  libinit.o(.ARM.Collect$$libinit$$00000000)
    .ARM.Collect$$libinit$$00000002          0x000000fa   Section        0  libinit2.o(.ARM.Collect$$libinit$$00000002)
    .ARM.Collect$$libinit$$00000004          0x000000fa   Section        0  libinit2.o(.ARM.Collect$$libinit$$00000004)
    .ARM.Collect$$libinit$$0000000A          0x000000fa   Section        0  libinit2.o(.ARM.Collect$$libinit$$0000000A)
    .ARM.Collect$$libinit$$0000000C          0x000000fa   Section        0  libinit2.o(.ARM.Collect$$libinit$$0000000C)
    .ARM.Collect$$libinit$$0000000E          0x000000fa   Section        0  libinit2.o(.ARM.Collect$$libinit$$0000000E)
    .ARM.Collect$$libinit$$00000011          0x000000fa   Section        0  libinit2.o(.ARM.Collect$$libinit$$00000011)
    .ARM.Collect$$libinit$$00000013          0x000000fa   Section        0  libinit2.o(.ARM.Collect$$libinit$$00000013)
    .ARM.Collect$$libinit$$00000015          0x000000fa   Section        0  libinit2.o(.ARM.Collect$$libinit$$00000015)
    .ARM.Collect$$libinit$$00000017          0x000000fa   Section        0  libinit2.o(.ARM.Collect$$libinit$$00000017)
    .ARM.Collect$$libinit$$00000019          0x000000fa   Section        0  libinit2.o(.ARM.Collect$$libinit$$00000019)
    .ARM.Collect$$libinit$$0000001B          0x000000fa   Section        0  libinit2.o(.ARM.Collect$$libinit$$0000001B)
    .ARM.Collect$$libinit$$0000001D          0x000000fa   Section        0  libinit2.o(.ARM.Collect$$libinit$$0000001D)
    .ARM.Collect$$libinit$$0000001F          0x000000fa   Section        0  libinit2.o(.ARM.Collect$$libinit$$0000001F)
    .ARM.Collect$$libinit$$00000021          0x000000fa   Section        0  libinit2.o(.ARM.Collect$$libinit$$00000021)
    .ARM.Collect$$libinit$$00000023          0x000000fa   Section        0  libinit2.o(.ARM.Collect$$libinit$$00000023)
    .ARM.Collect$$libinit$$00000025          0x000000fa   Section        0  libinit2.o(.ARM.Collect$$libinit$$00000025)
    .ARM.Collect$$libinit$$0000002C          0x000000fa   Section        0  libinit2.o(.ARM.Collect$$libinit$$0000002C)
    .ARM.Collect$$libinit$$0000002E          0x000000fa   Section        0  libinit2.o(.ARM.Collect$$libinit$$0000002E)
    .ARM.Collect$$libinit$$00000030          0x000000fa   Section        0  libinit2.o(.ARM.Collect$$libinit$$00000030)
    .ARM.Collect$$libinit$$00000032          0x000000fa   Section        0  libinit2.o(.ARM.Collect$$libinit$$00000032)
    .ARM.Collect$$libinit$$00000033          0x000000fa   Section        2  libinit2.o(.ARM.Collect$$libinit$$00000033)
    .ARM.Collect$$libshutdown$$00000000      0x000000fc   Section        2  libshutdown.o(.ARM.Collect$$libshutdown$$00000000)
    .ARM.Collect$$libshutdown$$00000002      0x000000fe   Section        0  libshutdown2.o(.ARM.Collect$$libshutdown$$00000002)
    .ARM.Collect$$libshutdown$$00000004      0x000000fe   Section        0  libshutdown2.o(.ARM.Collect$$libshutdown$$00000004)
    .ARM.Collect$$libshutdown$$00000007      0x000000fe   Section        0  libshutdown2.o(.ARM.Collect$$libshutdown$$00000007)
    .ARM.Collect$$libshutdown$$0000000A      0x000000fe   Section        0  libshutdown2.o(.ARM.Collect$$libshutdown$$0000000A)
    .ARM.Collect$$libshutdown$$0000000C      0x000000fe   Section        0  libshutdown2.o(.ARM.Collect$$libshutdown$$0000000C)
    .ARM.Collect$$libshutdown$$0000000F      0x000000fe   Section        0  libshutdown2.o(.ARM.Collect$$libshutdown$$0000000F)
    .ARM.Collect$$libshutdown$$00000010      0x000000fe   Section        2  libshutdown2.o(.ARM.Collect$$libshutdown$$00000010)
    .ARM.Collect$$rtentry$$00000000          0x00000100   Section        0  __rtentry.o(.ARM.Collect$$rtentry$$00000000)
    .ARM.Collect$$rtentry$$00000002          0x00000100   Section        0  __rtentry2.o(.ARM.Collect$$rtentry$$00000002)
    .ARM.Collect$$rtentry$$00000004          0x00000100   Section        6  __rtentry4.o(.ARM.Collect$$rtentry$$00000004)
    .ARM.Collect$$rtentry$$00000009          0x00000106   Section        0  __rtentry2.o(.ARM.Collect$$rtentry$$00000009)
    .ARM.Collect$$rtentry$$0000000A          0x00000106   Section        4  __rtentry2.o(.ARM.Collect$$rtentry$$0000000A)
    .ARM.Collect$$rtentry$$0000000C          0x0000010a   Section        0  __rtentry2.o(.ARM.Collect$$rtentry$$0000000C)
    .ARM.Collect$$rtentry$$0000000D          0x0000010a   Section        8  __rtentry2.o(.ARM.Collect$$rtentry$$0000000D)
    .ARM.Collect$$rtexit$$00000000           0x00000112   Section        2  rtexit.o(.ARM.Collect$$rtexit$$00000000)
    .ARM.Collect$$rtexit$$00000002           0x00000114   Section        0  rtexit2.o(.ARM.Collect$$rtexit$$00000002)
    .ARM.Collect$$rtexit$$00000003           0x00000114   Section        4  rtexit2.o(.ARM.Collect$$rtexit$$00000003)
    .ARM.Collect$$rtexit$$00000004           0x00000118   Section        6  rtexit2.o(.ARM.Collect$$rtexit$$00000004)
    .text                                    0x00000120   Section        0  main.o(.text)
    DrvGPIO_ClearOutputBit                   0x00000231   Thumb Code     8  main.o(.text)
    SysClkConfigRC                           0x00000239   Thumb Code   116  main.o(.text)
    .text                                    0x000002c4   Section        0  adc.o(.text)
    DrvADC_SetRegulatorRC                    0x000002c5   Thumb Code    42  adc.o(.text)
    SkipAdcUnstableInput                     0x000002ef   Thumb Code    36  adc.o(.text)
    DrvADC_ClearAdcIntFlag                   0x0000047d   Thumb Code    18  adc.o(.text)
    DrvADC_StartConvert                      0x0000048f   Thumb Code    18  adc.o(.text)
    DrvADC_StopConvert                       0x000004a1   Thumb Code    16  adc.o(.text)
    .text                                    0x000004c0   Section        0  spi.o(.text)
    spiSlave_Read8                           0x00000553   Thumb Code    14  spi.o(.text)
    spiMaster_Read8                          0x0000060f   Thumb Code    14  spi.o(.text)
    DrvGPIO_GetInputPinValue                 0x000006bb   Thumb Code     8  spi.o(.text)
    DrvSPI_SetGo                             0x000006c3   Thumb Code    16  spi.o(.text)
    DrvSPI_SingleReadData0                   0x000006d3   Thumb Code     6  spi.o(.text)
    DrvSPI_SingleWriteData0                  0x000006d9   Thumb Code     4  spi.o(.text)
    .text                                    0x000006f4   Section       48  startup_n572_keil.o(.text)
    .text                                    0x00000724   Section      346  aeabi_sdiv.o(.text)
    .text                                    0x0000087e   Section        0  heapauxi.o(.text)
    .text                                    0x00000884   Section       62  sys_stackheap_outer.o(.text)
    .text                                    0x000008c2   Section        0  exit.o(.text)
    .text                                    0x000008d4   Section        8  libspace.o(.text)
    .text                                    0x000008dc   Section        0  sys_exit.o(.text)
    .text                                    0x000008e8   Section        2  use_no_semi.o(.text)
    .text                                    0x000008ea   Section        0  indicate_semi.o(.text)
    i.DrvADC_AnalysisAdcCalibration          0x000008ec   Section        0  DRVADC_drvadc.o(i.DrvADC_AnalysisAdcCalibration)
    i.DrvADC_ClearAdcIntFlag                 0x000009e0   Section        0  DRVADC_drvadc.o(i.DrvADC_ClearAdcIntFlag)
    DrvADC_ClearAdcIntFlag                   0x000009e1   Thumb Code    14  DRVADC_drvadc.o(i.DrvADC_ClearAdcIntFlag)
    i.DrvADC_GetConversionDataSigned         0x000009f4   Section        0  DRVADC_drvadc.o(i.DrvADC_GetConversionDataSigned)
    DrvADC_GetConversionDataSigned           0x000009f5   Thumb Code    10  DRVADC_drvadc.o(i.DrvADC_GetConversionDataSigned)
    i.DrvADC_Open                            0x00000a04   Section        0  DRVADC_drvadc.o(i.DrvADC_Open)
    i.DrvCLK_DisableApbDeviceClock           0x00000a24   Section        0  DRVTIMER_drvtimer.o(i.DrvCLK_DisableApbDeviceClock)
    DrvCLK_DisableApbDeviceClock             0x00000a25   Thumb Code    10  DRVTIMER_drvtimer.o(i.DrvCLK_DisableApbDeviceClock)
    i.DrvCLK_EnableApbDeviceClock            0x00000a34   Section        0  DRVTIMER_drvtimer.o(i.DrvCLK_EnableApbDeviceClock)
    DrvCLK_EnableApbDeviceClock              0x00000a35   Thumb Code    10  DRVTIMER_drvtimer.o(i.DrvCLK_EnableApbDeviceClock)
    i.DrvCLK_GetClkTmr2                      0x00000a44   Section        0  DRVTIMER_drvtimer.o(i.DrvCLK_GetClkTmr2)
    DrvCLK_GetClkTmr2                        0x00000a45   Thumb Code    16  DRVTIMER_drvtimer.o(i.DrvCLK_GetClkTmr2)
    i.DrvCLK_GetHclk                         0x00000a58   Section        0  DRVCLK_drvclk_f072.o(i.DrvCLK_GetHclk)
    i.DrvCLK_GetPLLOutput                    0x00000a98   Section        0  DRVCLK_drvclk_f072.o(i.DrvCLK_GetPLLOutput)
    i.DrvCLK_GetSrcClkAdc                    0x00000ab8   Section        0  DRVCLK_drvclk_f072.o(i.DrvCLK_GetSrcClkAdc)
    i.DrvCLK_GetTimerClk                     0x00000ae0   Section        0  DRVCLK_drvclk_f072.o(i.DrvCLK_GetTimerClk)
    i.DrvSPI_Close                           0x00000b08   Section        0  DRVSPI_drvspi_f072.o(i.DrvSPI_Close)
    i.DrvSPI_EnableInt                       0x00000b34   Section        0  DRVSPI_drvspi_f072.o(i.DrvSPI_EnableInt)
    i.DrvSPI_Open                            0x00000b68   Section        0  DRVSPI_drvspi_f072.o(i.DrvSPI_Open)
    i.DrvSYS_ResetIP                         0x00000bc8   Section        0  DRVTIMER_drvtimer.o(i.DrvSYS_ResetIP)
    DrvSYS_ResetIP                           0x00000bc9   Thumb Code    10  DRVTIMER_drvtimer.o(i.DrvSYS_ResetIP)
    i.DrvSYS_UnlockKeyReg                    0x00000bd8   Section        0  DRVSYS_drvsys.o(i.DrvSYS_UnlockKeyReg)
    i.DrvTimer_CloseTmr2                     0x00000bec   Section        0  DRVTIMER_drvtimer.o(i.DrvTimer_CloseTmr2)
    DrvTimer_CloseTmr2                       0x00000bed   Thumb Code    16  DRVTIMER_drvtimer.o(i.DrvTimer_CloseTmr2)
    i.DrvTimer_OpenTmr2                      0x00000bfc   Section        0  DRVTIMER_drvtimer.o(i.DrvTimer_OpenTmr2)
    DrvTimer_OpenTmr2                        0x00000bfd   Thumb Code    34  DRVTIMER_drvtimer.o(i.DrvTimer_OpenTmr2)
    i.DrvTimer_WaitMillisecondTmr2           0x00000c24   Section        0  DRVTIMER_drvtimer.o(i.DrvTimer_WaitMillisecondTmr2)
    i.NVIC_DisableIRQ                        0x00000c5c   Section        0  DRVSPI_drvspi_f072.o(i.NVIC_DisableIRQ)
    NVIC_DisableIRQ                          0x00000c5d   Thumb Code    20  DRVSPI_drvspi_f072.o(i.NVIC_DisableIRQ)
    STACK                                    0x20000000   Section      768  startup_n572_keil.o(STACK)
    Stack_Mem                                0x20000000   Data         768  startup_n572_keil.o(STACK)
    .data                                    0x20000300   Section        2  adc.o(.data)
    __initial_sp                             0x20000300   Data           0  startup_n572_keil.o(STACK)
    adcSampleMicrophone                      0x20000300   Data           2  adc.o(.data)
    .data                                    0x20000302   Section        2  DRVADC_drvadc.o(.data)
    .bss                                     0x20000304   Section       96  libspace.o(.bss)
    HEAP                                     0x20000368   Section      256  startup_n572_keil.o(HEAP)
    Heap_Mem                                 0x20000368   Data         256  startup_n572_keil.o(HEAP)
    .ARM.__AT_0x40004000                     0x40004000   Section        4  sfr.o(.ARM.__AT_0x40004000)
    .ARM.__AT_0x40008000                     0x40008000   Section        4  sfr.o(.ARM.__AT_0x40008000)
    .ARM.__AT_0x40010000                     0x40010000   Section       16  sfr.o(.ARM.__AT_0x40010000)
    .ARM.__AT_0x40010020                     0x40010020   Section       16  sfr.o(.ARM.__AT_0x40010020)
    .ARM.__AT_0x40010030                     0x40010030   Section        4  sfr.o(.ARM.__AT_0x40010030)
    .ARM.__AT_0x40010034                     0x40010034   Section        4  sfr.o(.ARM.__AT_0x40010034)
    .ARM.__AT_0x40010040                     0x40010040   Section       16  sfr.o(.ARM.__AT_0x40010040)
    .ARM.__AT_0x40030000                     0x40030000   Section       52  sfr.o(.ARM.__AT_0x40030000)
    .ARM.__AT_0x40034000                     0x40034000   Section       52  sfr.o(.ARM.__AT_0x40034000)
    .ARM.__AT_0x40040000                     0x40040000   Section      128  sfr.o(.ARM.__AT_0x40040000)
    .ARM.__AT_0x400E0000                     0x400e0000   Section       68  sfr.o(.ARM.__AT_0x400E0000)
    .ARM.__AT_0x50000000                     0x50000000   Section      308  sfr.o(.ARM.__AT_0x50000000)
    .ARM.__AT_0x50000200                     0x50000200   Section       36  sfr.o(.ARM.__AT_0x50000200)
    .ARM.__AT_0x50000300                     0x50000300   Section      136  sfr.o(.ARM.__AT_0x50000300)
    .ARM.__AT_0x50004000                     0x50004000   Section       36  sfr.o(.ARM.__AT_0x50004000)
    .ARM.__AT_0x50004040                     0x50004040   Section       36  sfr.o(.ARM.__AT_0x50004040)
    .ARM.__AT_0x50008000                     0x50008000   Section       48  sfr.o(.ARM.__AT_0x50008000)
    .ARM.__AT_0x5000C000                     0x5000c000   Section       20  sfr.o(.ARM.__AT_0x5000C000)

    Global Symbols

    Symbol Name                              Value     Ov Type        Size  Object(Section)

    BuildAttributes$$THM_ISAv3M$S$PE$A:L22$X:L11$S22$IEEE1$IW$USESV6$~STKCKD$USESV7$~SHL$OSPACE$ROPI$EBA8$UX$STANDARDLIB$REQ8$PRES8$EABIv2 0x00000000   Number         0  anon$$obj.o ABSOLUTE
    __ARM_use_no_argv                        0x00000000   Number         0  main.o ABSOLUTE
    __Vectors                                0x00000000   Data           4  startup_n572_keil.o(RESET)
    __ARM_exceptions_init                     - Undefined Weak Reference
    __alloca_initialize                       - Undefined Weak Reference
    __arm_preinit_                            - Undefined Weak Reference
    __cpp_initialize__aeabi_                  - Undefined Weak Reference
    __cxa_finalize                            - Undefined Weak Reference
    __rt_locale                               - Undefined Weak Reference
    __sigvec_lookup                           - Undefined Weak Reference
    _atexit_init                              - Undefined Weak Reference
    _call_atexit_fns                          - Undefined Weak Reference
    _clock_init                               - Undefined Weak Reference
    _fp_trap_init                             - Undefined Weak Reference
    _fp_trap_shutdown                         - Undefined Weak Reference
    _get_lc_collate                           - Undefined Weak Reference
    _get_lc_ctype                             - Undefined Weak Reference
    _get_lc_monetary                          - Undefined Weak Reference
    _get_lc_numeric                           - Undefined Weak Reference
    _get_lc_time                              - Undefined Weak Reference
    _getenv_init                              - Undefined Weak Reference
    _handle_redirection                       - Undefined Weak Reference
    _init_alloc                               - Undefined Weak Reference
    _init_user_alloc                          - Undefined Weak Reference
    _initio                                   - Undefined Weak Reference
    _rand_init                                - Undefined Weak Reference
    _signal_finish                            - Undefined Weak Reference
    _signal_init                              - Undefined Weak Reference
    _terminate_alloc                          - Undefined Weak Reference
    _terminate_user_alloc                     - Undefined Weak Reference
    _terminateio                              - Undefined Weak Reference
    __main                                   0x0000007d   Thumb Code     8  __main.o(!!!main)
    __scatterload                            0x00000085   Thumb Code     0  __scatter.o(!!!scatter)
    __scatterload_rt2                        0x00000085   Thumb Code    52  __scatter.o(!!!scatter)
    __scatterload_rt2_thumb_only             0x00000085   Thumb Code     0  __scatter.o(!!!scatter)
    __scatterload_null                       0x00000095   Thumb Code     0  __scatter.o(!!!scatter)
    __scatterload_copy                       0x000000c1   Thumb Code    26  __scatter_copy.o(!!handler_copy)
    __scatterload_zeroinit                   0x000000dd   Thumb Code    28  __scatter_zi.o(!!handler_zi)
    __rt_lib_init                            0x000000f9   Thumb Code     0  libinit.o(.ARM.Collect$$libinit$$00000000)
    __rt_lib_init_alloca_1                   0x000000fb   Thumb Code     0  libinit2.o(.ARM.Collect$$libinit$$0000002E)
    __rt_lib_init_argv_1                     0x000000fb   Thumb Code     0  libinit2.o(.ARM.Collect$$libinit$$0000002C)
    __rt_lib_init_atexit_1                   0x000000fb   Thumb Code     0  libinit2.o(.ARM.Collect$$libinit$$0000001B)
    __rt_lib_init_clock_1                    0x000000fb   Thumb Code     0  libinit2.o(.ARM.Collect$$libinit$$00000021)
    __rt_lib_init_cpp_1                      0x000000fb   Thumb Code     0  libinit2.o(.ARM.Collect$$libinit$$00000032)
    __rt_lib_init_exceptions_1               0x000000fb   Thumb Code     0  libinit2.o(.ARM.Collect$$libinit$$00000030)
    __rt_lib_init_fp_1                       0x000000fb   Thumb Code     0  libinit2.o(.ARM.Collect$$libinit$$00000002)
    __rt_lib_init_fp_trap_1                  0x000000fb   Thumb Code     0  libinit2.o(.ARM.Collect$$libinit$$0000001F)
    __rt_lib_init_getenv_1                   0x000000fb   Thumb Code     0  libinit2.o(.ARM.Collect$$libinit$$00000023)
    __rt_lib_init_heap_1                     0x000000fb   Thumb Code     0  libinit2.o(.ARM.Collect$$libinit$$0000000A)
    __rt_lib_init_lc_collate_1               0x000000fb   Thumb Code     0  libinit2.o(.ARM.Collect$$libinit$$00000011)
    __rt_lib_init_lc_ctype_1                 0x000000fb   Thumb Code     0  libinit2.o(.ARM.Collect$$libinit$$00000013)
    __rt_lib_init_lc_monetary_1              0x000000fb   Thumb Code     0  libinit2.o(.ARM.Collect$$libinit$$00000015)
    __rt_lib_init_lc_numeric_1               0x000000fb   Thumb Code     0  libinit2.o(.ARM.Collect$$libinit$$00000017)
    __rt_lib_init_lc_time_1                  0x000000fb   Thumb Code     0  libinit2.o(.ARM.Collect$$libinit$$00000019)
    __rt_lib_init_preinit_1                  0x000000fb   Thumb Code     0  libinit2.o(.ARM.Collect$$libinit$$00000004)
    __rt_lib_init_rand_1                     0x000000fb   Thumb Code     0  libinit2.o(.ARM.Collect$$libinit$$0000000E)
    __rt_lib_init_return                     0x000000fb   Thumb Code     0  libinit2.o(.ARM.Collect$$libinit$$00000033)
    __rt_lib_init_signal_1                   0x000000fb   Thumb Code     0  libinit2.o(.ARM.Collect$$libinit$$0000001D)
    __rt_lib_init_stdio_1                    0x000000fb   Thumb Code     0  libinit2.o(.ARM.Collect$$libinit$$00000025)
    __rt_lib_init_user_alloc_1               0x000000fb   Thumb Code     0  libinit2.o(.ARM.Collect$$libinit$$0000000C)
    __rt_lib_shutdown                        0x000000fd   Thumb Code     0  libshutdown.o(.ARM.Collect$$libshutdown$$00000000)
    __rt_lib_shutdown_cpp_1                  0x000000ff   Thumb Code     0  libshutdown2.o(.ARM.Collect$$libshutdown$$00000002)
    __rt_lib_shutdown_fp_trap_1              0x000000ff   Thumb Code     0  libshutdown2.o(.ARM.Collect$$libshutdown$$00000007)
    __rt_lib_shutdown_heap_1                 0x000000ff   Thumb Code     0  libshutdown2.o(.ARM.Collect$$libshutdown$$0000000F)
    __rt_lib_shutdown_return                 0x000000ff   Thumb Code     0  libshutdown2.o(.ARM.Collect$$libshutdown$$00000010)
    __rt_lib_shutdown_signal_1               0x000000ff   Thumb Code     0  libshutdown2.o(.ARM.Collect$$libshutdown$$0000000A)
    __rt_lib_shutdown_stdio_1                0x000000ff   Thumb Code     0  libshutdown2.o(.ARM.Collect$$libshutdown$$00000004)
    __rt_lib_shutdown_user_alloc_1           0x000000ff   Thumb Code     0  libshutdown2.o(.ARM.Collect$$libshutdown$$0000000C)
    __rt_entry                               0x00000101   Thumb Code     0  __rtentry.o(.ARM.Collect$$rtentry$$00000000)
    __rt_entry_presh_1                       0x00000101   Thumb Code     0  __rtentry2.o(.ARM.Collect$$rtentry$$00000002)
    __rt_entry_sh                            0x00000101   Thumb Code     0  __rtentry4.o(.ARM.Collect$$rtentry$$00000004)
    __rt_entry_li                            0x00000107   Thumb Code     0  __rtentry2.o(.ARM.Collect$$rtentry$$0000000A)
    __rt_entry_postsh_1                      0x00000107   Thumb Code     0  __rtentry2.o(.ARM.Collect$$rtentry$$00000009)
    __rt_entry_main                          0x0000010b   Thumb Code     0  __rtentry2.o(.ARM.Collect$$rtentry$$0000000D)
    __rt_entry_postli_1                      0x0000010b   Thumb Code     0  __rtentry2.o(.ARM.Collect$$rtentry$$0000000C)
    __rt_exit                                0x00000113   Thumb Code     0  rtexit.o(.ARM.Collect$$rtexit$$00000000)
    __rt_exit_ls                             0x00000115   Thumb Code     0  rtexit2.o(.ARM.Collect$$rtexit$$00000003)
    __rt_exit_prels_1                        0x00000115   Thumb Code     0  rtexit2.o(.ARM.Collect$$rtexit$$00000002)
    __rt_exit_exit                           0x00000119   Thumb Code     0  rtexit2.o(.ARM.Collect$$rtexit$$00000004)
    adcClockInit                             0x00000121   Thumb Code    92  main.o(.text)
    clkInit                                  0x0000017d   Thumb Code    66  main.o(.text)
    gpioInit                                 0x000001bf   Thumb Code    50  main.o(.text)
    main                                     0x000001f1   Thumb Code    64  main.o(.text)
    ADC_IRQHandler                           0x00000313   Thumb Code    22  adc.o(.text)
    init_ADC                                 0x00000329   Thumb Code   272  adc.o(.text)
    start_ADC                                0x00000439   Thumb Code    56  adc.o(.text)
    adcGetMicrophone                         0x00000471   Thumb Code    12  adc.o(.text)
    spiSlave_Init                            0x000004c1   Thumb Code   116  spi.o(.text)
    spiSlave_Close                           0x00000535   Thumb Code    10  spi.o(.text)
    spiSlave_Write8                          0x0000053f   Thumb Code    20  spi.o(.text)
    SPI1_IRQHandler                          0x00000561   Thumb Code    54  spi.o(.text)
    spiMaster_Init                           0x00000597   Thumb Code   110  spi.o(.text)
    spiMaster_Close                          0x00000605   Thumb Code    10  spi.o(.text)
    spiMaster_Write8                         0x0000061d   Thumb Code    20  spi.o(.text)
    spiHeadHandler                           0x00000631   Thumb Code   138  spi.o(.text)
    Reset_Handler                            0x000006f5   Thumb Code     4  startup_n572_keil.o(.text)
    NMI_Handler                              0x000006f9   Thumb Code     2  startup_n572_keil.o(.text)
    HardFault_Handler                        0x000006fb   Thumb Code     2  startup_n572_keil.o(.text)
    SVC_Handler                              0x000006fd   Thumb Code     2  startup_n572_keil.o(.text)
    PendSV_Handler                           0x000006ff   Thumb Code     2  startup_n572_keil.o(.text)
    SysTick_Handler                          0x00000701   Thumb Code     2  startup_n572_keil.o(.text)
    APU_IRQHandler                           0x00000703   Thumb Code     0  startup_n572_keil.o(.text)
    EXINT_IRQHandler                         0x00000703   Thumb Code     0  startup_n572_keil.o(.text)
    GPAB_IRQHandler                          0x00000703   Thumb Code     0  startup_n572_keil.o(.text)
    PWM0_IRQHandler                          0x00000703   Thumb Code     0  startup_n572_keil.o(.text)
    PWRWU_IRQHandler                         0x00000703   Thumb Code     0  startup_n572_keil.o(.text)
    RTC_IRQHandler                           0x00000703   Thumb Code     0  startup_n572_keil.o(.text)
    SPI0_IRQHandler                          0x00000703   Thumb Code     0  startup_n572_keil.o(.text)
    TMR0_IRQHandler                          0x00000703   Thumb Code     0  startup_n572_keil.o(.text)
    TMR1_IRQHandler                          0x00000703   Thumb Code     0  startup_n572_keil.o(.text)
    TMR2_IRQHandler                          0x00000703   Thumb Code     0  startup_n572_keil.o(.text)
    TMRF_IRQHandler                          0x00000703   Thumb Code     0  startup_n572_keil.o(.text)
    USB_IRQHandler                           0x00000703   Thumb Code     0  startup_n572_keil.o(.text)
    WDT_IRQHandler                           0x00000703   Thumb Code     0  startup_n572_keil.o(.text)
    __user_initial_stackheap                 0x00000705   Thumb Code     0  startup_n572_keil.o(.text)
    __aeabi_uidiv                            0x00000725   Thumb Code     0  aeabi_sdiv.o(.text)
    __aeabi_uidivmod                         0x00000725   Thumb Code    20  aeabi_sdiv.o(.text)
    __aeabi_idiv                             0x00000739   Thumb Code     0  aeabi_sdiv.o(.text)
    __aeabi_idivmod                          0x00000739   Thumb Code   326  aeabi_sdiv.o(.text)
    __use_two_region_memory                  0x0000087f   Thumb Code     2  heapauxi.o(.text)
    __rt_heap_escrow$2region                 0x00000881   Thumb Code     2  heapauxi.o(.text)
    __rt_heap_expand$2region                 0x00000883   Thumb Code     2  heapauxi.o(.text)
    __user_setup_stackheap                   0x00000885   Thumb Code    62  sys_stackheap_outer.o(.text)
    exit                                     0x000008c3   Thumb Code    16  exit.o(.text)
    __user_libspace                          0x000008d5   Thumb Code     8  libspace.o(.text)
    __user_perproc_libspace                  0x000008d5   Thumb Code     0  libspace.o(.text)
    __user_perthread_libspace                0x000008d5   Thumb Code     0  libspace.o(.text)
    _sys_exit                                0x000008dd   Thumb Code     8  sys_exit.o(.text)
    __I$use$semihosting                      0x000008e9   Thumb Code     0  use_no_semi.o(.text)
    __use_no_semihosting_swi                 0x000008e9   Thumb Code     2  use_no_semi.o(.text)
    __semihosting_library_function           0x000008eb   Thumb Code     0  indicate_semi.o(.text)
    DrvADC_AnalysisAdcCalibration            0x000008ed   Thumb Code   228  DRVADC_drvadc.o(i.DrvADC_AnalysisAdcCalibration)
    DrvADC_Open                              0x00000a05   Thumb Code    22  DRVADC_drvadc.o(i.DrvADC_Open)
    DrvCLK_GetHclk                           0x00000a59   Thumb Code    52  DRVCLK_drvclk_f072.o(i.DrvCLK_GetHclk)
    DrvCLK_GetPLLOutput                      0x00000a99   Thumb Code    18  DRVCLK_drvclk_f072.o(i.DrvCLK_GetPLLOutput)
    DrvCLK_GetSrcClkAdc                      0x00000ab9   Thumb Code    32  DRVCLK_drvclk_f072.o(i.DrvCLK_GetSrcClkAdc)
    DrvCLK_GetTimerClk                       0x00000ae1   Thumb Code    34  DRVCLK_drvclk_f072.o(i.DrvCLK_GetTimerClk)
    DrvSPI_Close                             0x00000b09   Thumb Code    34  DRVSPI_drvspi_f072.o(i.DrvSPI_Close)
    DrvSPI_EnableInt                         0x00000b35   Thumb Code    42  DRVSPI_drvspi_f072.o(i.DrvSPI_EnableInt)
    DrvSPI_Open                              0x00000b69   Thumb Code    78  DRVSPI_drvspi_f072.o(i.DrvSPI_Open)
    DrvSYS_UnlockKeyReg                      0x00000bd9   Thumb Code    16  DRVSYS_drvsys.o(i.DrvSYS_UnlockKeyReg)
    DrvTimer_WaitMillisecondTmr2             0x00000c25   Thumb Code    52  DRVTIMER_drvtimer.o(i.DrvTimer_WaitMillisecondTmr2)
    Region$$Table$$Base                      0x00000c74   Number         0  anon$$obj.o(Region$$Table)
    Region$$Table$$Limit                     0x00000ca4   Number         0  anon$$obj.o(Region$$Table)
    g_i16AveCalibrationValue                 0x20000302   Data           2  DRVADC_drvadc.o(.data)
    __libspace_start                         0x20000304   Data          96  libspace.o(.bss)
    __temporary_stack_top$libspace           0x20000364   Data           0  libspace.o(.bss)
    WDT                                      0x40004000   Data           4  sfr.o(.ARM.__AT_0x40004000)
    RTC                                      0x40008000   Data           4  sfr.o(.ARM.__AT_0x40008000)
    TMR0                                     0x40010000   Data          16  sfr.o(.ARM.__AT_0x40010000)
    TMR1                                     0x40010020   Data          16  sfr.o(.ARM.__AT_0x40010020)
    TMRF                                     0x40010030   Data           4  sfr.o(.ARM.__AT_0x40010030)
    TMRIR                                    0x40010034   Data           4  sfr.o(.ARM.__AT_0x40010034)
    TMR2                                     0x40010040   Data          16  sfr.o(.ARM.__AT_0x40010040)
    SPI0                                     0x40030000   Data          52  sfr.o(.ARM.__AT_0x40030000)
    SPI1                                     0x40034000   Data          52  sfr.o(.ARM.__AT_0x40034000)
    PWM                                      0x40040000   Data         128  sfr.o(.ARM.__AT_0x40040000)
    ADC                                      0x400e0000   Data          68  sfr.o(.ARM.__AT_0x400E0000)
    SYS                                      0x50000000   Data         308  sfr.o(.ARM.__AT_0x50000000)
    CLK                                      0x50000200   Data          36  sfr.o(.ARM.__AT_0x50000200)
    SYSINT                                   0x50000300   Data         136  sfr.o(.ARM.__AT_0x50000300)
    GPIOA                                    0x50004000   Data          36  sfr.o(.ARM.__AT_0x50004000)
    GPIOB                                    0x50004040   Data          36  sfr.o(.ARM.__AT_0x50004040)
    APU                                      0x50008000   Data          48  sfr.o(.ARM.__AT_0x50008000)
    FMC                                      0x5000c000   Data          20  sfr.o(.ARM.__AT_0x5000C000)



==============================================================================

Memory Map of the image

  Image Entry point : 0x000006f5

  Load Region _ROM (Base: 0x00000000, Size: 0x00000ca8, Max: 0x00012000, ABSOLUTE)

    Execution Region _RESET (Base: 0x00000000, Size: 0x0000007c, Max: 0xffffffff, ABSOLUTE)

    Base Addr    Size         Type   Attr      Idx    E Section Name        Object

    0x00000000   0x0000007c   Data   RO          278    RESET               startup_n572_keil.o


    Execution Region _CODE (Base: 0x0000007c, Size: 0x00000c28, Max: 0xffffffff, ABSOLUTE)

    Base Addr    Size         Type   Attr      Idx    E Section Name        Object

    0x0000007c   0x00000008   Code   RO          972  * !!!main             c_p.l(__main.o)
    0x00000084   0x0000003c   Code   RO         1141    !!!scatter          c_p.l(__scatter.o)
    0x000000c0   0x0000001a   Code   RO         1143    !!handler_copy      c_p.l(__scatter_copy.o)
    0x000000da   0x00000002   PAD
    0x000000dc   0x0000001c   Code   RO         1145    !!handler_zi        c_p.l(__scatter_zi.o)
    0x000000f8   0x00000002   Code   RO         1010    .ARM.Collect$$libinit$$00000000  c_p.l(libinit.o)
    0x000000fa   0x00000000   Code   RO         1024    .ARM.Collect$$libinit$$00000002  c_p.l(libinit2.o)
    0x000000fa   0x00000000   Code   RO         1026    .ARM.Collect$$libinit$$00000004  c_p.l(libinit2.o)
    0x000000fa   0x00000000   Code   RO         1029    .ARM.Collect$$libinit$$0000000A  c_p.l(libinit2.o)
    0x000000fa   0x00000000   Code   RO         1031    .ARM.Collect$$libinit$$0000000C  c_p.l(libinit2.o)
    0x000000fa   0x00000000   Code   RO         1033    .ARM.Collect$$libinit$$0000000E  c_p.l(libinit2.o)
    0x000000fa   0x00000000   Code   RO         1036    .ARM.Collect$$libinit$$00000011  c_p.l(libinit2.o)
    0x000000fa   0x00000000   Code   RO         1038    .ARM.Collect$$libinit$$00000013  c_p.l(libinit2.o)
    0x000000fa   0x00000000   Code   RO         1040    .ARM.Collect$$libinit$$00000015  c_p.l(libinit2.o)
    0x000000fa   0x00000000   Code   RO         1042    .ARM.Collect$$libinit$$00000017  c_p.l(libinit2.o)
    0x000000fa   0x00000000   Code   RO         1044    .ARM.Collect$$libinit$$00000019  c_p.l(libinit2.o)
    0x000000fa   0x00000000   Code   RO         1046    .ARM.Collect$$libinit$$0000001B  c_p.l(libinit2.o)
    0x000000fa   0x00000000   Code   RO         1048    .ARM.Collect$$libinit$$0000001D  c_p.l(libinit2.o)
    0x000000fa   0x00000000   Code   RO         1050    .ARM.Collect$$libinit$$0000001F  c_p.l(libinit2.o)
    0x000000fa   0x00000000   Code   RO         1052    .ARM.Collect$$libinit$$00000021  c_p.l(libinit2.o)
    0x000000fa   0x00000000   Code   RO         1054    .ARM.Collect$$libinit$$00000023  c_p.l(libinit2.o)
    0x000000fa   0x00000000   Code   RO         1056    .ARM.Collect$$libinit$$00000025  c_p.l(libinit2.o)
    0x000000fa   0x00000000   Code   RO         1060    .ARM.Collect$$libinit$$0000002C  c_p.l(libinit2.o)
    0x000000fa   0x00000000   Code   RO         1062    .ARM.Collect$$libinit$$0000002E  c_p.l(libinit2.o)
    0x000000fa   0x00000000   Code   RO         1064    .ARM.Collect$$libinit$$00000030  c_p.l(libinit2.o)
    0x000000fa   0x00000000   Code   RO         1066    .ARM.Collect$$libinit$$00000032  c_p.l(libinit2.o)
    0x000000fa   0x00000002   Code   RO         1067    .ARM.Collect$$libinit$$00000033  c_p.l(libinit2.o)
    0x000000fc   0x00000002   Code   RO         1098    .ARM.Collect$$libshutdown$$00000000  c_p.l(libshutdown.o)
    0x000000fe   0x00000000   Code   RO         1124    .ARM.Collect$$libshutdown$$00000002  c_p.l(libshutdown2.o)
    0x000000fe   0x00000000   Code   RO         1126    .ARM.Collect$$libshutdown$$00000004  c_p.l(libshutdown2.o)
    0x000000fe   0x00000000   Code   RO         1129    .ARM.Collect$$libshutdown$$00000007  c_p.l(libshutdown2.o)
    0x000000fe   0x00000000   Code   RO         1132    .ARM.Collect$$libshutdown$$0000000A  c_p.l(libshutdown2.o)
    0x000000fe   0x00000000   Code   RO         1134    .ARM.Collect$$libshutdown$$0000000C  c_p.l(libshutdown2.o)
    0x000000fe   0x00000000   Code   RO         1137    .ARM.Collect$$libshutdown$$0000000F  c_p.l(libshutdown2.o)
    0x000000fe   0x00000002   Code   RO         1138    .ARM.Collect$$libshutdown$$00000010  c_p.l(libshutdown2.o)
    0x00000100   0x00000000   Code   RO          974    .ARM.Collect$$rtentry$$00000000  c_p.l(__rtentry.o)
    0x00000100   0x00000000   Code   RO          980    .ARM.Collect$$rtentry$$00000002  c_p.l(__rtentry2.o)
    0x00000100   0x00000006   Code   RO          992    .ARM.Collect$$rtentry$$00000004  c_p.l(__rtentry4.o)
    0x00000106   0x00000000   Code   RO          982    .ARM.Collect$$rtentry$$00000009  c_p.l(__rtentry2.o)
    0x00000106   0x00000004   Code   RO          983    .ARM.Collect$$rtentry$$0000000A  c_p.l(__rtentry2.o)
    0x0000010a   0x00000000   Code   RO          985    .ARM.Collect$$rtentry$$0000000C  c_p.l(__rtentry2.o)
    0x0000010a   0x00000008   Code   RO          986    .ARM.Collect$$rtentry$$0000000D  c_p.l(__rtentry2.o)
    0x00000112   0x00000002   Code   RO         1015    .ARM.Collect$$rtexit$$00000000  c_p.l(rtexit.o)
    0x00000114   0x00000000   Code   RO         1071    .ARM.Collect$$rtexit$$00000002  c_p.l(rtexit2.o)
    0x00000114   0x00000004   Code   RO         1072    .ARM.Collect$$rtexit$$00000003  c_p.l(rtexit2.o)
    0x00000118   0x00000006   Code   RO         1073    .ARM.Collect$$rtexit$$00000004  c_p.l(rtexit2.o)
    0x0000011e   0x00000002   PAD
    0x00000120   0x000001a4   Code   RO           77    .text               main.o
    0x000002c4   0x000001fc   Code   RO          193    .text               adc.o
    0x000004c0   0x00000234   Code   RO          231    .text               spi.o
    0x000006f4   0x00000030   Code   RO          279  * .text               startup_n572_keil.o
    0x00000724   0x0000015a   Code   RO          966    .text               c_p.l(aeabi_sdiv.o)
    0x0000087e   0x00000006   Code   RO          970    .text               c_p.l(heapauxi.o)
    0x00000884   0x0000003e   Code   RO          996    .text               c_p.l(sys_stackheap_outer.o)
    0x000008c2   0x00000010   Code   RO          999    .text               c_p.l(exit.o)
    0x000008d2   0x00000002   PAD
    0x000008d4   0x00000008   Code   RO         1011    .text               c_p.l(libspace.o)
    0x000008dc   0x0000000c   Code   RO         1068    .text               c_p.l(sys_exit.o)
    0x000008e8   0x00000002   Code   RO         1087    .text               c_p.l(use_no_semi.o)
    0x000008ea   0x00000000   Code   RO         1089    .text               c_p.l(indicate_semi.o)
    0x000008ea   0x00000002   PAD
    0x000008ec   0x000000f4   Code   RO          294    i.DrvADC_AnalysisAdcCalibration  Driver_F072_keil.lib(DRVADC_drvadc.o)
    0x000009e0   0x00000014   Code   RO          295    i.DrvADC_ClearAdcIntFlag  Driver_F072_keil.lib(DRVADC_drvadc.o)
    0x000009f4   0x00000010   Code   RO          298    i.DrvADC_GetConversionDataSigned  Driver_F072_keil.lib(DRVADC_drvadc.o)
    0x00000a04   0x00000020   Code   RO          300    i.DrvADC_Open       Driver_F072_keil.lib(DRVADC_drvadc.o)
    0x00000a24   0x00000010   Code   RO          782    i.DrvCLK_DisableApbDeviceClock  Driver_F072_keil.lib(DRVTIMER_drvtimer.o)
    0x00000a34   0x00000010   Code   RO          783    i.DrvCLK_EnableApbDeviceClock  Driver_F072_keil.lib(DRVTIMER_drvtimer.o)
    0x00000a44   0x00000014   Code   RO          786    i.DrvCLK_GetClkTmr2  Driver_F072_keil.lib(DRVTIMER_drvtimer.o)
    0x00000a58   0x00000040   Code   RO          434    i.DrvCLK_GetHclk    Driver_F072_keil.lib(DRVCLK_drvclk_f072.o)
    0x00000a98   0x00000020   Code   RO          435    i.DrvCLK_GetPLLOutput  Driver_F072_keil.lib(DRVCLK_drvclk_f072.o)
    0x00000ab8   0x00000028   Code   RO          436    i.DrvCLK_GetSrcClkAdc  Driver_F072_keil.lib(DRVCLK_drvclk_f072.o)
    0x00000ae0   0x00000028   Code   RO          437    i.DrvCLK_GetTimerClk  Driver_F072_keil.lib(DRVCLK_drvclk_f072.o)
    0x00000b08   0x0000002c   Code   RO          570    i.DrvSPI_Close      Driver_F072_keil.lib(DRVSPI_drvspi_f072.o)
    0x00000b34   0x00000034   Code   RO          572    i.DrvSPI_EnableInt  Driver_F072_keil.lib(DRVSPI_drvspi_f072.o)
    0x00000b68   0x00000060   Code   RO          574    i.DrvSPI_Open       Driver_F072_keil.lib(DRVSPI_drvspi_f072.o)
    0x00000bc8   0x00000010   Code   RO          787    i.DrvSYS_ResetIP    Driver_F072_keil.lib(DRVTIMER_drvtimer.o)
    0x00000bd8   0x00000014   Code   RO          691    i.DrvSYS_UnlockKeyReg  Driver_F072_keil.lib(DRVSYS_drvsys.o)
    0x00000bec   0x00000010   Code   RO          790    i.DrvTimer_CloseTmr2  Driver_F072_keil.lib(DRVTIMER_drvtimer.o)
    0x00000bfc   0x00000028   Code   RO          794    i.DrvTimer_OpenTmr2  Driver_F072_keil.lib(DRVTIMER_drvtimer.o)
    0x00000c24   0x00000038   Code   RO          800    i.DrvTimer_WaitMillisecondTmr2  Driver_F072_keil.lib(DRVTIMER_drvtimer.o)
    0x00000c5c   0x00000018   Code   RO          575    i.NVIC_DisableIRQ   Driver_F072_keil.lib(DRVSPI_drvspi_f072.o)
    0x00000c74   0x00000030   Data   RO         1139    Region$$Table       anon$$obj.o


    Execution Region _STACK (Base: 0x20000000, Size: 0x00000300, Max: 0x00000400, ABSOLUTE, UNINIT)

    Base Addr    Size         Type   Attr      Idx    E Section Name        Object

    0x20000000   0x00000300   Zero   RW          276    STACK               startup_n572_keil.o


    Execution Region _SRAM (Base: 0x20000300, Size: 0x00000064, Max: 0x00001c00, ABSOLUTE)

    Base Addr    Size         Type   Attr      Idx    E Section Name        Object

    0x20000300   0x00000002   Data   RW          194    .data               adc.o
    0x20000302   0x00000002   Data   RW          301    .data               Driver_F072_keil.lib(DRVADC_drvadc.o)
    0x20000304   0x00000060   Zero   RW         1012    .bss                c_p.l(libspace.o)


    Execution Region _HEAP (Base: 0x20000364, Size: 0x00000104, Max: 0xffffffff, ABSOLUTE)

    Base Addr    Size         Type   Attr      Idx    E Section Name        Object

    0x20000364   0x00000004   PAD
    0x20000368   0x00000100   Zero   RW          277    HEAP                startup_n572_keil.o



  Load Region LR$$.ARM.__AT_0x40004000 (Base: 0x40004000, Size: 0x00000000, Max: 0x00000004, ABSOLUTE)

    Execution Region ER$$.ARM.__AT_0x40004000 (Base: 0x40004000, Size: 0x00000004, Max: 0x00000004, ABSOLUTE, UNINIT)

    Base Addr    Size         Type   Attr      Idx    E Section Name        Object

    0x40004000   0x00000004   Zero   RW            1    .ARM.__AT_0x40004000  sfr.o



  Load Region LR$$.ARM.__AT_0x40008000 (Base: 0x40008000, Size: 0x00000000, Max: 0x00000004, ABSOLUTE)

    Execution Region ER$$.ARM.__AT_0x40008000 (Base: 0x40008000, Size: 0x00000004, Max: 0x00000004, ABSOLUTE, UNINIT)

    Base Addr    Size         Type   Attr      Idx    E Section Name        Object

    0x40008000   0x00000004   Zero   RW            2    .ARM.__AT_0x40008000  sfr.o



  Load Region LR$$.ARM.__AT_0x40010000 (Base: 0x40010000, Size: 0x00000000, Max: 0x00000010, ABSOLUTE)

    Execution Region ER$$.ARM.__AT_0x40010000 (Base: 0x40010000, Size: 0x00000010, Max: 0x00000010, ABSOLUTE, UNINIT)

    Base Addr    Size         Type   Attr      Idx    E Section Name        Object

    0x40010000   0x00000010   Zero   RW            3    .ARM.__AT_0x40010000  sfr.o



  Load Region LR$$.ARM.__AT_0x40010020 (Base: 0x40010020, Size: 0x00000000, Max: 0x00000010, ABSOLUTE)

    Execution Region ER$$.ARM.__AT_0x40010020 (Base: 0x40010020, Size: 0x00000010, Max: 0x00000010, ABSOLUTE, UNINIT)

    Base Addr    Size         Type   Attr      Idx    E Section Name        Object

    0x40010020   0x00000010   Zero   RW            4    .ARM.__AT_0x40010020  sfr.o



  Load Region LR$$.ARM.__AT_0x40010030 (Base: 0x40010030, Size: 0x00000000, Max: 0x00000004, ABSOLUTE)

    Execution Region ER$$.ARM.__AT_0x40010030 (Base: 0x40010030, Size: 0x00000004, Max: 0x00000004, ABSOLUTE, UNINIT)

    Base Addr    Size         Type   Attr      Idx    E Section Name        Object

    0x40010030   0x00000004   Zero   RW            5    .ARM.__AT_0x40010030  sfr.o



  Load Region LR$$.ARM.__AT_0x40010034 (Base: 0x40010034, Size: 0x00000000, Max: 0x00000004, ABSOLUTE)

    Execution Region ER$$.ARM.__AT_0x40010034 (Base: 0x40010034, Size: 0x00000004, Max: 0x00000004, ABSOLUTE, UNINIT)

    Base Addr    Size         Type   Attr      Idx    E Section Name        Object

    0x40010034   0x00000004   Zero   RW            6    .ARM.__AT_0x40010034  sfr.o



  Load Region LR$$.ARM.__AT_0x40010040 (Base: 0x40010040, Size: 0x00000000, Max: 0x00000010, ABSOLUTE)

    Execution Region ER$$.ARM.__AT_0x40010040 (Base: 0x40010040, Size: 0x00000010, Max: 0x00000010, ABSOLUTE, UNINIT)

    Base Addr    Size         Type   Attr      Idx    E Section Name        Object

    0x40010040   0x00000010   Zero   RW            7    .ARM.__AT_0x40010040  sfr.o



  Load Region LR$$.ARM.__AT_0x40030000 (Base: 0x40030000, Size: 0x00000000, Max: 0x00000034, ABSOLUTE)

    Execution Region ER$$.ARM.__AT_0x40030000 (Base: 0x40030000, Size: 0x00000034, Max: 0x00000034, ABSOLUTE, UNINIT)

    Base Addr    Size         Type   Attr      Idx    E Section Name        Object

    0x40030000   0x00000034   Zero   RW            8    .ARM.__AT_0x40030000  sfr.o



  Load Region LR$$.ARM.__AT_0x40034000 (Base: 0x40034000, Size: 0x00000000, Max: 0x00000034, ABSOLUTE)

    Execution Region ER$$.ARM.__AT_0x40034000 (Base: 0x40034000, Size: 0x00000034, Max: 0x00000034, ABSOLUTE, UNINIT)

    Base Addr    Size         Type   Attr      Idx    E Section Name        Object

    0x40034000   0x00000034   Zero   RW            9    .ARM.__AT_0x40034000  sfr.o



  Load Region LR$$.ARM.__AT_0x40040000 (Base: 0x40040000, Size: 0x00000000, Max: 0x00000080, ABSOLUTE)

    Execution Region ER$$.ARM.__AT_0x40040000 (Base: 0x40040000, Size: 0x00000080, Max: 0x00000080, ABSOLUTE, UNINIT)

    Base Addr    Size         Type   Attr      Idx    E Section Name        Object

    0x40040000   0x00000080   Zero   RW           10    .ARM.__AT_0x40040000  sfr.o



  Load Region LR$$.ARM.__AT_0x400E0000 (Base: 0x400e0000, Size: 0x00000000, Max: 0x00000044, ABSOLUTE)

    Execution Region ER$$.ARM.__AT_0x400E0000 (Base: 0x400e0000, Size: 0x00000044, Max: 0x00000044, ABSOLUTE, UNINIT)

    Base Addr    Size         Type   Attr      Idx    E Section Name        Object

    0x400e0000   0x00000044   Zero   RW           11    .ARM.__AT_0x400E0000  sfr.o



  Load Region LR$$.ARM.__AT_0x50000000 (Base: 0x50000000, Size: 0x00000000, Max: 0x00000134, ABSOLUTE)

    Execution Region ER$$.ARM.__AT_0x50000000 (Base: 0x50000000, Size: 0x00000134, Max: 0x00000134, ABSOLUTE, UNINIT)

    Base Addr    Size         Type   Attr      Idx    E Section Name        Object

    0x50000000   0x00000134   Zero   RW           12    .ARM.__AT_0x50000000  sfr.o



  Load Region LR$$.ARM.__AT_0x50000200 (Base: 0x50000200, Size: 0x00000000, Max: 0x00000024, ABSOLUTE)

    Execution Region ER$$.ARM.__AT_0x50000200 (Base: 0x50000200, Size: 0x00000024, Max: 0x00000024, ABSOLUTE, UNINIT)

    Base Addr    Size         Type   Attr      Idx    E Section Name        Object

    0x50000200   0x00000024   Zero   RW           13    .ARM.__AT_0x50000200  sfr.o



  Load Region LR$$.ARM.__AT_0x50000300 (Base: 0x50000300, Size: 0x00000000, Max: 0x00000088, ABSOLUTE)

    Execution Region ER$$.ARM.__AT_0x50000300 (Base: 0x50000300, Size: 0x00000088, Max: 0x00000088, ABSOLUTE, UNINIT)

    Base Addr    Size         Type   Attr      Idx    E Section Name        Object

    0x50000300   0x00000088   Zero   RW           14    .ARM.__AT_0x50000300  sfr.o



  Load Region LR$$.ARM.__AT_0x50004000 (Base: 0x50004000, Size: 0x00000000, Max: 0x00000024, ABSOLUTE)

    Execution Region ER$$.ARM.__AT_0x50004000 (Base: 0x50004000, Size: 0x00000024, Max: 0x00000024, ABSOLUTE, UNINIT)

    Base Addr    Size         Type   Attr      Idx    E Section Name        Object

    0x50004000   0x00000024   Zero   RW           15    .ARM.__AT_0x50004000  sfr.o



  Load Region LR$$.ARM.__AT_0x50004040 (Base: 0x50004040, Size: 0x00000000, Max: 0x00000024, ABSOLUTE)

    Execution Region ER$$.ARM.__AT_0x50004040 (Base: 0x50004040, Size: 0x00000024, Max: 0x00000024, ABSOLUTE, UNINIT)

    Base Addr    Size         Type   Attr      Idx    E Section Name        Object

    0x50004040   0x00000024   Zero   RW           16    .ARM.__AT_0x50004040  sfr.o



  Load Region LR$$.ARM.__AT_0x50008000 (Base: 0x50008000, Size: 0x00000000, Max: 0x00000030, ABSOLUTE)

    Execution Region ER$$.ARM.__AT_0x50008000 (Base: 0x50008000, Size: 0x00000030, Max: 0x00000030, ABSOLUTE, UNINIT)

    Base Addr    Size         Type   Attr      Idx    E Section Name        Object

    0x50008000   0x00000030   Zero   RW           17    .ARM.__AT_0x50008000  sfr.o



  Load Region LR$$.ARM.__AT_0x5000C000 (Base: 0x5000c000, Size: 0x00000000, Max: 0x00000014, ABSOLUTE)

    Execution Region ER$$.ARM.__AT_0x5000C000 (Base: 0x5000c000, Size: 0x00000014, Max: 0x00000014, ABSOLUTE, UNINIT)

    Base Addr    Size         Type   Attr      Idx    E Section Name        Object

    0x5000c000   0x00000014   Zero   RW           18    .ARM.__AT_0x5000C000  sfr.o


==============================================================================

Image component sizes


      Code (inc. data)   RO Data    RW Data    ZI Data      Debug   Object Name

       508         16          0          2          0       9857   adc.o
       420         24          0          0          0      27737   main.o
         0          0          0          0        984      30893   sfr.o
       564         24          0          0          0      14358   spi.o
        48         22        124          0       1024        720   startup_n572_keil.o

    ----------------------------------------------------------------------
      1540         86        172          2       2008      83565   Object Totals
         0          0         48          0          0          0   (incl. Generated)
         0          0          0          0          0          0   (incl. Padding)

    ----------------------------------------------------------------------

      Code (inc. data)   RO Data    RW Data    ZI Data      Debug   Library Member Name

       312         38          0          2          0      19665   DRVADC_drvadc.o
       176         40          0          0          0       4514   DRVCLK_drvclk_f072.o
       216         42          0          0          0      19980   DRVSPI_drvspi_f072.o
        20          4          0          0          0        386   DRVSYS_drvsys.o
       180         32          0          0          0      16643   DRVTIMER_drvtimer.o
         8          0          0          0          0         68   __main.o
         0          0          0          0          0          0   __rtentry.o
        12          0          0          0          0          0   __rtentry2.o
         6          0          0          0          0          0   __rtentry4.o
        60          8          0          0          0          0   __scatter.o
        26          0          0          0          0          0   __scatter_copy.o
        28          0          0          0          0          0   __scatter_zi.o
       346          0          0          0          0         92   aeabi_sdiv.o
        16          0          0          0          0         68   exit.o
         6          0          0          0          0        136   heapauxi.o
         0          0          0          0          0          0   indicate_semi.o
         2          0          0          0          0          0   libinit.o
         2          0          0          0          0          0   libinit2.o
         2          0          0          0          0          0   libshutdown.o
         2          0          0          0          0          0   libshutdown2.o
         8          4          0          0         96         68   libspace.o
         2          0          0          0          0          0   rtexit.o
        10          0          0          0          0          0   rtexit2.o
        12          4          0          0          0         60   sys_exit.o
        62          0          0          0          0         80   sys_stackheap_outer.o
         2          0          0          0          0         68   use_no_semi.o

    ----------------------------------------------------------------------
      1524        172          0          2        100      61828   Library Totals
         8          0          0          0          4          0   (incl. Padding)

    ----------------------------------------------------------------------

      Code (inc. data)   RO Data    RW Data    ZI Data      Debug   Library Name

       904        156          0          2          0      61188   Driver_F072_keil.lib
       612         16          0          0         96        640   c_p.l

    ----------------------------------------------------------------------
      1524        172          0          2        100      61828   Library Totals

    ----------------------------------------------------------------------

==============================================================================


      Code (inc. data)   RO Data    RW Data    ZI Data      Debug   

      3064        258        172          4       2108     144325   Grand Totals
      3064        258        172          4       2108     144325   ELF Image Totals
      3064        258        172          4          0          0   ROM Totals

==============================================================================

    Total RO  Size (Code + RO Data)                 3236 (   3.16kB)
    Total RW  Size (RW Data + ZI Data)              2112 (   2.06kB)
    Total ROM Size (Code + RO Data + RW Data)       3240 (   3.16kB)

==============================================================================

